Archive member included to satisfy reference by file (symbol)

/Users/augustmason/Documents/gitHub/riptide_firmware/STM32/gcc-arm-none-eabi-6-2017-q2-update/bin/../lib/gcc/arm-none-eabi/6.3.1/../../../../arm-none-eabi/lib/thumb/v7e-m/fpv4-sp/hard/libc_nano.a(lib_a-exit.o)
                              /Users/augustmason/Documents/gitHub/riptide_firmware/STM32/gcc-arm-none-eabi-6-2017-q2-update/bin/../lib/gcc/arm-none-eabi/6.3.1/../../../../arm-none-eabi/lib/thumb/v7e-m/fpv4-sp/hard/crt0.o (exit)
/Users/augustmason/Documents/gitHub/riptide_firmware/STM32/gcc-arm-none-eabi-6-2017-q2-update/bin/../lib/gcc/arm-none-eabi/6.3.1/../../../../arm-none-eabi/lib/thumb/v7e-m/fpv4-sp/hard/libc_nano.a(lib_a-impure.o)
                              /Users/augustmason/Documents/gitHub/riptide_firmware/STM32/gcc-arm-none-eabi-6-2017-q2-update/bin/../lib/gcc/arm-none-eabi/6.3.1/../../../../arm-none-eabi/lib/thumb/v7e-m/fpv4-sp/hard/libc_nano.a(lib_a-exit.o) (_global_impure_ptr)
/Users/augustmason/Documents/gitHub/riptide_firmware/STM32/gcc-arm-none-eabi-6-2017-q2-update/bin/../lib/gcc/arm-none-eabi/6.3.1/../../../../arm-none-eabi/lib/thumb/v7e-m/fpv4-sp/hard/libc_nano.a(lib_a-init.o)
                              /Users/augustmason/Documents/gitHub/riptide_firmware/STM32/gcc-arm-none-eabi-6-2017-q2-update/bin/../lib/gcc/arm-none-eabi/6.3.1/../../../../arm-none-eabi/lib/thumb/v7e-m/fpv4-sp/hard/crt0.o (__libc_init_array)
/Users/augustmason/Documents/gitHub/riptide_firmware/STM32/gcc-arm-none-eabi-6-2017-q2-update/bin/../lib/gcc/arm-none-eabi/6.3.1/../../../../arm-none-eabi/lib/thumb/v7e-m/fpv4-sp/hard/libc_nano.a(lib_a-malloc.o)
                              build/usbd_cdc.o (malloc)
/Users/augustmason/Documents/gitHub/riptide_firmware/STM32/gcc-arm-none-eabi-6-2017-q2-update/bin/../lib/gcc/arm-none-eabi/6.3.1/../../../../arm-none-eabi/lib/thumb/v7e-m/fpv4-sp/hard/libc_nano.a(lib_a-memcpy-stub.o)
                              build/queue.o (memcpy)
/Users/augustmason/Documents/gitHub/riptide_firmware/STM32/gcc-arm-none-eabi-6-2017-q2-update/bin/../lib/gcc/arm-none-eabi/6.3.1/../../../../arm-none-eabi/lib/thumb/v7e-m/fpv4-sp/hard/libc_nano.a(lib_a-memset.o)
                              /Users/augustmason/Documents/gitHub/riptide_firmware/STM32/gcc-arm-none-eabi-6-2017-q2-update/bin/../lib/gcc/arm-none-eabi/6.3.1/../../../../arm-none-eabi/lib/thumb/v7e-m/fpv4-sp/hard/crt0.o (memset)
/Users/augustmason/Documents/gitHub/riptide_firmware/STM32/gcc-arm-none-eabi-6-2017-q2-update/bin/../lib/gcc/arm-none-eabi/6.3.1/../../../../arm-none-eabi/lib/thumb/v7e-m/fpv4-sp/hard/libc_nano.a(lib_a-nano-freer.o)
                              /Users/augustmason/Documents/gitHub/riptide_firmware/STM32/gcc-arm-none-eabi-6-2017-q2-update/bin/../lib/gcc/arm-none-eabi/6.3.1/../../../../arm-none-eabi/lib/thumb/v7e-m/fpv4-sp/hard/libc_nano.a(lib_a-malloc.o) (_free_r)
/Users/augustmason/Documents/gitHub/riptide_firmware/STM32/gcc-arm-none-eabi-6-2017-q2-update/bin/../lib/gcc/arm-none-eabi/6.3.1/../../../../arm-none-eabi/lib/thumb/v7e-m/fpv4-sp/hard/libc_nano.a(lib_a-nano-mallocr.o)
                              /Users/augustmason/Documents/gitHub/riptide_firmware/STM32/gcc-arm-none-eabi-6-2017-q2-update/bin/../lib/gcc/arm-none-eabi/6.3.1/../../../../arm-none-eabi/lib/thumb/v7e-m/fpv4-sp/hard/libc_nano.a(lib_a-malloc.o) (_malloc_r)
/Users/augustmason/Documents/gitHub/riptide_firmware/STM32/gcc-arm-none-eabi-6-2017-q2-update/bin/../lib/gcc/arm-none-eabi/6.3.1/../../../../arm-none-eabi/lib/thumb/v7e-m/fpv4-sp/hard/libc_nano.a(lib_a-sbrkr.o)
                              /Users/augustmason/Documents/gitHub/riptide_firmware/STM32/gcc-arm-none-eabi-6-2017-q2-update/bin/../lib/gcc/arm-none-eabi/6.3.1/../../../../arm-none-eabi/lib/thumb/v7e-m/fpv4-sp/hard/libc_nano.a(lib_a-nano-mallocr.o) (_sbrk_r)
/Users/augustmason/Documents/gitHub/riptide_firmware/STM32/gcc-arm-none-eabi-6-2017-q2-update/bin/../lib/gcc/arm-none-eabi/6.3.1/../../../../arm-none-eabi/lib/thumb/v7e-m/fpv4-sp/hard/libc_nano.a(lib_a-mlock.o)
                              /Users/augustmason/Documents/gitHub/riptide_firmware/STM32/gcc-arm-none-eabi-6-2017-q2-update/bin/../lib/gcc/arm-none-eabi/6.3.1/../../../../arm-none-eabi/lib/thumb/v7e-m/fpv4-sp/hard/libc_nano.a(lib_a-nano-freer.o) (__malloc_lock)
/Users/augustmason/Documents/gitHub/riptide_firmware/STM32/gcc-arm-none-eabi-6-2017-q2-update/bin/../lib/gcc/arm-none-eabi/6.3.1/../../../../arm-none-eabi/lib/thumb/v7e-m/fpv4-sp/hard/libc_nano.a(lib_a-reent.o)
                              /Users/augustmason/Documents/gitHub/riptide_firmware/STM32/gcc-arm-none-eabi-6-2017-q2-update/bin/../lib/gcc/arm-none-eabi/6.3.1/../../../../arm-none-eabi/lib/thumb/v7e-m/fpv4-sp/hard/libc_nano.a(lib_a-sbrkr.o) (errno)
/Users/augustmason/Documents/gitHub/riptide_firmware/STM32/gcc-arm-none-eabi-6-2017-q2-update/bin/../lib/gcc/arm-none-eabi/6.3.1/../../../../arm-none-eabi/lib/thumb/v7e-m/fpv4-sp/hard/libnosys.a(sbrk.o)
[...]
Memory Configuration

Name             Origin             Length             Attributes
RAM              0x0000000020000000 0x0000000000020000 xrw
CCMRAM           0x0000000010000000 0x0000000000010000 rw
FLASH            0x0000000008000000 0x0000000000100000 xr
*default*        0x0000000000000000 0xffffffffffffffff

Linker script and memory map

LOAD /Users/augustmason/Documents/gitHub/riptide_firmware/STM32/gcc-arm-none-eabi-6-2017-q2-update/bin/../lib/gcc/arm-none-eabi/6.3.1/thumb/v7e-m/fpv4-sp/hard/crti.o
LOAD /Users/augustmason/Documents/gitHub/riptide_firmware/STM32/gcc-arm-none-eabi-6-2017-q2-update/bin/../lib/gcc/arm-none-eabi/6.3.1/thumb/v7e-m/fpv4-sp/hard/crtbegin.o
LOAD /Users/augustmason/Documents/gitHub/riptide_firmware/STM32/gcc-arm-none-eabi-6-2017-q2-update/bin/../lib/gcc/arm-none-eabi/6.3.1/../../../../arm-none-eabi/lib/thumb/v7e-m/fpv4-sp/hard/crt0.o
LOAD build/freertos.o
LOAD build/stm32f4xx_hal_msp.o
LOAD build/stm32f4xx_hal_timebase_TIM.o
LOAD build/stm32f4xx_hal_pcd.o
LOAD build/stm32f4xx_hal_cortex.o
LOAD build/stm32f4xx_it.o
LOAD build/port.o
LOAD build/stm32f4xx_hal_pwr_ex.o
LOAD build/stm32f4xx_hal.o
LOAD build/tasks.o
LOAD build/system_stm32f4xx.o
LOAD build/main.o
LOAD build/stm32f4xx_hal_gpio.o
LOAD build/heap_4.o
LOAD build/stm32f4xx_hal_tim.o
LOAD build/stm32f4xx_hal_pwr.o
LOAD build/queue.o
LOAD build/event_groups.o
LOAD build/stm32f4xx_hal_flash.o
LOAD build/stm32f4xx_hal_pcd_ex.o
LOAD build/list.o
LOAD build/stm32f4xx_hal_dma.o
LOAD build/stm32f4xx_hal_rcc_ex.o
LOAD build/timers.o
LOAD build/stm32f4xx_ll_usb.o
LOAD build/stm32f4xx_hal_flash_ex.o
LOAD build/croutine.o
LOAD build/stm32f4xx_hal_tim_ex.o
LOAD build/stm32f4xx_hal_flash_ramfunc.o
LOAD build/stm32f4xx_hal_dma_ex.o
LOAD build/stm32f4xx_hal_rcc.o
LOAD build/cmsis_os.o
LOAD build/usbd_cdc_if.o
LOAD build/usbd_desc.o
LOAD build/usbd_conf.o
LOAD build/usbd_core.o
LOAD build/usbd_ctlreq.o
LOAD build/usbd_ioreq.o
LOAD build/usbd_cdc.o
LOAD build/usb_device.o
LOAD build/riptideFunctions.o
LOAD build/riptideMain.o
LOAD build/riptideThreads.o
LOAD build/startup_stm32f405xx.o
LOAD /Users/augustmason/Documents/gitHub/riptide_firmware/STM32/gcc-arm-none-eabi-6-2017-q2-update/bin/../lib/gcc/arm-none-eabi/6.3.1/../../../../arm-none-eabi/lib/thumb/v7e-m/fpv4-sp/hard/libc_nano.a
LOAD /Users/augustmason/Documents/gitHub/riptide_firmware/STM32/gcc-arm-none-eabi-6-2017-q2-update/bin/../lib/gcc/arm-none-eabi/6.3.1/../../../../arm-none-eabi/lib/thumb/v7e-m/fpv4-sp/hard/libm.a
LOAD /Users/augustmason/Documents/gitHub/riptide_firmware/STM32/gcc-arm-none-eabi-6-2017-q2-update/bin/../lib/gcc/arm-none-eabi/6.3.1/../../../../arm-none-eabi/lib/thumb/v7e-m/fpv4-sp/hard/libnosys.a
START GROUP
LOAD /Users/augustmason/Documents/gitHub/riptide_firmware/STM32/gcc-arm-none-eabi-6-2017-q2-update/bin/../lib/gcc/arm-none-eabi/6.3.1/thumb/v7e-m/fpv4-sp/hard/libgcc.a
LOAD /Users/augustmason/Documents/gitHub/riptide_firmware/STM32/gcc-arm-none-eabi-6-2017-q2-update/bin/../lib/gcc/arm-none-eabi/6.3.1/../../../../arm-none-eabi/lib/thumb/v7e-m/fpv4-sp/hard/libc_nano.a
END GROUP
START GROUP
LOAD /Users/augustmason/Documents/gitHub/riptide_firmware/STM32/gcc-arm-none-eabi-6-2017-q2-update/bin/../lib/gcc/arm-none-eabi/6.3.1/thumb/v7e-m/fpv4-sp/hard/libgcc.a
LOAD /Users/augustmason/Documents/gitHub/riptide_firmware/STM32/gcc-arm-none-eabi-6-2017-q2-update/bin/../lib/gcc/arm-none-eabi/6.3.1/../../../../arm-none-eabi/lib/thumb/v7e-m/fpv4-sp/hard/libc_nano.a
END GROUP
LOAD /Users/augustmason/Documents/gitHub/riptide_firmware/STM32/gcc-arm-none-eabi-6-2017-q2-update/bin/../lib/gcc/arm-none-eabi/6.3.1/thumb/v7e-m/fpv4-sp/hard/crtend.o
LOAD /Users/augustmason/Documents/gitHub/riptide_firmware/STM32/gcc-arm-none-eabi-6-2017-q2-update/bin/../lib/gcc/arm-none-eabi/6.3.1/thumb/v7e-m/fpv4-sp/hard/crtn.o
                0x0000000020020000                _estack = 0x20020000
                0x0000000000000200                _Min_Heap_Size = 0x200
                0x0000000000000400                _Min_Stack_Size = 0x400

.isr_vector     0x0000000008000000      0x188
                0x0000000008000000                . = ALIGN (0x4)
 *(.isr_vector)
 .isr_vector    0x0000000008000000      0x188 build/startup_stm32f405xx.o
                0x0000000008000000                g_pfnVectors
                0x0000000008000188                . = ALIGN (0x4)

.text           0x0000000008000190     0x4448
                0x0000000008000190                . = ALIGN (0x4)
 *(.text)
 .text          0x0000000008000190       0x6c /Users/augustmason/Documents/gitHub/riptide_firmware/STM32/gcc-arm-none-eabi-6-2017-q2-update/bin/../lib/gcc/arm-none-eabi/6.3.1/thumb/v7e-m/fpv4-sp/hard/crtbegin.o
 *(.text*)
 .text.HAL_MspInit
                0x00000000080001fc       0x5e build/stm32f4xx_hal_msp.o
                0x00000000080001fc                HAL_MspInit
 *fill*         0x000000000800025a        0x2 
 .text.HAL_InitTick
                0x000000000800025c       0x78 build/stm32f4xx_hal_timebase_TIM.o
                0x000000000800025c                HAL_InitTick
 .text.PCD_WriteEmptyTxFifo
                0x00000000080002d4       0xac build/stm32f4xx_hal_pcd.o
 .text.HAL_PCD_Init
                0x0000000008000380       0xe0 build/stm32f4xx_hal_pcd.o
                0x0000000008000380                HAL_PCD_Init
 .text.HAL_PCD_Start
                0x0000000008000460       0x2a build/stm32f4xx_hal_pcd.o
                0x0000000008000460                HAL_PCD_Start
 *fill*         0x000000000800048a        0x2 
 .text.HAL_PCD_IRQHandler
                0x000000000800048c      0x5c4 build/stm32f4xx_hal_pcd.o
                0x000000000800048c                HAL_PCD_IRQHandler
 .text.HAL_PCD_SetAddress
                0x0000000008000a50       0x24 build/stm32f4xx_hal_pcd.o
                0x0000000008000a50                HAL_PCD_SetAddress
 .text.HAL_PCD_EP_Open
                0x0000000008000a74       0x68 build/stm32f4xx_hal_pcd.o
                0x0000000008000a74                HAL_PCD_EP_Open
 .text.HAL_PCD_EP_Close
                0x0000000008000adc       0x56 build/stm32f4xx_hal_pcd.o
                0x0000000008000adc                HAL_PCD_EP_Close
 .text.HAL_PCD_EP_Receive
                0x0000000008000b32       0x5a build/stm32f4xx_hal_pcd.o
                0x0000000008000b32                HAL_PCD_EP_Receive
 .text.HAL_PCD_EP_GetRxCount
                0x0000000008000b8c       0x12 build/stm32f4xx_hal_pcd.o
                0x0000000008000b8c                HAL_PCD_EP_GetRxCount
 .text.HAL_PCD_EP_Transmit
                0x0000000008000b9e       0x52 build/stm32f4xx_hal_pcd.o
                0x0000000008000b9e                HAL_PCD_EP_Transmit
 .text.HAL_PCD_EP_SetStall
                0x0000000008000bf0       0x66 build/stm32f4xx_hal_pcd.o
                0x0000000008000bf0                HAL_PCD_EP_SetStall
 .text.HAL_PCD_EP_ClrStall
                0x0000000008000c56       0x56 build/stm32f4xx_hal_pcd.o
                0x0000000008000c56                HAL_PCD_EP_ClrStall
 .text.HAL_NVIC_SetPriorityGrouping
                0x0000000008000cac       0x24 build/stm32f4xx_hal_cortex.o
                0x0000000008000cac                HAL_NVIC_SetPriorityGrouping
 .text.HAL_NVIC_SetPriority
                0x0000000008000cd0       0x64 build/stm32f4xx_hal_cortex.o
                0x0000000008000cd0                HAL_NVIC_SetPriority
 .text.HAL_NVIC_EnableIRQ
                0x0000000008000d34       0x18 build/stm32f4xx_hal_cortex.o
                0x0000000008000d34                HAL_NVIC_EnableIRQ
 .text.HAL_SYSTICK_Config
                0x0000000008000d4c       0x2c build/stm32f4xx_hal_cortex.o
                0x0000000008000d4c                HAL_SYSTICK_Config
 .text.HAL_SYSTICK_CLKSourceConfig
                0x0000000008000d78       0x20 build/stm32f4xx_hal_cortex.o
                0x0000000008000d78                HAL_SYSTICK_CLKSourceConfig
 .text.NMI_Handler
                0x0000000008000d98        0x2 build/stm32f4xx_it.o
                0x0000000008000d98                NMI_Handler
 .text.HardFault_Handler
                0x0000000008000d9a        0x2 build/stm32f4xx_it.o
                0x0000000008000d9a                HardFault_Handler
 .text.MemManage_Handler
                0x0000000008000d9c        0x2 build/stm32f4xx_it.o
                0x0000000008000d9c                MemManage_Handler
 .text.BusFault_Handler
                0x0000000008000d9e        0x2 build/stm32f4xx_it.o
                0x0000000008000d9e                BusFault_Handler
 .text.UsageFault_Handler
                0x0000000008000da0        0x2 build/stm32f4xx_it.o
                0x0000000008000da0                UsageFault_Handler
 .text.DebugMon_Handler
                0x0000000008000da2        0x2 build/stm32f4xx_it.o
                0x0000000008000da2                DebugMon_Handler
 .text.SysTick_Handler
                0x0000000008000da4        0x8 build/stm32f4xx_it.o
                0x0000000008000da4                SysTick_Handler
 .text.TIM1_UP_TIM10_IRQHandler
                0x0000000008000dac       0x10 build/stm32f4xx_it.o
                0x0000000008000dac                TIM1_UP_TIM10_IRQHandler
 .text.OTG_HS_IRQHandler
                0x0000000008000dbc       0x10 build/stm32f4xx_it.o
                0x0000000008000dbc                OTG_HS_IRQHandler
 .text.prvTaskExitError
                0x0000000008000dcc       0x34 build/port.o
 .text.prvPortStartFirstTask
                0x0000000008000e00       0x20 build/port.o
 .text.vPortEnableVFP
                0x0000000008000e20       0x14 build/port.o
 .text.pxPortInitialiseStack
                0x0000000008000e34       0x2c build/port.o
                0x0000000008000e34                pxPortInitialiseStack
 .text.SVC_Handler
                0x0000000008000e60       0x24 build/port.o
                0x0000000008000e60                SVC_Handler
 .text.vPortEnterCritical
                0x0000000008000e84       0x44 build/port.o
                0x0000000008000e84                vPortEnterCritical
 .text.vPortExitCritical
                0x0000000008000ec8       0x2c build/port.o
                0x0000000008000ec8                vPortExitCritical
 *fill*         0x0000000008000ef4        0xc 
 .text.PendSV_Handler
                0x0000000008000f00       0x64 build/port.o
                0x0000000008000f00                PendSV_Handler
 .text.xPortSysTickHandler
                0x0000000008000f64       0x2c build/port.o
                0x0000000008000f64                xPortSysTickHandler
 .text.vPortSetupTimerInterrupt
                0x0000000008000f90       0x2c build/port.o
                0x0000000008000f90                vPortSetupTimerInterrupt
 .text.xPortStartScheduler
                0x0000000008000fbc       0xec build/port.o
                0x0000000008000fbc                xPortStartScheduler
 .text.HAL_Init
                0x00000000080010a8       0x34 build/stm32f4xx_hal.o
                0x00000000080010a8                HAL_Init
 .text.HAL_IncTick
                0x00000000080010dc       0x10 build/stm32f4xx_hal.o
                0x00000000080010dc                HAL_IncTick
 .text.HAL_GetTick
                0x00000000080010ec        0xc build/stm32f4xx_hal.o
                0x00000000080010ec                HAL_GetTick
 .text.HAL_Delay
                0x00000000080010f8       0x24 build/stm32f4xx_hal.o
                0x00000000080010f8                HAL_Delay
 .text.prvResetNextTaskUnblockTime
                0x000000000800111c       0x34 build/tasks.o
 .text.prvDeleteTCB
                0x0000000008001150       0x12 build/tasks.o
 .text.prvInitialiseNewTask
                0x0000000008001162       0x80 build/tasks.o
 *fill*         0x00000000080011e2        0x2 
 .text.prvInitialiseTaskLists
                0x00000000080011e4       0x68 build/tasks.o
 .text.prvAddNewTaskToReadyList
                0x000000000800124c       0xa8 build/tasks.o
 .text.prvAddCurrentTaskToDelayedList
                0x00000000080012f4       0x98 build/tasks.o
 .text.xTaskCreate
                0x000000000800138c       0x62 build/tasks.o
                0x000000000800138c                xTaskCreate
 *fill*         0x00000000080013ee        0x2 
 .text.vTaskStartScheduler
                0x00000000080013f0       0x7c build/tasks.o
                0x00000000080013f0                vTaskStartScheduler
 .text.vTaskSuspendAll
                0x000000000800146c       0x10 build/tasks.o
                0x000000000800146c                vTaskSuspendAll
 .text.xTaskIncrementTick
                0x000000000800147c      0x120 build/tasks.o
                0x000000000800147c                xTaskIncrementTick
 .text.xTaskResumeAll
                0x000000000800159c       0xfc build/tasks.o
                0x000000000800159c                xTaskResumeAll
 .text.vTaskDelay
                0x0000000008001698       0x50 build/tasks.o
                0x0000000008001698                vTaskDelay
 .text.prvCheckTasksWaitingTermination
                0x00000000080016e8       0x5c build/tasks.o
 .text.prvIdleTask
                0x0000000008001744       0x28 build/tasks.o
 .text.vTaskSwitchContext
                0x000000000800176c       0x9c build/tasks.o
                0x000000000800176c                vTaskSwitchContext
 .text.xTaskGetSchedulerState
                0x0000000008001808       0x20 build/tasks.o
                0x0000000008001808                xTaskGetSchedulerState
 .text.SystemInit
                0x0000000008001828       0x4c build/system_stm32f4xx.o
                0x0000000008001828                SystemInit
 .text.MX_GPIO_Init
                0x0000000008001874       0x98 build/main.o
 .text.StartDefaultTask
                0x000000000800190c        0xe build/main.o
                0x000000000800190c                StartDefaultTask
 *fill*         0x000000000800191a        0x2 
 .text.HAL_TIM_PeriodElapsedCallback
                0x000000000800191c       0x18 build/main.o
                0x000000000800191c                HAL_TIM_PeriodElapsedCallback
 .text._Error_Handler
                0x0000000008001934        0x2 build/main.o
                0x0000000008001934                _Error_Handler
 *fill*         0x0000000008001936        0x2 
 .text.SystemClock_Config
                0x0000000008001938       0xc0 build/main.o
                0x0000000008001938                SystemClock_Config
 .text.main     0x00000000080019f8       0x3c build/main.o
                0x00000000080019f8                main
 .text.HAL_GPIO_Init
                0x0000000008001a34      0x1cc build/stm32f4xx_hal_gpio.o
                0x0000000008001a34                HAL_GPIO_Init
 .text.HAL_GPIO_ReadPin
                0x0000000008001c00        0xe build/stm32f4xx_hal_gpio.o
                0x0000000008001c00                HAL_GPIO_ReadPin
 .text.HAL_GPIO_WritePin
                0x0000000008001c0e        0xc build/stm32f4xx_hal_gpio.o
                0x0000000008001c0e                HAL_GPIO_WritePin
 .text.HAL_GPIO_TogglePin
                0x0000000008001c1a        0x8 build/stm32f4xx_hal_gpio.o
                0x0000000008001c1a                HAL_GPIO_TogglePin
 *fill*         0x0000000008001c22        0x2 
 .text.prvHeapInit
                0x0000000008001c24       0x64 build/heap_4.o
 .text.prvInsertBlockIntoFreeList
                0x0000000008001c88       0x58 build/heap_4.o
 .text.pvPortMalloc
                0x0000000008001ce0      0x108 build/heap_4.o
                0x0000000008001ce0                pvPortMalloc
 .text.vPortFree
                0x0000000008001de8       0x70 build/heap_4.o
                0x0000000008001de8                vPortFree
 .text.HAL_TIM_Base_MspInit
                0x0000000008001e58        0x2 build/stm32f4xx_hal_tim.o
                0x0000000008001e58                HAL_TIM_Base_MspInit
 .text.HAL_TIM_Base_Start_IT
                0x0000000008001e5a       0x18 build/stm32f4xx_hal_tim.o
                0x0000000008001e5a                HAL_TIM_Base_Start_IT
 .text.HAL_TIM_OC_DelayElapsedCallback
                0x0000000008001e72        0x2 build/stm32f4xx_hal_tim.o
                0x0000000008001e72                HAL_TIM_OC_DelayElapsedCallback
 .text.HAL_TIM_IC_CaptureCallback
                0x0000000008001e74        0x2 build/stm32f4xx_hal_tim.o
                0x0000000008001e74                HAL_TIM_IC_CaptureCallback
 .text.HAL_TIM_PWM_PulseFinishedCallback
                0x0000000008001e76        0x2 build/stm32f4xx_hal_tim.o
                0x0000000008001e76                HAL_TIM_PWM_PulseFinishedCallback
 .text.HAL_TIM_TriggerCallback
                0x0000000008001e78        0x2 build/stm32f4xx_hal_tim.o
                0x0000000008001e78                HAL_TIM_TriggerCallback
 .text.HAL_TIM_IRQHandler
                0x0000000008001e7a      0x17a build/stm32f4xx_hal_tim.o
                0x0000000008001e7a                HAL_TIM_IRQHandler
 .text.TIM_Base_SetConfig
                0x0000000008001ff4      0x11c build/stm32f4xx_hal_tim.o
                0x0000000008001ff4                TIM_Base_SetConfig
 .text.HAL_TIM_Base_Init
                0x0000000008002110       0x32 build/stm32f4xx_hal_tim.o
                0x0000000008002110                HAL_TIM_Base_Init
 .text.HAL_PCDEx_SetTxFiFo
                0x0000000008002142       0x48 build/stm32f4xx_hal_pcd_ex.o
                0x0000000008002142                HAL_PCDEx_SetTxFiFo
 .text.HAL_PCDEx_SetRxFiFo
                0x000000000800218a        0x8 build/stm32f4xx_hal_pcd_ex.o
                0x000000000800218a                HAL_PCDEx_SetRxFiFo
 .text.vListInitialise
                0x0000000008002192       0x16 build/list.o
                0x0000000008002192                vListInitialise
 .text.vListInitialiseItem
                0x00000000080021a8        0x6 build/list.o
                0x00000000080021a8                vListInitialiseItem
 .text.vListInsertEnd
                0x00000000080021ae       0x18 build/list.o
                0x00000000080021ae                vListInsertEnd
 .text.vListInsert
                0x00000000080021c6       0x34 build/list.o
                0x00000000080021c6                vListInsert
 .text.uxListRemove
                0x00000000080021fa       0x26 build/list.o
                0x00000000080021fa                uxListRemove
 .text.USB_CoreInit
                0x0000000008002220       0x7c build/stm32f4xx_ll_usb.o
                0x0000000008002220                USB_CoreInit
 .text.USB_EnableGlobalInt
                0x000000000800229c        0xc build/stm32f4xx_ll_usb.o
                0x000000000800229c                USB_EnableGlobalInt
 .text.USB_DisableGlobalInt
                0x00000000080022a8        0xc build/stm32f4xx_ll_usb.o
                0x00000000080022a8                USB_DisableGlobalInt
 .text.USB_SetCurrentMode
                0x00000000080022b4       0x2c build/stm32f4xx_ll_usb.o
                0x00000000080022b4                USB_SetCurrentMode
 .text.USB_DevInit
                0x00000000080022e0      0x150 build/stm32f4xx_ll_usb.o
                0x00000000080022e0                USB_DevInit
 .text.USB_FlushTxFifo
                0x0000000008002430       0x28 build/stm32f4xx_ll_usb.o
                0x0000000008002430                USB_FlushTxFifo
 .text.USB_FlushRxFifo
                0x0000000008002458       0x24 build/stm32f4xx_ll_usb.o
                0x0000000008002458                USB_FlushRxFifo
 .text.USB_SetDevSpeed
                0x000000000800247c        0xe build/stm32f4xx_ll_usb.o
                0x000000000800247c                USB_SetDevSpeed
 .text.USB_GetDevSpeed
                0x000000000800248a       0x40 build/stm32f4xx_ll_usb.o
                0x000000000800248a                USB_GetDevSpeed
 .text.USB_ActivateEndpoint
                0x00000000080024ca       0x92 build/stm32f4xx_ll_usb.o
                0x00000000080024ca                USB_ActivateEndpoint
 .text.USB_DeactivateEndpoint
                0x000000000800255c       0xf0 build/stm32f4xx_ll_usb.o
                0x000000000800255c                USB_DeactivateEndpoint
 .text.USB_EPStartXfer
                0x000000000800264c      0x264 build/stm32f4xx_ll_usb.o
                0x000000000800264c                USB_EPStartXfer
 .text.USB_EP0StartXfer
                0x00000000080028b0      0x160 build/stm32f4xx_ll_usb.o
                0x00000000080028b0                USB_EP0StartXfer
 .text.USB_WritePacket
                0x0000000008002a10       0x28 build/stm32f4xx_ll_usb.o
                0x0000000008002a10                USB_WritePacket
 .text.USB_ReadPacket
                0x0000000008002a38       0x28 build/stm32f4xx_ll_usb.o
                0x0000000008002a38                USB_ReadPacket
 .text.USB_EPSetStall
                0x0000000008002a60       0x64 build/stm32f4xx_ll_usb.o
                0x0000000008002a60                USB_EPSetStall
 .text.USB_EPClearStall
                0x0000000008002ac4       0x6a build/stm32f4xx_ll_usb.o
                0x0000000008002ac4                USB_EPClearStall
 .text.USB_SetDevAddress
                0x0000000008002b2e       0x20 build/stm32f4xx_ll_usb.o
                0x0000000008002b2e                USB_SetDevAddress
 .text.USB_DevConnect
                0x0000000008002b4e       0x18 build/stm32f4xx_ll_usb.o
                0x0000000008002b4e                USB_DevConnect
 .text.USB_DevDisconnect
                0x0000000008002b66       0x18 build/stm32f4xx_ll_usb.o
                0x0000000008002b66                USB_DevDisconnect
 .text.USB_ReadInterrupts
                0x0000000008002b7e        0x8 build/stm32f4xx_ll_usb.o
                0x0000000008002b7e                USB_ReadInterrupts
 .text.USB_ReadDevAllOutEpInterrupt
                0x0000000008002b86       0x10 build/stm32f4xx_ll_usb.o
                0x0000000008002b86                USB_ReadDevAllOutEpInterrupt
 .text.USB_ReadDevAllInEpInterrupt
                0x0000000008002b96       0x10 build/stm32f4xx_ll_usb.o
                0x0000000008002b96                USB_ReadDevAllInEpInterrupt
 .text.USB_ReadDevOutEPInterrupt
                0x0000000008002ba6       0x12 build/stm32f4xx_ll_usb.o
                0x0000000008002ba6                USB_ReadDevOutEPInterrupt
 .text.USB_ReadDevInEPInterrupt
                0x0000000008002bb8       0x1c build/stm32f4xx_ll_usb.o
                0x0000000008002bb8                USB_ReadDevInEPInterrupt
 .text.USB_GetMode
                0x0000000008002bd4        0x8 build/stm32f4xx_ll_usb.o
                0x0000000008002bd4                USB_GetMode
 .text.USB_ActivateSetup
                0x0000000008002bdc       0x38 build/stm32f4xx_ll_usb.o
                0x0000000008002bdc                USB_ActivateSetup
 .text.USB_EP0_OutStart
                0x0000000008002c14       0x46 build/stm32f4xx_ll_usb.o
                0x0000000008002c14                USB_EP0_OutStart
 *fill*         0x0000000008002c5a        0x2 
 .text.USB_CoreReset
                0x0000000008002c5c       0x3c build/stm32f4xx_ll_usb.o
 .text.HAL_TIMEx_CommutationCallback
                0x0000000008002c98        0x2 build/stm32f4xx_hal_tim_ex.o
                0x0000000008002c98                HAL_TIMEx_CommutationCallback
 .text.HAL_TIMEx_BreakCallback
                0x0000000008002c9a        0x2 build/stm32f4xx_hal_tim_ex.o
                0x0000000008002c9a                HAL_TIMEx_BreakCallback
 .text.HAL_RCC_OscConfig
                0x0000000008002c9c      0x3b0 build/stm32f4xx_hal_rcc.o
                0x0000000008002c9c                HAL_RCC_OscConfig
 .text.HAL_RCC_GetSysClockFreq
                0x000000000800304c       0x88 build/stm32f4xx_hal_rcc.o
                0x000000000800304c                HAL_RCC_GetSysClockFreq
 .text.HAL_RCC_ClockConfig
                0x00000000080030d4      0x19c build/stm32f4xx_hal_rcc.o
                0x00000000080030d4                HAL_RCC_ClockConfig
 .text.HAL_RCC_GetHCLKFreq
                0x0000000008003270        0xc build/stm32f4xx_hal_rcc.o
                0x0000000008003270                HAL_RCC_GetHCLKFreq
 .text.HAL_RCC_GetPCLK2Freq
                0x000000000800327c       0x2c build/stm32f4xx_hal_rcc.o
                0x000000000800327c                HAL_RCC_GetPCLK2Freq
 .text.HAL_RCC_GetClockConfig
                0x00000000080032a8       0x3c build/stm32f4xx_hal_rcc.o
                0x00000000080032a8                HAL_RCC_GetClockConfig
 .text.makeFreeRtosPriority
                0x00000000080032e4        0xc build/cmsis_os.o
 .text.osKernelStart
                0x00000000080032f0        0xa build/cmsis_os.o
                0x00000000080032f0                osKernelStart
 .text.osThreadCreate
                0x00000000080032fa       0x34 build/cmsis_os.o
                0x00000000080032fa                osThreadCreate
 .text.osDelay  0x000000000800332e       0x12 build/cmsis_os.o
                0x000000000800332e                osDelay
 .text.osSystickHandler
                0x0000000008003340       0x10 build/cmsis_os.o
                0x0000000008003340                osSystickHandler
 .text.CDC_DeInit_HS
                0x0000000008003350        0x4 build/usbd_cdc_if.o
 .text.CDC_Control_HS
                0x0000000008003354        0x4 build/usbd_cdc_if.o
 .text.CDC_Receive_HS
                0x0000000008003358       0x28 build/usbd_cdc_if.o
 .text.CDC_Init_HS
                0x0000000008003380       0x28 build/usbd_cdc_if.o
 .text.CDC_Transmit_HS
                0x00000000080033a8       0x2c build/usbd_cdc_if.o
                0x00000000080033a8                CDC_Transmit_HS
 .text.USBD_HS_DeviceDescriptor
                0x00000000080033d4        0xc build/usbd_desc.o
                0x00000000080033d4                USBD_HS_DeviceDescriptor
 .text.USBD_HS_LangIDStrDescriptor
                0x00000000080033e0        0xc build/usbd_desc.o
                0x00000000080033e0                USBD_HS_LangIDStrDescriptor
 .text.USBD_HS_ProductStrDescriptor
                0x00000000080033ec       0x24 build/usbd_desc.o
                0x00000000080033ec                USBD_HS_ProductStrDescriptor
 .text.USBD_HS_ManufacturerStrDescriptor
                0x0000000008003410       0x1c build/usbd_desc.o
                0x0000000008003410                USBD_HS_ManufacturerStrDescriptor
 .text.USBD_HS_SerialStrDescriptor
                0x000000000800342c       0x24 build/usbd_desc.o
                0x000000000800342c                USBD_HS_SerialStrDescriptor
 .text.USBD_HS_ConfigStrDescriptor
                0x0000000008003450       0x24 build/usbd_desc.o
                0x0000000008003450                USBD_HS_ConfigStrDescriptor
 .text.USBD_HS_InterfaceStrDescriptor
                0x0000000008003474       0x24 build/usbd_desc.o
                0x0000000008003474                USBD_HS_InterfaceStrDescriptor
 .text.HAL_PCD_MspInit
                0x0000000008003498       0x64 build/usbd_conf.o
                0x0000000008003498                HAL_PCD_MspInit
 .text.HAL_PCD_SetupStageCallback
                0x00000000080034fc       0x10 build/usbd_conf.o
                0x00000000080034fc                HAL_PCD_SetupStageCallback
 .text.HAL_PCD_DataOutStageCallback
                0x000000000800350c       0x18 build/usbd_conf.o
                0x000000000800350c                HAL_PCD_DataOutStageCallback
 .text.HAL_PCD_DataInStageCallback
                0x0000000008003524       0x16 build/usbd_conf.o
                0x0000000008003524                HAL_PCD_DataInStageCallback
 .text.HAL_PCD_SOFCallback
                0x000000000800353a        0xc build/usbd_conf.o
                0x000000000800353a                HAL_PCD_SOFCallback
 .text.HAL_PCD_ResetCallback
                0x0000000008003546       0x20 build/usbd_conf.o
                0x0000000008003546                HAL_PCD_ResetCallback
 *fill*         0x0000000008003566        0x2 
 .text.HAL_PCD_SuspendCallback
                0x0000000008003568       0x30 build/usbd_conf.o
                0x0000000008003568                HAL_PCD_SuspendCallback
 .text.HAL_PCD_ResumeCallback
                0x0000000008003598        0xc build/usbd_conf.o
                0x0000000008003598                HAL_PCD_ResumeCallback
 .text.HAL_PCD_ISOOUTIncompleteCallback
                0x00000000080035a4        0xc build/usbd_conf.o
                0x00000000080035a4                HAL_PCD_ISOOUTIncompleteCallback
 .text.HAL_PCD_ISOINIncompleteCallback
                0x00000000080035b0        0xc build/usbd_conf.o
                0x00000000080035b0                HAL_PCD_ISOINIncompleteCallback
 .text.HAL_PCD_ConnectCallback
                0x00000000080035bc        0xc build/usbd_conf.o
                0x00000000080035bc                HAL_PCD_ConnectCallback
 .text.HAL_PCD_DisconnectCallback
                0x00000000080035c8        0xc build/usbd_conf.o
                0x00000000080035c8                HAL_PCD_DisconnectCallback
 .text.USBD_LL_Init
                0x00000000080035d4       0x7c build/usbd_conf.o
                0x00000000080035d4                USBD_LL_Init
 .text.USBD_LL_Start
                0x0000000008003650       0x1c build/usbd_conf.o
                0x0000000008003650                USBD_LL_Start
 .text.USBD_LL_OpenEP
                0x000000000800366c       0x22 build/usbd_conf.o
                0x000000000800366c                USBD_LL_OpenEP
 .text.USBD_LL_CloseEP
                0x000000000800368e       0x1c build/usbd_conf.o
                0x000000000800368e                USBD_LL_CloseEP
 .text.USBD_LL_StallEP
                0x00000000080036aa       0x1c build/usbd_conf.o
                0x00000000080036aa                USBD_LL_StallEP
 .text.USBD_LL_ClearStallEP
                0x00000000080036c6       0x1c build/usbd_conf.o
                0x00000000080036c6                USBD_LL_ClearStallEP
 .text.USBD_LL_IsStallEP
                0x00000000080036e2       0x2e build/usbd_conf.o
                0x00000000080036e2                USBD_LL_IsStallEP
 .text.USBD_LL_SetUSBAddress
                0x0000000008003710       0x1c build/usbd_conf.o
                0x0000000008003710                USBD_LL_SetUSBAddress
 .text.USBD_LL_Transmit
                0x000000000800372c       0x1c build/usbd_conf.o
                0x000000000800372c                USBD_LL_Transmit
 .text.USBD_LL_PrepareReceive
                0x0000000008003748       0x1c build/usbd_conf.o
                0x0000000008003748                USBD_LL_PrepareReceive
 .text.USBD_LL_GetRxDataSize
                0x0000000008003764        0xc build/usbd_conf.o
                0x0000000008003764                USBD_LL_GetRxDataSize
 .text.USBD_Init
                0x0000000008003770       0x2e build/usbd_core.o
                0x0000000008003770                USBD_Init
 .text.USBD_RegisterClass
                0x000000000800379e        0xe build/usbd_core.o
                0x000000000800379e                USBD_RegisterClass
 .text.USBD_Start
                0x00000000080037ac        0xa build/usbd_core.o
                0x00000000080037ac                USBD_Start
 .text.USBD_SetClassConfig
                0x00000000080037b6       0x1a build/usbd_core.o
                0x00000000080037b6                USBD_SetClassConfig
 .text.USBD_ClrClassConfig
                0x00000000080037d0        0xe build/usbd_core.o
                0x00000000080037d0                USBD_ClrClassConfig
 .text.USBD_LL_SetupStage
                0x00000000080037de       0x5a build/usbd_core.o
                0x00000000080037de                USBD_LL_SetupStage
 .text.USBD_LL_DataOutStage
                0x0000000008003838       0x6a build/usbd_core.o
                0x0000000008003838                USBD_LL_DataOutStage
 .text.USBD_LL_DataInStage
                0x00000000080038a2       0xb2 build/usbd_core.o
                0x00000000080038a2                USBD_LL_DataInStage
 .text.USBD_LL_Reset
                0x0000000008003954       0x3e build/usbd_core.o
                0x0000000008003954                USBD_LL_Reset
 .text.USBD_LL_SetSpeed
                0x0000000008003992        0x6 build/usbd_core.o
                0x0000000008003992                USBD_LL_SetSpeed
 .text.USBD_LL_Suspend
                0x0000000008003998       0x12 build/usbd_core.o
                0x0000000008003998                USBD_LL_Suspend
 .text.USBD_LL_Resume
                0x00000000080039aa        0xc build/usbd_core.o
                0x00000000080039aa                USBD_LL_Resume
 .text.USBD_LL_SOF
                0x00000000080039b6       0x1c build/usbd_core.o
                0x00000000080039b6                USBD_LL_SOF
 .text.USBD_LL_IsoINIncomplete
                0x00000000080039d2        0x4 build/usbd_core.o
                0x00000000080039d2                USBD_LL_IsoINIncomplete
 .text.USBD_LL_IsoOUTIncomplete
                0x00000000080039d6        0x4 build/usbd_core.o
                0x00000000080039d6                USBD_LL_IsoOUTIncomplete
 .text.USBD_LL_DevConnected
                0x00000000080039da        0x4 build/usbd_core.o
                0x00000000080039da                USBD_LL_DevConnected
 .text.USBD_LL_DevDisconnected
                0x00000000080039de       0x16 build/usbd_core.o
                0x00000000080039de                USBD_LL_DevDisconnected
 .text.USBD_GetLen
                0x00000000080039f4       0x14 build/usbd_ctlreq.o
 .text.USBD_SetFeature
                0x0000000008003a08       0x20 build/usbd_ctlreq.o
 .text.USBD_ParseSetupRequest
                0x0000000008003a28       0x28 build/usbd_ctlreq.o
                0x0000000008003a28                USBD_ParseSetupRequest
 .text.USBD_CtlError
                0x0000000008003a50       0x14 build/usbd_ctlreq.o
                0x0000000008003a50                USBD_CtlError
 .text.USBD_GetDescriptor
                0x0000000008003a64      0x132 build/usbd_ctlreq.o
 .text.USBD_SetAddress
                0x0000000008003b96       0x4a build/usbd_ctlreq.o
 .text.USBD_SetConfig
                0x0000000008003be0       0xa4 build/usbd_ctlreq.o
 .text.USBD_GetConfig
                0x0000000008003c84       0x3a build/usbd_ctlreq.o
 .text.USBD_GetStatus
                0x0000000008003cbe       0x2c build/usbd_ctlreq.o
 .text.USBD_ClrFeature
                0x0000000008003cea       0x32 build/usbd_ctlreq.o
 .text.USBD_StdDevReq
                0x0000000008003d1c       0x48 build/usbd_ctlreq.o
                0x0000000008003d1c                USBD_StdDevReq
 .text.USBD_StdItfReq
                0x0000000008003d64       0x38 build/usbd_ctlreq.o
                0x0000000008003d64                USBD_StdItfReq
 .text.USBD_StdEPReq
                0x0000000008003d9c      0x118 build/usbd_ctlreq.o
                0x0000000008003d9c                USBD_StdEPReq
 .text.USBD_GetString
                0x0000000008003eb4       0x3a build/usbd_ctlreq.o
                0x0000000008003eb4                USBD_GetString
 .text.USBD_CtlSendData
                0x0000000008003eee       0x1a build/usbd_ioreq.o
                0x0000000008003eee                USBD_CtlSendData
 .text.USBD_CtlContinueSendData
                0x0000000008003f08       0x10 build/usbd_ioreq.o
                0x0000000008003f08                USBD_CtlContinueSendData
 .text.USBD_CtlPrepareRx
                0x0000000008003f18       0x1e build/usbd_ioreq.o
                0x0000000008003f18                USBD_CtlPrepareRx
 .text.USBD_CtlContinueRx
                0x0000000008003f36       0x10 build/usbd_ioreq.o
                0x0000000008003f36                USBD_CtlContinueRx
 .text.USBD_CtlSendStatus
                0x0000000008003f46       0x16 build/usbd_ioreq.o
                0x0000000008003f46                USBD_CtlSendStatus
 .text.USBD_CtlReceiveStatus
                0x0000000008003f5c       0x16 build/usbd_ioreq.o
                0x0000000008003f5c                USBD_CtlReceiveStatus
 .text.USBD_CDC_DataIn
                0x0000000008003f72       0x12 build/usbd_cdc.o
 .text.USBD_CDC_EP0_RxReady
                0x0000000008003f84       0x28 build/usbd_cdc.o
 .text.USBD_CDC_GetFSCfgDesc
                0x0000000008003fac        0xc build/usbd_cdc.o
 .text.USBD_CDC_GetHSCfgDesc
                0x0000000008003fb8        0xc build/usbd_cdc.o
 .text.USBD_CDC_GetOtherSpeedCfgDesc
                0x0000000008003fc4        0xc build/usbd_cdc.o
 .text.USBD_CDC_GetDeviceQualifierDescriptor
                0x0000000008003fd0        0xc build/usbd_cdc.o
                0x0000000008003fd0                USBD_CDC_GetDeviceQualifierDescriptor
 .text.USBD_CDC_DataOut
                0x0000000008003fdc       0x2e build/usbd_cdc.o
 *fill*         0x000000000800400a        0x2 
 .text.USBD_CDC_Setup
                0x000000000800400c       0x74 build/usbd_cdc.o
 .text.USBD_CDC_DeInit
                0x0000000008004080       0x3a build/usbd_cdc.o
 .text.USBD_CDC_Init
                0x00000000080040ba       0x96 build/usbd_cdc.o
 .text.USBD_CDC_RegisterInterface
                0x0000000008004150        0xe build/usbd_cdc.o
                0x0000000008004150                USBD_CDC_RegisterInterface
 .text.USBD_CDC_SetTxBuffer
                0x000000000800415e       0x10 build/usbd_cdc.o
                0x000000000800415e                USBD_CDC_SetTxBuffer
 .text.USBD_CDC_SetRxBuffer
                0x000000000800416e        0xc build/usbd_cdc.o
                0x000000000800416e                USBD_CDC_SetRxBuffer
 .text.USBD_CDC_TransmitPacket
                0x000000000800417a       0x2e build/usbd_cdc.o
                0x000000000800417a                USBD_CDC_TransmitPacket
 .text.USBD_CDC_ReceivePacket
                0x00000000080041a8       0x32 build/usbd_cdc.o
                0x00000000080041a8                USBD_CDC_ReceivePacket
 *fill*         0x00000000080041da        0x2 
 .text.MX_USB_DEVICE_Init
                0x00000000080041dc       0x38 build/usb_device.o
                0x00000000080041dc                MX_USB_DEVICE_Init
 .text.MessageCheck
                0x0000000008004214       0x32 build/riptideFunctions.o
                0x0000000008004214                MessageCheck
 *fill*         0x0000000008004246        0x2 
 .text.Riptide_CDC_Receive
                0x0000000008004248       0x70 build/riptideFunctions.o
                0x0000000008004248                Riptide_CDC_Receive
 .text.riptideMain
                0x00000000080042b8       0x40 build/riptideMain.o
                0x00000000080042b8                riptideMain
 .text.vHeartbeat
                0x00000000080042f8       0x34 build/riptideThreads.o
                0x00000000080042f8                vHeartbeat
 .text.vSwitchMonitor
                0x000000000800432c       0x40 build/riptideThreads.o
                0x000000000800432c                vSwitchMonitor
 .text.Reset_Handler
                0x000000000800436c       0x50 build/startup_stm32f405xx.o
                0x000000000800436c                Reset_Handler
 .text.Default_Handler
                0x00000000080043bc        0x2 build/startup_stm32f405xx.o
                0x00000000080043bc                DMA1_Stream3_IRQHandler
                0x00000000080043bc                HASH_RNG_IRQHandler
                0x00000000080043bc                EXTI2_IRQHandler
                0x00000000080043bc                TIM8_CC_IRQHandler
                0x00000000080043bc                TIM1_CC_IRQHandler
                0x00000000080043bc                DMA2_Stream5_IRQHandler
                0x00000000080043bc                DMA1_Stream5_IRQHandler
                0x00000000080043bc                PVD_IRQHandler
                0x00000000080043bc                SDIO_IRQHandler
                0x00000000080043bc                TAMP_STAMP_IRQHandler
                0x00000000080043bc                CAN2_RX1_IRQHandler
                0x00000000080043bc                EXTI3_IRQHandler
                0x00000000080043bc                TIM8_TRG_COM_TIM14_IRQHandler
                0x00000000080043bc                TIM8_UP_TIM13_IRQHandler
                0x00000000080043bc                I2C3_ER_IRQHandler
                0x00000000080043bc                EXTI0_IRQHandler
                0x00000000080043bc                I2C2_EV_IRQHandler
                0x00000000080043bc                DMA1_Stream2_IRQHandler
                0x00000000080043bc                CAN1_RX0_IRQHandler
                0x00000000080043bc                FPU_IRQHandler
                0x00000000080043bc                OTG_HS_WKUP_IRQHandler
                0x00000000080043bc                CAN2_SCE_IRQHandler
                0x00000000080043bc                DMA2_Stream2_IRQHandler
                0x00000000080043bc                SPI1_IRQHandler
                0x00000000080043bc                TIM6_DAC_IRQHandler
                0x00000000080043bc                TIM1_BRK_TIM9_IRQHandler
                0x00000000080043bc                CAN2_RX0_IRQHandler
                0x00000000080043bc                DMA2_Stream3_IRQHandler
                0x00000000080043bc                USART6_IRQHandler
                0x00000000080043bc                USART3_IRQHandler
                0x00000000080043bc                CAN1_RX1_IRQHandler
                0x00000000080043bc                UART5_IRQHandler
                0x00000000080043bc                DMA2_Stream0_IRQHandler
                0x00000000080043bc                TIM4_IRQHandler
                0x00000000080043bc                I2C1_EV_IRQHandler
                0x00000000080043bc                DMA1_Stream6_IRQHandler
                0x00000000080043bc                DMA1_Stream1_IRQHandler
                0x00000000080043bc                UART4_IRQHandler
                0x00000000080043bc                TIM3_IRQHandler
                0x00000000080043bc                RCC_IRQHandler
                0x00000000080043bc                TIM8_BRK_TIM12_IRQHandler
                0x00000000080043bc                Default_Handler
                0x00000000080043bc                EXTI15_10_IRQHandler
                0x00000000080043bc                ADC_IRQHandler
                0x00000000080043bc                DMA1_Stream7_IRQHandler
                0x00000000080043bc                TIM7_IRQHandler
                0x00000000080043bc                CAN2_TX_IRQHandler
                0x00000000080043bc                TIM5_IRQHandler
                0x00000000080043bc                DMA2_Stream7_IRQHandler
                0x00000000080043bc                I2C3_EV_IRQHandler
                0x00000000080043bc                EXTI9_5_IRQHandler
                0x00000000080043bc                RTC_WKUP_IRQHandler
                0x00000000080043bc                SPI2_IRQHandler
                0x00000000080043bc                OTG_HS_EP1_IN_IRQHandler
                0x00000000080043bc                DMA1_Stream0_IRQHandler
                0x00000000080043bc                CAN1_TX_IRQHandler
                0x00000000080043bc                EXTI4_IRQHandler
                0x00000000080043bc                FSMC_IRQHandler
                0x00000000080043bc                OTG_HS_EP1_OUT_IRQHandler
                0x00000000080043bc                WWDG_IRQHandler
                0x00000000080043bc                TIM2_IRQHandler
                0x00000000080043bc                OTG_FS_WKUP_IRQHandler
                0x00000000080043bc                TIM1_TRG_COM_TIM11_IRQHandler
                0x00000000080043bc                EXTI1_IRQHandler
                0x00000000080043bc                USART2_IRQHandler
                0x00000000080043bc                I2C2_ER_IRQHandler
                0x00000000080043bc                DMA2_Stream1_IRQHandler
                0x00000000080043bc                CAN1_SCE_IRQHandler
                0x00000000080043bc                FLASH_IRQHandler
                0x00000000080043bc                DMA2_Stream4_IRQHandler
                0x00000000080043bc                USART1_IRQHandler
                0x00000000080043bc                OTG_FS_IRQHandler
                0x00000000080043bc                SPI3_IRQHandler
                0x00000000080043bc                DMA1_Stream4_IRQHandler
                0x00000000080043bc                I2C1_ER_IRQHandler
                0x00000000080043bc                DMA2_Stream6_IRQHandler
                0x00000000080043bc                RTC_Alarm_IRQHandler
 *fill*         0x00000000080043be        0x2 
 .text.__libc_init_array
                0x00000000080043c0       0x48 /Users/augustmason/Documents/gitHub/riptide_firmware/STM32/gcc-arm-none-eabi-6-2017-q2-update/bin/../lib/gcc/arm-none-eabi/6.3.1/../../../../arm-none-eabi/lib/thumb/v7e-m/fpv4-sp/hard/libc_nano.a(lib_a-init.o)
                0x00000000080043c0                __libc_init_array
 .text.malloc   0x0000000008004408       0x10 /Users/augustmason/Documents/gitHub/riptide_firmware/STM32/gcc-arm-none-eabi-6-2017-q2-update/bin/../lib/gcc/arm-none-eabi/6.3.1/../../../../arm-none-eabi/lib/thumb/v7e-m/fpv4-sp/hard/libc_nano.a(lib_a-malloc.o)
                0x0000000008004408                malloc
 .text.free     0x0000000008004418       0x10 /Users/augustmason/Documents/gitHub/riptide_firmware/STM32/gcc-arm-none-eabi-6-2017-q2-update/bin/../lib/gcc/arm-none-eabi/6.3.1/../../../../arm-none-eabi/lib/thumb/v7e-m/fpv4-sp/hard/libc_nano.a(lib_a-malloc.o)
                0x0000000008004418                free
 .text._free_r  0x0000000008004428       0x9c /Users/augustmason/Documents/gitHub/riptide_firmware/STM32/gcc-arm-none-eabi-6-2017-q2-update/bin/../lib/gcc/arm-none-eabi/6.3.1/../../../../arm-none-eabi/lib/thumb/v7e-m/fpv4-sp/hard/libc_nano.a(lib_a-nano-freer.o)
                0x0000000008004428                _free_r
 .text._malloc_r
                0x00000000080044c4       0xbc /Users/augustmason/Documents/gitHub/riptide_firmware/STM32/gcc-arm-none-eabi-6-2017-q2-update/bin/../lib/gcc/arm-none-eabi/6.3.1/../../../../arm-none-eabi/lib/thumb/v7e-m/fpv4-sp/hard/libc_nano.a(lib_a-nano-mallocr.o)
                0x00000000080044c4                _malloc_r
 .text._sbrk_r  0x0000000008004580       0x20 /Users/augustmason/Documents/gitHub/riptide_firmware/STM32/gcc-arm-none-eabi-6-2017-q2-update/bin/../lib/gcc/arm-none-eabi/6.3.1/../../../../arm-none-eabi/lib/thumb/v7e-m/fpv4-sp/hard/libc_nano.a(lib_a-sbrkr.o)
                0x0000000008004580                _sbrk_r
 .text.__malloc_lock
                0x00000000080045a0        0x2 /Users/augustmason/Documents/gitHub/riptide_firmware/STM32/gcc-arm-none-eabi-6-2017-q2-update/bin/../lib/gcc/arm-none-eabi/6.3.1/../../../../arm-none-eabi/lib/thumb/v7e-m/fpv4-sp/hard/libc_nano.a(lib_a-mlock.o)
                0x00000000080045a0                __malloc_lock
 .text.__malloc_unlock
                0x00000000080045a2        0x2 /Users/augustmason/Documents/gitHub/riptide_firmware/STM32/gcc-arm-none-eabi-6-2017-q2-update/bin/../lib/gcc/arm-none-eabi/6.3.1/../../../../arm-none-eabi/lib/thumb/v7e-m/fpv4-sp/hard/libc_nano.a(lib_a-mlock.o)
                0x00000000080045a2                __malloc_unlock
 .text._sbrk    0x00000000080045a4       0x1c /Users/augustmason/Documents/gitHub/riptide_firmware/STM32/gcc-arm-none-eabi-6-2017-q2-update/bin/../lib/gcc/arm-none-eabi/6.3.1/../../../../arm-none-eabi/lib/thumb/v7e-m/fpv4-sp/hard/libnosys.a(sbrk.o)
                0x00000000080045a4                _sbrk
 *(.glue_7)
 .glue_7        0x00000000080045c0        0x0 linker stubs
 *(.glue_7t)
 .glue_7t       0x00000000080045c0        0x0 linker stubs
 *(.eh_frame)
 .eh_frame      0x00000000080045c0        0x0 /Users/augustmason/Documents/gitHub/riptide_firmware/STM32/gcc-arm-none-eabi-6-2017-q2-update/bin/../lib/gcc/arm-none-eabi/6.3.1/thumb/v7e-m/fpv4-sp/hard/crtbegin.o
 *(.init)
 .init          0x00000000080045c0        0x4 /Users/augustmason/Documents/gitHub/riptide_firmware/STM32/gcc-arm-none-eabi-6-2017-q2-update/bin/../lib/gcc/arm-none-eabi/6.3.1/thumb/v7e-m/fpv4-sp/hard/crti.o
                0x00000000080045c0                _init
 .init          0x00000000080045c4        0x8 /Users/augustmason/Documents/gitHub/riptide_firmware/STM32/gcc-arm-none-eabi-6-2017-q2-update/bin/../lib/gcc/arm-none-eabi/6.3.1/thumb/v7e-m/fpv4-sp/hard/crtn.o
 *(.fini)
 .fini          0x00000000080045cc        0x4 /Users/augustmason/Documents/gitHub/riptide_firmware/STM32/gcc-arm-none-eabi-6-2017-q2-update/bin/../lib/gcc/arm-none-eabi/6.3.1/thumb/v7e-m/fpv4-sp/hard/crti.o
                0x00000000080045cc                _fini
 .fini          0x00000000080045d0        0x8 /Users/augustmason/Documents/gitHub/riptide_firmware/STM32/gcc-arm-none-eabi-6-2017-q2-update/bin/../lib/gcc/arm-none-eabi/6.3.1/thumb/v7e-m/fpv4-sp/hard/crtn.o
                0x00000000080045d8                . = ALIGN (0x4)
                0x00000000080045d8                _etext = .

.vfp11_veneer   0x00000000080045d8        0x0
 .vfp11_veneer  0x00000000080045d8        0x0 linker stubs

.v4_bx          0x00000000080045d8        0x0
 .v4_bx         0x00000000080045d8        0x0 linker stubs

.iplt           0x00000000080045d8        0x0
 .iplt          0x00000000080045d8        0x0 /Users/augustmason/Documents/gitHub/riptide_firmware/STM32/gcc-arm-none-eabi-6-2017-q2-update/bin/../lib/gcc/arm-none-eabi/6.3.1/thumb/v7e-m/fpv4-sp/hard/crtbegin.o

.rodata         0x00000000080045d8      0x120
                0x00000000080045d8                . = ALIGN (0x4)
 *(.rodata)
 .rodata        0x00000000080045d8       0x14 build/main.o
 .rodata        0x00000000080045ec        0xf build/riptideThreads.o
 *(.rodata*)
 *fill*         0x00000000080045fb        0x1 
 .rodata.vTaskStartScheduler.str1.4
                0x00000000080045fc        0x5 build/tasks.o
 *fill*         0x0000000008004601        0x3 
 .rodata.AHBPrescTable
                0x0000000008004604       0x10 build/system_stm32f4xx.o
                0x0000000008004604                AHBPrescTable
 .rodata.APBPrescTable
                0x0000000008004614        0x8 build/system_stm32f4xx.o
                0x0000000008004614                APBPrescTable
 .rodata.SystemClock_Config.str1.4
                0x000000000800461c        0xb build/main.o
 *fill*         0x0000000008004627        0x1 
 .rodata.str1.4
                0x0000000008004628        0xc build/main.o
 .rodata.USBD_HS_ConfigStrDescriptor.str1.4
                0x0000000008004634        0xb build/usbd_desc.o
 *fill*         0x000000000800463f        0x1 
 .rodata.USBD_HS_InterfaceStrDescriptor.str1.4
                0x0000000008004640        0xe build/usbd_desc.o
 *fill*         0x000000000800464e        0x2 
 .rodata.USBD_HS_ManufacturerStrDescriptor.str1.4
                0x0000000008004650       0x13 build/usbd_desc.o
 *fill*         0x0000000008004663        0x1 
 .rodata.USBD_HS_ProductStrDescriptor.str1.4
                0x0000000008004664       0x16 build/usbd_desc.o
 *fill*         0x000000000800467a        0x2 
 .rodata.USBD_HS_SerialStrDescriptor.str1.4
                0x000000000800467c        0xd build/usbd_desc.o
 *fill*         0x0000000008004689        0x3 
 .rodata.USBD_LL_Init.str1.4
                0x000000000800468c       0x10 build/usbd_conf.o
 .rodata.Riptide_CDC_Receive.str1.4
                0x000000000800469c       0x32 build/riptideFunctions.o
 *fill*         0x00000000080046ce        0x2 
 .rodata.riptideMain.str1.4
                0x00000000080046d0       0x1a build/riptideMain.o
 *fill*         0x00000000080046ea        0x2 
 .rodata.vHeartbeat.str1.4
                0x00000000080046ec        0xc build/riptideThreads.o
                0x00000000080046f8                . = ALIGN (0x4)

.rel.dyn        0x00000000080046f8        0x0
 .rel.iplt      0x00000000080046f8        0x0 /Users/augustmason/Documents/gitHub/riptide_firmware/STM32/gcc-arm-none-eabi-6-2017-q2-update/bin/../lib/gcc/arm-none-eabi/6.3.1/thumb/v7e-m/fpv4-sp/hard/crtbegin.o

.ARM.extab
 *(.ARM.extab* .gnu.linkonce.armextab.*)

.ARM            0x00000000080046f8        0x0
                0x00000000080046f8                __exidx_start = .
 *(.ARM.exidx*)
                0x00000000080046f8                __exidx_end = .

.preinit_array  0x00000000080046f8        0x0
                0x00000000080046f8                PROVIDE (__preinit_array_start, .)
 *(.preinit_array*)
                0x00000000080046f8                PROVIDE (__preinit_array_end, .)

.init_array     0x00000000080046f8        0x4
                0x00000000080046f8                PROVIDE (__init_array_start, .)
 *(SORT(.init_array.*))
 *(.init_array*)
 .init_array    0x00000000080046f8        0x4 /Users/augustmason/Documents/gitHub/riptide_firmware/STM32/gcc-arm-none-eabi-6-2017-q2-update/bin/../lib/gcc/arm-none-eabi/6.3.1/thumb/v7e-m/fpv4-sp/hard/crtbegin.o
                0x00000000080046fc                PROVIDE (__init_array_end, .)

.fini_array     0x00000000080046fc        0x4
                [!provide]                        PROVIDE (__fini_array_start, .)
 *(SORT(.fini_array.*))
 *(.fini_array*)
 .fini_array    0x00000000080046fc        0x4 /Users/augustmason/Documents/gitHub/riptide_firmware/STM32/gcc-arm-none-eabi-6-2017-q2-update/bin/../lib/gcc/arm-none-eabi/6.3.1/thumb/v7e-m/fpv4-sp/hard/crtbegin.o
                [!provide]                        PROVIDE (__fini_array_end, .)
                0x0000000008004700                _sidata = LOADADDR (.data)

.data           0x0000000020000000      0x1c0 load address 0x0000000008004700
                0x0000000020000000                . = ALIGN (0x4)
                0x0000000020000000                _sdata = .
 *(.data)
 *(.data*)
 .data.uxCriticalNesting
                0x0000000020000000        0x4 build/port.o
 .data.SystemCoreClock
                0x0000000020000004        0x4 build/system_stm32f4xx.o
                0x0000000020000004                SystemCoreClock
 .data.USBD_Interface_fops_HS
                0x0000000020000008       0x10 build/usbd_cdc_if.o
                0x0000000020000008                USBD_Interface_fops_HS
 .data.HS_Desc  0x0000000020000018       0x1c build/usbd_desc.o
                0x0000000020000018                HS_Desc
 .data.USBD_HS_DeviceDesc
                0x0000000020000034       0x12 build/usbd_desc.o
                0x0000000020000034                USBD_HS_DeviceDesc
 *fill*         0x0000000020000046        0x2 
 .data.USBD_LangIDDesc
                0x0000000020000048        0x4 build/usbd_desc.o
                0x0000000020000048                USBD_LangIDDesc
 .data.USBD_CDC
                0x000000002000004c       0x38 build/usbd_cdc.o
                0x000000002000004c                USBD_CDC
 .data.USBD_CDC_CfgFSDesc
                0x0000000020000084       0x43 build/usbd_cdc.o
                0x0000000020000084                USBD_CDC_CfgFSDesc
 *fill*         0x00000000200000c7        0x1 
 .data.USBD_CDC_CfgHSDesc
                0x00000000200000c8       0x43 build/usbd_cdc.o
                0x00000000200000c8                USBD_CDC_CfgHSDesc
 *fill*         0x000000002000010b        0x1 
 .data.USBD_CDC_DeviceQualifierDesc
                0x000000002000010c        0xa build/usbd_cdc.o
 *fill*         0x0000000020000116        0x2 
 .data.USBD_CDC_OtherSpeedCfgDesc
                0x0000000020000118       0x43 build/usbd_cdc.o
                0x0000000020000118                USBD_CDC_OtherSpeedCfgDesc
 *fill*         0x000000002000015b        0x1 
 .data._impure_ptr
                0x000000002000015c        0x4 /Users/augustmason/Documents/gitHub/riptide_firmware/STM32/gcc-arm-none-eabi-6-2017-q2-update/bin/../lib/gcc/arm-none-eabi/6.3.1/../../../../arm-none-eabi/lib/thumb/v7e-m/fpv4-sp/hard/libc_nano.a(lib_a-impure.o)
                0x000000002000015c                _impure_ptr
 .data.impure_data
                0x0000000020000160       0x60 /Users/augustmason/Documents/gitHub/riptide_firmware/STM32/gcc-arm-none-eabi-6-2017-q2-update/bin/../lib/gcc/arm-none-eabi/6.3.1/../../../../arm-none-eabi/lib/thumb/v7e-m/fpv4-sp/hard/libc_nano.a(lib_a-impure.o)
                0x00000000200001c0                . = ALIGN (0x4)
                0x00000000200001c0                _edata = .
                0x00000000080048c0                _siccmram = LOADADDR (.ccmram)

.jcr            0x00000000200001c0        0x0 load address 0x00000000080048c0
 .jcr           0x00000000200001c0        0x0 /Users/augustmason/Documents/gitHub/riptide_firmware/STM32/gcc-arm-none-eabi-6-2017-q2-update/bin/../lib/gcc/arm-none-eabi/6.3.1/thumb/v7e-m/fpv4-sp/hard/crtbegin.o

.igot.plt       0x00000000200001c0        0x0 load address 0x00000000080048c0
 .igot.plt      0x00000000200001c0        0x0 /Users/augustmason/Documents/gitHub/riptide_firmware/STM32/gcc-arm-none-eabi-6-2017-q2-update/bin/../lib/gcc/arm-none-eabi/6.3.1/thumb/v7e-m/fpv4-sp/hard/crtbegin.o

.ccmram         0x0000000010000000        0x0 load address 0x00000000080048c0
                0x0000000010000000                . = ALIGN (0x4)
                0x0000000010000000                _sccmram = .
 *(.ccmram)
 *(.ccmram*)
                0x0000000010000000                . = ALIGN (0x4)
                0x0000000010000000                _eccmram = .
                0x0000000010000000                . = ALIGN (0x4)

.bss            0x00000000200001c0     0x55d4
                0x00000000200001c0                _sbss = .
                0x00000000200001c0                __bss_start__ = _sbss
 *(.bss)
 .bss           0x00000000200001c0       0x1c /Users/augustmason/Documents/gitHub/riptide_firmware/STM32/gcc-arm-none-eabi-6-2017-q2-update/bin/../lib/gcc/arm-none-eabi/6.3.1/thumb/v7e-m/fpv4-sp/hard/crtbegin.o
 *(.bss*)
 .bss.ucMaxSysCallPriority
                0x00000000200001dc        0x1 build/port.o
 *fill*         0x00000000200001dd        0x3 
 .bss.ulMaxPRIGROUPValue
                0x00000000200001e0        0x4 build/port.o
 .bss.pxCurrentTCB
                0x00000000200001e4        0x4 build/tasks.o
                0x00000000200001e4                pxCurrentTCB
 .bss.pxDelayedTaskList
                0x00000000200001e8        0x4 build/tasks.o
 .bss.pxOverflowDelayedTaskList
                0x00000000200001ec        0x4 build/tasks.o
 .bss.pxReadyTasksLists
                0x00000000200001f0       0x8c build/tasks.o
 .bss.uxCurrentNumberOfTasks
                0x000000002000027c        0x4 build/tasks.o
 .bss.uxDeletedTasksWaitingCleanUp
                0x0000000020000280        0x4 build/tasks.o
 .bss.uxPendedTicks
                0x0000000020000284        0x4 build/tasks.o
 .bss.uxSchedulerSuspended
                0x0000000020000288        0x4 build/tasks.o
 .bss.uxTaskNumber
                0x000000002000028c        0x4 build/tasks.o
 .bss.uxTopReadyPriority
                0x0000000020000290        0x4 build/tasks.o
 .bss.xDelayedTaskList1
                0x0000000020000294       0x14 build/tasks.o
 .bss.xDelayedTaskList2
                0x00000000200002a8       0x14 build/tasks.o
 .bss.xIdleTaskHandle
                0x00000000200002bc        0x4 build/tasks.o
 .bss.xNextTaskUnblockTime
                0x00000000200002c0        0x4 build/tasks.o
 .bss.xNumOfOverflows
                0x00000000200002c4        0x4 build/tasks.o
 .bss.xPendingReadyList
                0x00000000200002c8       0x14 build/tasks.o
 .bss.xSchedulerRunning
                0x00000000200002dc        0x4 build/tasks.o
 .bss.xSuspendedTaskList
                0x00000000200002e0       0x14 build/tasks.o
 .bss.xTasksWaitingTermination
                0x00000000200002f4       0x14 build/tasks.o
 .bss.xTickCount
                0x0000000020000308        0x4 build/tasks.o
 .bss.xYieldPending
                0x000000002000030c        0x4 build/tasks.o
 .bss.pxEnd     0x0000000020000310        0x4 build/heap_4.o
 .bss.ucHeap    0x0000000020000314     0x3c00 build/heap_4.o
 .bss.xBlockAllocatedBit
                0x0000000020003f14        0x4 build/heap_4.o
 .bss.xFreeBytesRemaining
                0x0000000020003f18        0x4 build/heap_4.o
 .bss.xMinimumEverFreeBytesRemaining
                0x0000000020003f1c        0x4 build/heap_4.o
 .bss.xStart    0x0000000020003f20        0x8 build/heap_4.o
 .bss.cfgidx.9741
                0x0000000020003f28        0x1 build/usbd_ctlreq.o
 .bss.ifalt.9736
                0x0000000020003f29        0x1 build/usbd_cdc.o
 *fill*         0x0000000020003f2a        0x2 
 .bss.__malloc_free_list
                0x0000000020003f2c        0x4 /Users/augustmason/Documents/gitHub/riptide_firmware/STM32/gcc-arm-none-eabi-6-2017-q2-update/bin/../lib/gcc/arm-none-eabi/6.3.1/../../../../arm-none-eabi/lib/thumb/v7e-m/fpv4-sp/hard/libc_nano.a(lib_a-nano-mallocr.o)
                0x0000000020003f2c                __malloc_free_list
 .bss.__malloc_sbrk_start
                0x0000000020003f30        0x4 /Users/augustmason/Documents/gitHub/riptide_firmware/STM32/gcc-arm-none-eabi-6-2017-q2-update/bin/../lib/gcc/arm-none-eabi/6.3.1/../../../../arm-none-eabi/lib/thumb/v7e-m/fpv4-sp/hard/libc_nano.a(lib_a-nano-mallocr.o)
                0x0000000020003f30                __malloc_sbrk_start
 .bss.heap_end.5239
                0x0000000020003f34        0x4 /Users/augustmason/Documents/gitHub/riptide_firmware/STM32/gcc-arm-none-eabi-6-2017-q2-update/bin/../lib/gcc/arm-none-eabi/6.3.1/../../../../arm-none-eabi/lib/thumb/v7e-m/fpv4-sp/hard/libnosys.a(sbrk.o)
 *(COMMON)
 COMMON         0x0000000020003f38       0x3c build/stm32f4xx_hal_timebase_TIM.o
                0x0000000020003f38                htim1
 COMMON         0x0000000020003f74        0x4 build/stm32f4xx_hal.o
                0x0000000020003f74                uwTick
 COMMON         0x0000000020003f78        0x4 build/main.o
                0x0000000020003f78                defaultTaskHandle
 COMMON         0x0000000020003f7c     0x1000 build/usbd_cdc_if.o
                0x0000000020003f7c                UserRxBufferHS
                0x000000002000477c                UserTxBufferHS
 COMMON         0x0000000020004f7c      0x200 build/usbd_desc.o
                0x0000000020004f7c                USBD_StrDesc
 COMMON         0x000000002000517c      0x3f0 build/usbd_conf.o
                0x000000002000517c                hpcd_USB_OTG_HS
 COMMON         0x000000002000556c      0x224 build/usb_device.o
                0x000000002000556c                hUsbDeviceHS
 COMMON         0x0000000020005790        0x4 /Users/augustmason/Documents/gitHub/riptide_firmware/STM32/gcc-arm-none-eabi-6-2017-q2-update/bin/../lib/gcc/arm-none-eabi/6.3.1/../../../../arm-none-eabi/lib/thumb/v7e-m/fpv4-sp/hard/libc_nano.a(lib_a-reent.o)
                0x0000000020005790                errno
                0x0000000020005794                . = ALIGN (0x4)
                0x0000000020005794                _ebss = .
                0x0000000020005794                __bss_end__ = _ebss

._user_heap_stack
                0x0000000020005794      0x604
                0x0000000020005798                . = ALIGN (0x8)
 *fill*         0x0000000020005794        0x4 
                0x0000000020005798                PROVIDE (end, .)
                [!provide]                        PROVIDE (_end, .)
                0x0000000020005998                . = (. + _Min_Heap_Size)
 *fill*         0x0000000020005798      0x200 
                0x0000000020005d98                . = (. + _Min_Stack_Size)
 *fill*         0x0000000020005998      0x400 
                0x0000000020005d98                . = ALIGN (0x8)

/DISCARD/
 libc.a(*)
 libm.a(*)
 libgcc.a(*)

.ARM.attributes
                0x0000000000000000       0x30
 *(.ARM.attributes)
 .ARM.attributes
                0x0000000000000000       0x22 /Users/augustmason/Documents/gitHub/riptide_firmware/STM32/gcc-arm-none-eabi-6-2017-q2-update/bin/../lib/gcc/arm-none-eabi/6.3.1/thumb/v7e-m/fpv4-sp/hard/crti.o
 .ARM.attributes
                0x0000000000000022       0x34 /Users/augustmason/Documents/gitHub/riptide_firmware/STM32/gcc-arm-none-eabi-6-2017-q2-update/bin/../lib/gcc/arm-none-eabi/6.3.1/thumb/v7e-m/fpv4-sp/hard/crtbegin.o
 .ARM.attributes
                0x0000000000000056       0x39 build/stm32f4xx_hal_msp.o
 .ARM.attributes
                0x000000000000008f       0x39 build/stm32f4xx_hal_timebase_TIM.o
 .ARM.attributes
                0x00000000000000c8       0x39 build/stm32f4xx_hal_pcd.o
 .ARM.attributes
                0x0000000000000101       0x39 build/stm32f4xx_hal_cortex.o
 .ARM.attributes
                0x000000000000013a       0x39 build/stm32f4xx_it.o
 .ARM.attributes
                0x0000000000000173       0x39 build/port.o
 .ARM.attributes
                0x00000000000001ac       0x39 build/stm32f4xx_hal.o
 .ARM.attributes
                0x00000000000001e5       0x39 build/tasks.o
 .ARM.attributes
                0x000000000000021e       0x39 build/system_stm32f4xx.o
 .ARM.attributes
                0x0000000000000257       0x39 build/main.o
 .ARM.attributes
                0x0000000000000290       0x39 build/stm32f4xx_hal_gpio.o
 .ARM.attributes
                0x00000000000002c9       0x39 build/heap_4.o
 .ARM.attributes
                0x0000000000000302       0x39 build/stm32f4xx_hal_tim.o
 .ARM.attributes
                0x000000000000033b       0x39 build/stm32f4xx_hal_pcd_ex.o
 .ARM.attributes
                0x0000000000000374       0x39 build/list.o
 .ARM.attributes
                0x00000000000003ad       0x39 build/stm32f4xx_ll_usb.o
 .ARM.attributes
                0x00000000000003e6       0x39 build/stm32f4xx_hal_tim_ex.o
 .ARM.attributes
                0x000000000000041f       0x39 build/stm32f4xx_hal_rcc.o
 .ARM.attributes
                0x0000000000000458       0x39 build/cmsis_os.o
 .ARM.attributes
                0x0000000000000491       0x39 build/usbd_cdc_if.o
 .ARM.attributes
                0x00000000000004ca       0x39 build/usbd_desc.o
 .ARM.attributes
                0x0000000000000503       0x39 build/usbd_conf.o
 .ARM.attributes
                0x000000000000053c       0x39 build/usbd_core.o
 .ARM.attributes
                0x0000000000000575       0x39 build/usbd_ctlreq.o
 .ARM.attributes
                0x00000000000005ae       0x39 build/usbd_ioreq.o
 .ARM.attributes
                0x00000000000005e7       0x39 build/usbd_cdc.o
 .ARM.attributes
                0x0000000000000620       0x39 build/usb_device.o
 .ARM.attributes
                0x0000000000000659       0x39 build/riptideFunctions.o
 .ARM.attributes
                0x0000000000000692       0x39 build/riptideMain.o
 .ARM.attributes
                0x00000000000006cb       0x39 build/riptideThreads.o
 .ARM.attributes
                0x0000000000000704       0x21 build/startup_stm32f405xx.o
 .ARM.attributes
                0x0000000000000725       0x34 /Users/augustmason/Documents/gitHub/riptide_firmware/STM32/gcc-arm-none-eabi-6-2017-q2-update/bin/../lib/gcc/arm-none-eabi/6.3.1/../../../../arm-none-eabi/lib/thumb/v7e-m/fpv4-sp/hard/libc_nano.a(lib_a-impure.o)
 .ARM.attributes
                0x0000000000000759       0x34 /Users/augustmason/Documents/gitHub/riptide_firmware/STM32/gcc-arm-none-eabi-6-2017-q2-update/bin/../lib/gcc/arm-none-eabi/6.3.1/../../../../arm-none-eabi/lib/thumb/v7e-m/fpv4-sp/hard/libc_nano.a(lib_a-init.o)
 .ARM.attributes
                0x000000000000078d       0x34 /Users/augustmason/Documents/gitHub/riptide_firmware/STM32/gcc-arm-none-eabi-6-2017-q2-update/bin/../lib/gcc/arm-none-eabi/6.3.1/../../../../arm-none-eabi/lib/thumb/v7e-m/fpv4-sp/hard/libc_nano.a(lib_a-malloc.o)
 .ARM.attributes
                0x00000000000007c1       0x34 /Users/augustmason/Documents/gitHub/riptide_firmware/STM32/gcc-arm-none-eabi-6-2017-q2-update/bin/../lib/gcc/arm-none-eabi/6.3.1/../../../../arm-none-eabi/lib/thumb/v7e-m/fpv4-sp/hard/libc_nano.a(lib_a-nano-freer.o)
 .ARM.attributes
                0x00000000000007f5       0x34 /Users/augustmason/Documents/gitHub/riptide_firmware/STM32/gcc-arm-none-eabi-6-2017-q2-update/bin/../lib/gcc/arm-none-eabi/6.3.1/../../../../arm-none-eabi/lib/thumb/v7e-m/fpv4-sp/hard/libc_nano.a(lib_a-nano-mallocr.o)
 .ARM.attributes
                0x0000000000000829       0x34 /Users/augustmason/Documents/gitHub/riptide_firmware/STM32/gcc-arm-none-eabi-6-2017-q2-update/bin/../lib/gcc/arm-none-eabi/6.3.1/../../../../arm-none-eabi/lib/thumb/v7e-m/fpv4-sp/hard/libc_nano.a(lib_a-sbrkr.o)
 .ARM.attributes
                0x000000000000085d       0x34 /Users/augustmason/Documents/gitHub/riptide_firmware/STM32/gcc-arm-none-eabi-6-2017-q2-update/bin/../lib/gcc/arm-none-eabi/6.3.1/../../../../arm-none-eabi/lib/thumb/v7e-m/fpv4-sp/hard/libc_nano.a(lib_a-mlock.o)
 .ARM.attributes
                0x0000000000000891       0x34 /Users/augustmason/Documents/gitHub/riptide_firmware/STM32/gcc-arm-none-eabi-6-2017-q2-update/bin/../lib/gcc/arm-none-eabi/6.3.1/../../../../arm-none-eabi/lib/thumb/v7e-m/fpv4-sp/hard/libc_nano.a(lib_a-reent.o)
 .ARM.attributes
                0x00000000000008c5       0x34 /Users/augustmason/Documents/gitHub/riptide_firmware/STM32/gcc-arm-none-eabi-6-2017-q2-update/bin/../lib/gcc/arm-none-eabi/6.3.1/../../../../arm-none-eabi/lib/thumb/v7e-m/fpv4-sp/hard/libnosys.a(sbrk.o)
 .ARM.attributes
                0x00000000000008f9       0x22 /Users/augustmason/Documents/gitHub/riptide_firmware/STM32/gcc-arm-none-eabi-6-2017-q2-update/bin/../lib/gcc/arm-none-eabi/6.3.1/thumb/v7e-m/fpv4-sp/hard/crtn.o
OUTPUT(build/stmComms.elf elf32-littlearm)

.debug_info     0x0000000000000000    0x2b1c9
 .debug_info    0x0000000000000000      0xd54 build/stm32f4xx_hal_msp.o
 .debug_info    0x0000000000000d54     0x158d build/stm32f4xx_hal_timebase_TIM.o
 .debug_info    0x00000000000022e1     0x1f07 build/stm32f4xx_hal_pcd.o
 .debug_info    0x00000000000041e8     0x1908 build/stm32f4xx_hal_cortex.o
 .debug_info    0x0000000000005af0     0x149c build/stm32f4xx_it.o
 .debug_info    0x0000000000006f8c      0x56e build/port.o
 .debug_info    0x00000000000074fa     0x1334 build/stm32f4xx_hal.o
 .debug_info    0x000000000000882e     0x2b39 build/tasks.o
 .debug_info    0x000000000000b367      0xe89 build/system_stm32f4xx.o
 .debug_info    0x000000000000c1f0     0x1f5b build/main.o
 .debug_info    0x000000000000e14b     0x1113 build/stm32f4xx_hal_gpio.o
 .debug_info    0x000000000000f25e      0xd82 build/heap_4.o
 .debug_info    0x000000000000ffe0     0x3a2f build/stm32f4xx_hal_tim.o
 .debug_info    0x0000000000013a0f      0xf30 build/stm32f4xx_hal_pcd_ex.o
 .debug_info    0x000000000001493f      0xbe3 build/list.o
 .debug_info    0x0000000000015522     0x21b2 build/stm32f4xx_ll_usb.o
 .debug_info    0x00000000000176d4     0x1d72 build/stm32f4xx_hal_tim_ex.o
 .debug_info    0x0000000000019446     0x16bd build/stm32f4xx_hal_rcc.o
 .debug_info    0x000000000001ab03     0x258a build/cmsis_os.o
 .debug_info    0x000000000001d08d     0x127e build/usbd_cdc_if.o
 .debug_info    0x000000000001e30b      0xe80 build/usbd_desc.o
 .debug_info    0x000000000001f18b     0x258d build/usbd_conf.o
 .debug_info    0x0000000000021718     0x165f build/usbd_core.o
 .debug_info    0x0000000000022d77     0x1807 build/usbd_ctlreq.o
 .debug_info    0x000000000002457e     0x1157 build/usbd_ioreq.o
 .debug_info    0x00000000000256d5     0x174f build/usbd_cdc.o
 .debug_info    0x0000000000026e24     0x1006 build/usb_device.o
 .debug_info    0x0000000000027e2a     0x11d3 build/riptideFunctions.o
 .debug_info    0x0000000000028ffd      0xff7 build/riptideMain.o
 .debug_info    0x0000000000029ff4     0x1157 build/riptideThreads.o
 .debug_info    0x000000000002b14b       0x7e build/startup_stm32f405xx.o

.debug_abbrev   0x0000000000000000     0x5264
 .debug_abbrev  0x0000000000000000      0x1eb build/stm32f4xx_hal_msp.o
 .debug_abbrev  0x00000000000001eb      0x277 build/stm32f4xx_hal_timebase_TIM.o
 .debug_abbrev  0x0000000000000462      0x34e build/stm32f4xx_hal_pcd.o
 .debug_abbrev  0x00000000000007b0      0x3da build/stm32f4xx_hal_cortex.o
 .debug_abbrev  0x0000000000000b8a      0x219 build/stm32f4xx_it.o
 .debug_abbrev  0x0000000000000da3      0x21f build/port.o
 .debug_abbrev  0x0000000000000fc2      0x343 build/stm32f4xx_hal.o
 .debug_abbrev  0x0000000000001305      0x3fe build/tasks.o
 .debug_abbrev  0x0000000000001703      0x1e6 build/system_stm32f4xx.o
 .debug_abbrev  0x00000000000018e9      0x2eb build/main.o
 .debug_abbrev  0x0000000000001bd4      0x2bc build/stm32f4xx_hal_gpio.o
 .debug_abbrev  0x0000000000001e90      0x312 build/heap_4.o
 .debug_abbrev  0x00000000000021a2      0x30c build/stm32f4xx_hal_tim.o
 .debug_abbrev  0x00000000000024ae      0x22d build/stm32f4xx_hal_pcd_ex.o
 .debug_abbrev  0x00000000000026db      0x217 build/list.o
 .debug_abbrev  0x00000000000028f2      0x31e build/stm32f4xx_ll_usb.o
 .debug_abbrev  0x0000000000002c10      0x2f4 build/stm32f4xx_hal_tim_ex.o
 .debug_abbrev  0x0000000000002f04      0x388 build/stm32f4xx_hal_rcc.o
 .debug_abbrev  0x000000000000328c      0x3cf build/cmsis_os.o
 .debug_abbrev  0x000000000000365b      0x2ed build/usbd_cdc_if.o
 .debug_abbrev  0x0000000000003948      0x270 build/usbd_desc.o
 .debug_abbrev  0x0000000000003bb8      0x2ea build/usbd_conf.o
 .debug_abbrev  0x0000000000003ea2      0x2e0 build/usbd_core.o
 .debug_abbrev  0x0000000000004182      0x323 build/usbd_ctlreq.o
 .debug_abbrev  0x00000000000044a5      0x1f5 build/usbd_ioreq.o
 .debug_abbrev  0x000000000000469a      0x32a build/usbd_cdc.o
 .debug_abbrev  0x00000000000049c4      0x1f8 build/usb_device.o
 .debug_abbrev  0x0000000000004bbc      0x274 build/riptideFunctions.o
 .debug_abbrev  0x0000000000004e30      0x1f8 build/riptideMain.o
 .debug_abbrev  0x0000000000005028      0x22a build/riptideThreads.o
 .debug_abbrev  0x0000000000005252       0x12 build/startup_stm32f405xx.o

.debug_loc      0x0000000000000000     0xfe81
 .debug_loc     0x0000000000000000       0x20 build/stm32f4xx_hal_msp.o
 .debug_loc     0x0000000000000020       0xae build/stm32f4xx_hal_timebase_TIM.o
 .debug_loc     0x00000000000000ce      0xed9 build/stm32f4xx_hal_pcd.o
 .debug_loc     0x0000000000000fa7      0x65e build/stm32f4xx_hal_cortex.o
 .debug_loc     0x0000000000001605       0x60 build/stm32f4xx_it.o
 .debug_loc     0x0000000000001665      0x168 build/port.o
 .debug_loc     0x00000000000017cd      0x129 build/stm32f4xx_hal.o
 .debug_loc     0x00000000000018f6     0x1a02 build/tasks.o
 .debug_loc     0x00000000000032f8      0x13e build/system_stm32f4xx.o
 .debug_loc     0x0000000000003436      0x145 build/main.o
 .debug_loc     0x000000000000357b      0x4b9 build/stm32f4xx_hal_gpio.o
 .debug_loc     0x0000000000003a34      0x324 build/heap_4.o
 .debug_loc     0x0000000000003d58     0x3f30 build/stm32f4xx_hal_tim.o
 .debug_loc     0x0000000000007c88       0xe3 build/stm32f4xx_hal_pcd_ex.o
 .debug_loc     0x0000000000007d6b       0x9c build/list.o
 .debug_loc     0x0000000000007e07     0x1b56 build/stm32f4xx_ll_usb.o
 .debug_loc     0x000000000000995d     0x1298 build/stm32f4xx_hal_tim_ex.o
 .debug_loc     0x000000000000abf5      0x643 build/stm32f4xx_hal_rcc.o
 .debug_loc     0x000000000000b238     0x16ee build/cmsis_os.o
 .debug_loc     0x000000000000c926      0x189 build/usbd_cdc_if.o
 .debug_loc     0x000000000000caaf      0x357 build/usbd_desc.o
 .debug_loc     0x000000000000ce06      0xf5f build/usbd_conf.o
 .debug_loc     0x000000000000dd65      0x8a8 build/usbd_core.o
 .debug_loc     0x000000000000e60d      0xd28 build/usbd_ctlreq.o
 .debug_loc     0x000000000000f335      0x31c build/usbd_ioreq.o
 .debug_loc     0x000000000000f651      0x5b1 build/usbd_cdc.o
 .debug_loc     0x000000000000fc02       0x20 build/usb_device.o
 .debug_loc     0x000000000000fc22      0x18d build/riptideFunctions.o
 .debug_loc     0x000000000000fdaf       0x38 build/riptideMain.o
 .debug_loc     0x000000000000fde7       0x9a build/riptideThreads.o

.debug_aranges  0x0000000000000000     0x13b8
 .debug_aranges
                0x0000000000000000       0x20 build/stm32f4xx_hal_msp.o
 .debug_aranges
                0x0000000000000020       0x30 build/stm32f4xx_hal_timebase_TIM.o
 .debug_aranges
                0x0000000000000050      0x120 build/stm32f4xx_hal_pcd.o
 .debug_aranges
                0x0000000000000170       0xa8 build/stm32f4xx_hal_cortex.o
 .debug_aranges
                0x0000000000000218       0x60 build/stm32f4xx_it.o
 .debug_aranges
                0x0000000000000278       0x80 build/port.o
 .debug_aranges
                0x00000000000002f8       0xc8 build/stm32f4xx_hal.o
 .debug_aranges
                0x00000000000003c0      0x190 build/tasks.o
 .debug_aranges
                0x0000000000000550       0x28 build/system_stm32f4xx.o
 .debug_aranges
                0x0000000000000578       0x48 build/main.o
 .debug_aranges
                0x00000000000005c0       0x58 build/stm32f4xx_hal_gpio.o
 .debug_aranges
                0x0000000000000618       0x50 build/heap_4.o
 .debug_aranges
                0x0000000000000668      0x368 build/stm32f4xx_hal_tim.o
 .debug_aranges
                0x00000000000009d0       0x28 build/stm32f4xx_hal_pcd_ex.o
 .debug_aranges
                0x00000000000009f8       0x40 build/list.o
 .debug_aranges
                0x0000000000000a38      0x180 build/stm32f4xx_ll_usb.o
 .debug_aranges
                0x0000000000000bb8      0x140 build/stm32f4xx_hal_tim_ex.o
 .debug_aranges
                0x0000000000000cf8       0x88 build/stm32f4xx_hal_rcc.o
 .debug_aranges
                0x0000000000000d80      0x1d8 build/cmsis_os.o
 .debug_aranges
                0x0000000000000f58       0x40 build/usbd_cdc_if.o
 .debug_aranges
                0x0000000000000f98       0x50 build/usbd_desc.o
 .debug_aranges
                0x0000000000000fe8       0xf8 build/usbd_conf.o
 .debug_aranges
                0x00000000000010e0       0xb8 build/usbd_core.o
 .debug_aranges
                0x0000000000001198       0x88 build/usbd_ctlreq.o
 .debug_aranges
                0x0000000000001220       0x50 build/usbd_ioreq.o
 .debug_aranges
                0x0000000000001270       0x90 build/usbd_cdc.o
 .debug_aranges
                0x0000000000001300       0x20 build/usb_device.o
 .debug_aranges
                0x0000000000001320       0x28 build/riptideFunctions.o
 .debug_aranges
                0x0000000000001348       0x20 build/riptideMain.o
 .debug_aranges
                0x0000000000001368       0x28 build/riptideThreads.o
 .debug_aranges
                0x0000000000001390       0x28 build/startup_stm32f405xx.o

.debug_ranges   0x0000000000000000     0x12f0
 .debug_ranges  0x0000000000000000       0x10 build/stm32f4xx_hal_msp.o
 .debug_ranges  0x0000000000000010       0x20 build/stm32f4xx_hal_timebase_TIM.o
 .debug_ranges  0x0000000000000030      0x110 build/stm32f4xx_hal_pcd.o
 .debug_ranges  0x0000000000000140       0xf8 build/stm32f4xx_hal_cortex.o
 .debug_ranges  0x0000000000000238       0x50 build/stm32f4xx_it.o
 .debug_ranges  0x0000000000000288       0x88 build/port.o
 .debug_ranges  0x0000000000000310       0xb8 build/stm32f4xx_hal.o
 .debug_ranges  0x00000000000003c8      0x228 build/tasks.o
 .debug_ranges  0x00000000000005f0       0x18 build/system_stm32f4xx.o
 .debug_ranges  0x0000000000000608       0x38 build/main.o
 .debug_ranges  0x0000000000000640       0x48 build/stm32f4xx_hal_gpio.o
 .debug_ranges  0x0000000000000688       0x40 build/heap_4.o
 .debug_ranges  0x00000000000006c8      0x358 build/stm32f4xx_hal_tim.o
 .debug_ranges  0x0000000000000a20       0x18 build/stm32f4xx_hal_pcd_ex.o
 .debug_ranges  0x0000000000000a38       0x30 build/list.o
 .debug_ranges  0x0000000000000a68      0x170 build/stm32f4xx_ll_usb.o
 .debug_ranges  0x0000000000000bd8      0x130 build/stm32f4xx_hal_tim_ex.o
 .debug_ranges  0x0000000000000d08       0x78 build/stm32f4xx_hal_rcc.o
 .debug_ranges  0x0000000000000d80      0x1c8 build/cmsis_os.o
 .debug_ranges  0x0000000000000f48       0x30 build/usbd_cdc_if.o
 .debug_ranges  0x0000000000000f78       0x40 build/usbd_desc.o
 .debug_ranges  0x0000000000000fb8       0xe8 build/usbd_conf.o
 .debug_ranges  0x00000000000010a0       0xa8 build/usbd_core.o
 .debug_ranges  0x0000000000001148       0x78 build/usbd_ctlreq.o
 .debug_ranges  0x00000000000011c0       0x40 build/usbd_ioreq.o
 .debug_ranges  0x0000000000001200       0x80 build/usbd_cdc.o
 .debug_ranges  0x0000000000001280       0x10 build/usb_device.o
 .debug_ranges  0x0000000000001290       0x18 build/riptideFunctions.o
 .debug_ranges  0x00000000000012a8       0x10 build/riptideMain.o
 .debug_ranges  0x00000000000012b8       0x18 build/riptideThreads.o
 .debug_ranges  0x00000000000012d0       0x20 build/startup_stm32f405xx.o

.debug_line     0x0000000000000000     0xab31
 .debug_line    0x0000000000000000      0x2c3 build/stm32f4xx_hal_msp.o
 .debug_line    0x00000000000002c3      0x352 build/stm32f4xx_hal_timebase_TIM.o
 .debug_line    0x0000000000000615      0x80e build/stm32f4xx_hal_pcd.o
 .debug_line    0x0000000000000e23      0x4f8 build/stm32f4xx_hal_cortex.o
 .debug_line    0x000000000000131b      0x3d3 build/stm32f4xx_it.o
 .debug_line    0x00000000000016ee      0x35b build/port.o
 .debug_line    0x0000000000001a49      0x4a2 build/stm32f4xx_hal.o
 .debug_line    0x0000000000001eeb      0xbef build/tasks.o
 .debug_line    0x0000000000002ada      0x2b3 build/system_stm32f4xx.o
 .debug_line    0x0000000000002d8d      0x54f build/main.o
 .debug_line    0x00000000000032dc      0x472 build/stm32f4xx_hal_gpio.o
 .debug_line    0x000000000000374e      0x45f build/heap_4.o
 .debug_line    0x0000000000003bad     0x1443 build/stm32f4xx_hal_tim.o
 .debug_line    0x0000000000004ff0      0x332 build/stm32f4xx_hal_pcd_ex.o
 .debug_line    0x0000000000005322      0x3b8 build/list.o
 .debug_line    0x00000000000056da      0x95f build/stm32f4xx_ll_usb.o
 .debug_line    0x0000000000006039      0x8ce build/stm32f4xx_hal_tim_ex.o
 .debug_line    0x0000000000006907      0x649 build/stm32f4xx_hal_rcc.o
 .debug_line    0x0000000000006f50      0x956 build/cmsis_os.o
 .debug_line    0x00000000000078a6      0x3d6 build/usbd_cdc_if.o
 .debug_line    0x0000000000007c7c      0x3c9 build/usbd_desc.o
 .debug_line    0x0000000000008045      0x691 build/usbd_conf.o
 .debug_line    0x00000000000086d6      0x570 build/usbd_core.o
 .debug_line    0x0000000000008c46      0x574 build/usbd_ctlreq.o
 .debug_line    0x00000000000091ba      0x3da build/usbd_ioreq.o
 .debug_line    0x0000000000009594      0x541 build/usbd_cdc.o
 .debug_line    0x0000000000009ad5      0x3b2 build/usb_device.o
 .debug_line    0x0000000000009e87      0x403 build/riptideFunctions.o
 .debug_line    0x000000000000a28a      0x3d9 build/riptideMain.o
 .debug_line    0x000000000000a663      0x45a build/riptideThreads.o
 .debug_line    0x000000000000aabd       0x74 build/startup_stm32f405xx.o

.debug_str      0x0000000000000000     0x6264
 .debug_str     0x0000000000000000      0xa9f build/stm32f4xx_hal_msp.o
                                        0xb10 (size before relaxing)
 .debug_str     0x0000000000000a9f      0x664 build/stm32f4xx_hal_timebase_TIM.o
                                       0x1175 (size before relaxing)
 .debug_str     0x0000000000001103      0x9a6 build/stm32f4xx_hal_pcd.o
                                       0x102f (size before relaxing)
 .debug_str     0x0000000000001aa9      0x3d4 build/stm32f4xx_hal_cortex.o
                                       0x1035 (size before relaxing)
 .debug_str     0x0000000000001e7d       0xe7 build/stm32f4xx_it.o
                                        0xdce (size before relaxing)
 .debug_str     0x0000000000001f64      0x2a6 build/port.o
                                        0x482 (size before relaxing)
 .debug_str     0x000000000000220a      0x20f build/stm32f4xx_hal.o
                                        0xebc (size before relaxing)
 .debug_str     0x0000000000002419      0xaf6 build/tasks.o
                                       0x120e (size before relaxing)
 .debug_str     0x0000000000002f0f       0x53 build/system_stm32f4xx.o
                                        0x78b (size before relaxing)
 .debug_str     0x0000000000002f62      0x650 build/main.o
                                       0x17dc (size before relaxing)
 .debug_str     0x00000000000035b2      0x130 build/stm32f4xx_hal_gpio.o
                                        0x927 (size before relaxing)
 .debug_str     0x00000000000036e2      0x1e9 build/heap_4.o
                                        0x7fc (size before relaxing)
 .debug_str     0x00000000000038cb      0xcf5 build/stm32f4xx_hal_tim.o
                                       0x17ec (size before relaxing)
 .debug_str     0x00000000000045c0       0x6f build/stm32f4xx_hal_pcd_ex.o
                                        0x9b3 (size before relaxing)
 .debug_str     0x000000000000462f       0x6c build/list.o
                                        0x713 (size before relaxing)
 .debug_str     0x000000000000469b      0x3b5 build/stm32f4xx_ll_usb.o
                                        0xfd7 (size before relaxing)
 .debug_str     0x0000000000004a50      0x50a build/stm32f4xx_hal_tim_ex.o
                                       0x10ac (size before relaxing)
 .debug_str     0x0000000000004f5a      0x117 build/stm32f4xx_hal_rcc.o
                                        0xae1 (size before relaxing)
 .debug_str     0x0000000000005071      0x7a3 build/cmsis_os.o
                                       0x11c6 (size before relaxing)
 .debug_str     0x0000000000005814      0x1a3 build/usbd_cdc_if.o
                                        0xb70 (size before relaxing)
 .debug_str     0x00000000000059b7      0x122 build/usbd_desc.o
                                        0x83d (size before relaxing)
 .debug_str     0x0000000000005ad9      0x22b build/usbd_conf.o
                                       0x189d (size before relaxing)
 .debug_str     0x0000000000005d04      0x166 build/usbd_core.o
                                        0xc82 (size before relaxing)
 .debug_str     0x0000000000005e6a       0xe2 build/usbd_ctlreq.o
                                        0xb9c (size before relaxing)
 .debug_str     0x0000000000005f4c       0x60 build/usbd_ioreq.o
                                        0xac9 (size before relaxing)
 .debug_str     0x0000000000005fac      0x1a3 build/usbd_cdc.o
                                        0xcf8 (size before relaxing)
 .debug_str     0x000000000000614f       0x11 build/usb_device.o
                                        0xa62 (size before relaxing)
 .debug_str     0x0000000000006160       0x7f build/riptideFunctions.o
                                        0xadd (size before relaxing)
 .debug_str     0x00000000000061df       0x37 build/riptideMain.o
                                        0xa4f (size before relaxing)
 .debug_str     0x0000000000006216       0x4e build/riptideThreads.o
                                        0xabf (size before relaxing)

.comment        0x0000000000000000       0x7f
 .comment       0x0000000000000000       0x7f build/stm32f4xx_hal_msp.o
                                         0x80 (size before relaxing)
 .comment       0x000000000000007f       0x80 build/stm32f4xx_hal_timebase_TIM.o
 .comment       0x000000000000007f       0x80 build/stm32f4xx_hal_pcd.o
 .comment       0x000000000000007f       0x80 build/stm32f4xx_hal_cortex.o
 .comment       0x000000000000007f       0x80 build/stm32f4xx_it.o
 .comment       0x000000000000007f       0x80 build/port.o
 .comment       0x000000000000007f       0x80 build/stm32f4xx_hal.o
 .comment       0x000000000000007f       0x80 build/tasks.o
 .comment       0x000000000000007f       0x80 build/system_stm32f4xx.o
 .comment       0x000000000000007f       0x80 build/main.o
 .comment       0x000000000000007f       0x80 build/stm32f4xx_hal_gpio.o
 .comment       0x000000000000007f       0x80 build/heap_4.o
 .comment       0x000000000000007f       0x80 build/stm32f4xx_hal_tim.o
 .comment       0x000000000000007f       0x80 build/stm32f4xx_hal_pcd_ex.o
 .comment       0x000000000000007f       0x80 build/list.o
 .comment       0x000000000000007f       0x80 build/stm32f4xx_ll_usb.o
 .comment       0x000000000000007f       0x80 build/stm32f4xx_hal_tim_ex.o
 .comment       0x000000000000007f       0x80 build/stm32f4xx_hal_rcc.o
 .comment       0x000000000000007f       0x80 build/cmsis_os.o
 .comment       0x000000000000007f       0x80 build/usbd_cdc_if.o
 .comment       0x000000000000007f       0x80 build/usbd_desc.o
 .comment       0x000000000000007f       0x80 build/usbd_conf.o
 .comment       0x000000000000007f       0x80 build/usbd_core.o
 .comment       0x000000000000007f       0x80 build/usbd_ctlreq.o
 .comment       0x000000000000007f       0x80 build/usbd_ioreq.o
 .comment       0x000000000000007f       0x80 build/usbd_cdc.o
 .comment       0x000000000000007f       0x80 build/usb_device.o
 .comment       0x000000000000007f       0x80 build/riptideFunctions.o
 .comment       0x000000000000007f       0x80 build/riptideMain.o
 .comment       0x000000000000007f       0x80 build/riptideThreads.o

.debug_frame    0x0000000000000000     0x39b4
 .debug_frame   0x0000000000000000       0x2c build/stm32f4xx_hal_msp.o
 .debug_frame   0x000000000000002c       0x54 build/stm32f4xx_hal_timebase_TIM.o
 .debug_frame   0x0000000000000080      0x338 build/stm32f4xx_hal_pcd.o
 .debug_frame   0x00000000000003b8      0x16c build/stm32f4xx_hal_cortex.o
 .debug_frame   0x0000000000000524       0xc4 build/stm32f4xx_it.o
 .debug_frame   0x00000000000005e8      0x100 build/port.o
 .debug_frame   0x00000000000006e8      0x1a8 build/stm32f4xx_hal.o
 .debug_frame   0x0000000000000890      0x588 build/tasks.o
 .debug_frame   0x0000000000000e18       0x30 build/system_stm32f4xx.o
 .debug_frame   0x0000000000000e48       0xbc build/main.o
 .debug_frame   0x0000000000000f04       0xe4 build/stm32f4xx_hal_gpio.o
 .debug_frame   0x0000000000000fe8       0xbc build/heap_4.o
 .debug_frame   0x00000000000010a4      0xb18 build/stm32f4xx_hal_tim.o
 .debug_frame   0x0000000000001bbc       0x40 build/stm32f4xx_hal_pcd_ex.o
 .debug_frame   0x0000000000001bfc       0x70 build/list.o
 .debug_frame   0x0000000000001c6c      0x4fc build/stm32f4xx_ll_usb.o
 .debug_frame   0x0000000000002168      0x3f0 build/stm32f4xx_hal_tim_ex.o
 .debug_frame   0x0000000000002558      0x158 build/stm32f4xx_hal_rcc.o
 .debug_frame   0x00000000000026b0      0x62c build/cmsis_os.o
 .debug_frame   0x0000000000002cdc       0x88 build/usbd_cdc_if.o
 .debug_frame   0x0000000000002d64       0xbc build/usbd_desc.o
 .debug_frame   0x0000000000002e20      0x318 build/usbd_conf.o
 .debug_frame   0x0000000000003138      0x1ec build/usbd_core.o
 .debug_frame   0x0000000000003324      0x1ac build/usbd_ctlreq.o
 .debug_frame   0x00000000000034d0       0xd4 build/usbd_ioreq.o
 .debug_frame   0x00000000000035a4      0x168 build/usbd_cdc.o
 .debug_frame   0x000000000000370c       0x2c build/usb_device.o
 .debug_frame   0x0000000000003738       0x6c build/riptideFunctions.o
 .debug_frame   0x00000000000037a4       0x30 build/riptideMain.o
 .debug_frame   0x00000000000037d4       0x48 build/riptideThreads.o
 .debug_frame   0x000000000000381c       0x2c /Users/augustmason/Documents/gitHub/riptide_firmware/STM32/gcc-arm-none-eabi-6-2017-q2-update/bin/../lib/gcc/arm-none-eabi/6.3.1/../../../../arm-none-eabi/lib/thumb/v7e-m/fpv4-sp/hard/libc_nano.a(lib_a-init.o)
 .debug_frame   0x0000000000003848       0x30 /Users/augustmason/Documents/gitHub/riptide_firmware/STM32/gcc-arm-none-eabi-6-2017-q2-update/bin/../lib/gcc/arm-none-eabi/6.3.1/../../../../arm-none-eabi/lib/thumb/v7e-m/fpv4-sp/hard/libc_nano.a(lib_a-malloc.o)
 .debug_frame   0x0000000000003878       0x38 /Users/augustmason/Documents/gitHub/riptide_firmware/STM32/gcc-arm-none-eabi-6-2017-q2-update/bin/../lib/gcc/arm-none-eabi/6.3.1/../../../../arm-none-eabi/lib/thumb/v7e-m/fpv4-sp/hard/libc_nano.a(lib_a-nano-freer.o)
 .debug_frame   0x00000000000038b0       0x2c /Users/augustmason/Documents/gitHub/riptide_firmware/STM32/gcc-arm-none-eabi-6-2017-q2-update/bin/../lib/gcc/arm-none-eabi/6.3.1/../../../../arm-none-eabi/lib/thumb/v7e-m/fpv4-sp/hard/libc_nano.a(lib_a-nano-mallocr.o)
 .debug_frame   0x00000000000038dc       0x2c /Users/augustmason/Documents/gitHub/riptide_firmware/STM32/gcc-arm-none-eabi-6-2017-q2-update/bin/../lib/gcc/arm-none-eabi/6.3.1/../../../../arm-none-eabi/lib/thumb/v7e-m/fpv4-sp/hard/libc_nano.a(lib_a-sbrkr.o)
 .debug_frame   0x0000000000003908       0x30 /Users/augustmason/Documents/gitHub/riptide_firmware/STM32/gcc-arm-none-eabi-6-2017-q2-update/bin/../lib/gcc/arm-none-eabi/6.3.1/../../../../arm-none-eabi/lib/thumb/v7e-m/fpv4-sp/hard/libc_nano.a(lib_a-mlock.o)
 .debug_frame   0x0000000000003938       0x5c /Users/augustmason/Documents/gitHub/riptide_firmware/STM32/gcc-arm-none-eabi-6-2017-q2-update/bin/../lib/gcc/arm-none-eabi/6.3.1/../../../../arm-none-eabi/lib/thumb/v7e-m/fpv4-sp/hard/libc_nano.a(lib_a-reent.o)
 .debug_frame   0x0000000000003994       0x20 /Users/augustmason/Documents/gitHub/riptide_firmware/STM32/gcc-arm-none-eabi-6-2017-q2-update/bin/../lib/gcc/arm-none-eabi/6.3.1/../../../../arm-none-eabi/lib/thumb/v7e-m/fpv4-sp/hard/libnosys.a(sbrk.o)

Cross Reference Table

Symbol                                            File
ADC_IRQHandler                                    build/startup_stm32f405xx.o
AHBPrescTable                                     build/system_stm32f4xx.o
                                                  build/stm32f4xx_hal_rcc.o
APBPrescTable                                     build/system_stm32f4xx.o
                                                  build/stm32f4xx_hal_rcc.o
BusFault_Handler                                  build/stm32f4xx_it.o
CAN1_RX0_IRQHandler                               build/startup_stm32f405xx.o
CAN1_RX1_IRQHandler                               build/startup_stm32f405xx.o
CAN1_SCE_IRQHandler                               build/startup_stm32f405xx.o
CAN1_TX_IRQHandler                                build/startup_stm32f405xx.o
CAN2_RX0_IRQHandler                               build/startup_stm32f405xx.o
CAN2_RX1_IRQHandler                               build/startup_stm32f405xx.o
CAN2_SCE_IRQHandler                               build/startup_stm32f405xx.o
CAN2_TX_IRQHandler                                build/startup_stm32f405xx.o
CDC_Transmit_HS                                   build/usbd_cdc_if.o
                                                  build/riptideThreads.o
                                                  build/riptideFunctions.o
DMA1_Stream0_IRQHandler                           build/startup_stm32f405xx.o
DMA1_Stream1_IRQHandler                           build/startup_stm32f405xx.o