Archive member included to satisfy reference by file (symbol)

/Users/augustmason/Documents/gitHub/riptide_firmware/STM32/gcc-arm-none-eabi-6-2017-q2-update/bin/../lib/gcc/arm-none-eabi/6.3.1/../../../../arm-none-eabi/lib/thumb/v7e-m/fpv4-sp/hard/libc_nano.a(lib_a-atoi.o)
                              build/riptideFunctions.o (atoi)
/Users/augustmason/Documents/gitHub/riptide_firmware/STM32/gcc-arm-none-eabi-6-2017-q2-update/bin/../lib/gcc/arm-none-eabi/6.3.1/../../../../arm-none-eabi/lib/thumb/v7e-m/fpv4-sp/hard/libc_nano.a(lib_a-efgcvt.o)
                              build/riptideThreads.o (gcvt)
/Users/augustmason/Documents/gitHub/riptide_firmware/STM32/gcc-arm-none-eabi-6-2017-q2-update/bin/../lib/gcc/arm-none-eabi/6.3.1/../../../../arm-none-eabi/lib/thumb/v7e-m/fpv4-sp/hard/libc_nano.a(lib_a-exit.o)
                              /Users/augustmason/Documents/gitHub/riptide_firmware/STM32/gcc-arm-none-eabi-6-2017-q2-update/bin/../lib/gcc/arm-none-eabi/6.3.1/../../../../arm-none-eabi/lib/thumb/v7e-m/fpv4-sp/hard/crt0.o (exit)
/Users/augustmason/Documents/gitHub/riptide_firmware/STM32/gcc-arm-none-eabi-6-2017-q2-update/bin/../lib/gcc/arm-none-eabi/6.3.1/../../../../arm-none-eabi/lib/thumb/v7e-m/fpv4-sp/hard/libc_nano.a(lib_a-impure.o)
                              /Users/augustmason/Documents/gitHub/riptide_firmware/STM32/gcc-arm-none-eabi-6-2017-q2-update/bin/../lib/gcc/arm-none-eabi/6.3.1/../../../../arm-none-eabi/lib/thumb/v7e-m/fpv4-sp/hard/libc_nano.a(lib_a-exit.o) (_global_impure_ptr)
/Users/augustmason/Documents/gitHub/riptide_firmware/STM32/gcc-arm-none-eabi-6-2017-q2-update/bin/../lib/gcc/arm-none-eabi/6.3.1/../../../../arm-none-eabi/lib/thumb/v7e-m/fpv4-sp/hard/libc_nano.a(lib_a-init.o)
                              /Users/augustmason/Documents/gitHub/riptide_firmware/STM32/gcc-arm-none-eabi-6-2017-q2-update/bin/../lib/gcc/arm-none-eabi/6.3.1/../../../../arm-none-eabi/lib/thumb/v7e-m/fpv4-sp/hard/crt0.o (__libc_init_array)
/Users/augustmason/Documents/gitHub/riptide_firmware/STM32/gcc-arm-none-eabi-6-2017-q2-update/bin/../lib/gcc/arm-none-eabi/6.3.1/../../../../arm-none-eabi/lib/thumb/v7e-m/fpv4-sp/hard/libc_nano.a(lib_a-malloc.o)
                              build/usbd_cdc.o (malloc)
/Users/augustmason/Documents/gitHub/riptide_firmware/STM32/gcc-arm-none-eabi-6-2017-q2-update/bin/../lib/gcc/arm-none-eabi/6.3.1/../../../../arm-none-eabi/lib/thumb/v7e-m/fpv4-sp/hard/libc_nano.a(lib_a-memcpy-stub.o)
                              build/queue.o (memcpy)
/Users/augustmason/Documents/gitHub/riptide_firmware/STM32/gcc-arm-none-eabi-6-2017-q2-update/bin/../lib/gcc/arm-none-eabi/6.3.1/../../../../arm-none-eabi/lib/thumb/v7e-m/fpv4-sp/hard/libc_nano.a(lib_a-memset.o)
                              /Users/augustmason/Documents/gitHub/riptide_firmware/STM32/gcc-arm-none-eabi-6-2017-q2-update/bin/../lib/gcc/arm-none-eabi/6.3.1/../../../../arm-none-eabi/lib/thumb/v7e-m/fpv4-sp/hard/crt0.o (memset)
/Users/augustmason/Documents/gitHub/riptide_firmware/STM32/gcc-arm-none-eabi-6-2017-q2-update/bin/../lib/gcc/arm-none-eabi/6.3.1/../../../../arm-none-eabi/lib/thumb/v7e-m/fpv4-sp/hard/libc_nano.a(lib_a-nano-freer.o)
                              /Users/augustmason/Documents/gitHub/riptide_firmware/STM32/gcc-arm-none-eabi-6-2017-q2-update/bin/../lib/gcc/arm-none-eabi/6.3.1/../../../../arm-none-eabi/lib/thumb/v7e-m/fpv4-sp/hard/libc_nano.a(lib_a-malloc.o) (_free_r)
/Users/augustmason/Documents/gitHub/riptide_firmware/STM32/gcc-arm-none-eabi-6-2017-q2-update/bin/../lib/gcc/arm-none-eabi/6.3.1/../../../../arm-none-eabi/lib/thumb/v7e-m/fpv4-sp/hard/libc_nano.a(lib_a-nano-mallocr.o)
                              /Users/augustmason/Documents/gitHub/riptide_firmware/STM32/gcc-arm-none-eabi-6-2017-q2-update/bin/../lib/gcc/arm-none-eabi/6.3.1/../../../../arm-none-eabi/lib/thumb/v7e-m/fpv4-sp/hard/libc_nano.a(lib_a-malloc.o) (_malloc_r)
/Users/augustmason/Documents/gitHub/riptide_firmware/STM32/gcc-arm-none-eabi-6-2017-q2-update/bin/../lib/gcc/arm-none-eabi/6.3.1/../../../../arm-none-eabi/lib/thumb/v7e-m/fpv4-sp/hard/libc_nano.a(lib_a-sbrkr.o)
                              /Users/augustmason/Documents/gitHub/riptide_firmware/STM32/gcc-arm-none-eabi-6-2017-q2-update/bin/../lib/gcc/arm-none-eabi/6.3.1/../../../../arm-none-eabi/lib/thumb/v7e-m/fpv4-sp/hard/libc_nano.a(lib_a-nano-mallocr.o) (_sbrk_r)
/Users/augustmason/Documents/gitHub/riptide_firmware/STM32/gcc-arm-none-eabi-6-2017-q2-update/bin/../lib/gcc/arm-none-eabi/6.3.1/../../../../arm-none-eabi/lib/thumb/v7e-m/fpv4-sp/hard/libc_nano.a(lib_a-strlen.o)
                              build/riptideThreads.o (strlen)
/Users/augustmason/Documents/gitHub/riptide_firmware/STM32/gcc-arm-none-eabi-6-2017-q2-update/bin/../lib/gcc/arm-none-eabi/6.3.1/../../../../arm-none-eabi/lib/thumb/v7e-m/fpv4-sp/hard/libc_nano.a(lib_a-strtol.o)
[...]
Memory Configuration

Name             Origin             Length             Attributes
RAM              0x0000000020000000 0x0000000000020000 xrw
CCMRAM           0x0000000010000000 0x0000000000010000 rw
FLASH            0x0000000008000000 0x0000000000100000 xr
*default*        0x0000000000000000 0xffffffffffffffff

Linker script and memory map

LOAD /Users/augustmason/Documents/gitHub/riptide_firmware/STM32/gcc-arm-none-eabi-6-2017-q2-update/bin/../lib/gcc/arm-none-eabi/6.3.1/thumb/v7e-m/fpv4-sp/hard/crti.o
LOAD /Users/augustmason/Documents/gitHub/riptide_firmware/STM32/gcc-arm-none-eabi-6-2017-q2-update/bin/../lib/gcc/arm-none-eabi/6.3.1/thumb/v7e-m/fpv4-sp/hard/crtbegin.o
LOAD /Users/augustmason/Documents/gitHub/riptide_firmware/STM32/gcc-arm-none-eabi-6-2017-q2-update/bin/../lib/gcc/arm-none-eabi/6.3.1/../../../../arm-none-eabi/lib/thumb/v7e-m/fpv4-sp/hard/crt0.o
LOAD build/stm32f4xx_hal.o
LOAD build/main.o
LOAD build/usbd_cdc.o
LOAD build/stm32f4xx_hal_cortex.o
LOAD build/list.o
LOAD build/stm32f4xx_hal_flash_ex.o
LOAD build/stm32f4xx_hal_msp.o
LOAD build/system_stm32f4xx.o
LOAD build/heap_4.o
LOAD build/usbd_desc.o
LOAD build/stm32f4xx_hal_pcd_ex.o
LOAD build/stm32f4xx_hal_rcc.o
LOAD build/cmsis_os.o
LOAD build/stm32f4xx_hal_flash.o
LOAD build/stm32f4xx_it.o
LOAD build/stm32f4xx_hal_pcd.o
LOAD build/croutine.o
LOAD build/stm32f4xx_hal_i2c_ex.o
LOAD build/usbd_ctlreq.o
LOAD build/stm32f4xx_hal_tim_ex.o
LOAD build/stm32f4xx_hal_flash_ramfunc.o
LOAD build/tasks.o
LOAD build/port.o
LOAD build/stm32f4xx_hal_dma.o
LOAD build/stm32f4xx_hal_tim.o
LOAD build/stm32f4xx_hal_gpio.o
LOAD build/queue.o
LOAD build/freertos.o
LOAD build/usbd_conf.o
LOAD build/stm32f4xx_hal_timebase_TIM.o
LOAD build/event_groups.o
LOAD build/stm32f4xx_ll_usb.o
LOAD build/stm32f4xx_hal_dma_ex.o
LOAD build/usbd_core.o
LOAD build/stm32f4xx_hal_rcc_ex.o
LOAD build/stm32f4xx_hal_pwr_ex.o
LOAD build/stm32f4xx_hal_i2c.o
LOAD build/usb_device.o
LOAD build/usbd_cdc_if.o
LOAD build/timers.o
LOAD build/stm32f4xx_hal_pwr.o
LOAD build/usbd_ioreq.o
LOAD build/riptideFunctions.o
LOAD build/riptideMain.o
LOAD build/riptideThreads.o
LOAD build/startup_stm32f405xx.o
LOAD /Users/augustmason/Documents/gitHub/riptide_firmware/STM32/gcc-arm-none-eabi-6-2017-q2-update/bin/../lib/gcc/arm-none-eabi/6.3.1/../../../../arm-none-eabi/lib/thumb/v7e-m/fpv4-sp/hard/libc_nano.a
LOAD /Users/augustmason/Documents/gitHub/riptide_firmware/STM32/gcc-arm-none-eabi-6-2017-q2-update/bin/../lib/gcc/arm-none-eabi/6.3.1/../../../../arm-none-eabi/lib/thumb/v7e-m/fpv4-sp/hard/libm.a
LOAD /Users/augustmason/Documents/gitHub/riptide_firmware/STM32/gcc-arm-none-eabi-6-2017-q2-update/bin/../lib/gcc/arm-none-eabi/6.3.1/../../../../arm-none-eabi/lib/thumb/v7e-m/fpv4-sp/hard/libnosys.a
START GROUP
LOAD /Users/augustmason/Documents/gitHub/riptide_firmware/STM32/gcc-arm-none-eabi-6-2017-q2-update/bin/../lib/gcc/arm-none-eabi/6.3.1/thumb/v7e-m/fpv4-sp/hard/libgcc.a
LOAD /Users/augustmason/Documents/gitHub/riptide_firmware/STM32/gcc-arm-none-eabi-6-2017-q2-update/bin/../lib/gcc/arm-none-eabi/6.3.1/../../../../arm-none-eabi/lib/thumb/v7e-m/fpv4-sp/hard/libc_nano.a
END GROUP
START GROUP
LOAD /Users/augustmason/Documents/gitHub/riptide_firmware/STM32/gcc-arm-none-eabi-6-2017-q2-update/bin/../lib/gcc/arm-none-eabi/6.3.1/thumb/v7e-m/fpv4-sp/hard/libgcc.a
LOAD /Users/augustmason/Documents/gitHub/riptide_firmware/STM32/gcc-arm-none-eabi-6-2017-q2-update/bin/../lib/gcc/arm-none-eabi/6.3.1/../../../../arm-none-eabi/lib/thumb/v7e-m/fpv4-sp/hard/libc_nano.a
END GROUP
LOAD /Users/augustmason/Documents/gitHub/riptide_firmware/STM32/gcc-arm-none-eabi-6-2017-q2-update/bin/../lib/gcc/arm-none-eabi/6.3.1/thumb/v7e-m/fpv4-sp/hard/crtend.o
LOAD /Users/augustmason/Documents/gitHub/riptide_firmware/STM32/gcc-arm-none-eabi-6-2017-q2-update/bin/../lib/gcc/arm-none-eabi/6.3.1/thumb/v7e-m/fpv4-sp/hard/crtn.o
                0x0000000020020000                _estack = 0x20020000
                0x0000000000000200                _Min_Heap_Size = 0x200
                0x0000000000000400                _Min_Stack_Size = 0x400

.isr_vector     0x0000000008000000      0x188
                0x0000000008000000                . = ALIGN (0x4)
 *(.isr_vector)
 .isr_vector    0x0000000008000000      0x188 build/startup_stm32f405xx.o
                0x0000000008000000                g_pfnVectors
                0x0000000008000188                . = ALIGN (0x4)

.text           0x0000000008000190     0x8350
                0x0000000008000190                . = ALIGN (0x4)
 *(.text)
 .text          0x0000000008000190       0x6c /Users/augustmason/Documents/gitHub/riptide_firmware/STM32/gcc-arm-none-eabi-6-2017-q2-update/bin/../lib/gcc/arm-none-eabi/6.3.1/thumb/v7e-m/fpv4-sp/hard/crtbegin.o
 .text          0x00000000080001fc       0x10 /Users/augustmason/Documents/gitHub/riptide_firmware/STM32/gcc-arm-none-eabi-6-2017-q2-update/bin/../lib/gcc/arm-none-eabi/6.3.1/../../../../arm-none-eabi/lib/thumb/v7e-m/fpv4-sp/hard/libc_nano.a(lib_a-strlen.o)
                0x00000000080001fc                strlen
 .text          0x000000000800020c      0x370 /Users/augustmason/Documents/gitHub/riptide_firmware/STM32/gcc-arm-none-eabi-6-2017-q2-update/bin/../lib/gcc/arm-none-eabi/6.3.1/thumb/v7e-m/fpv4-sp/hard/libgcc.a(_arm_addsubdf3.o)
                0x000000000800020c                __aeabi_drsub
                0x0000000008000214                __subdf3
                0x0000000008000214                __aeabi_dsub
                0x0000000008000218                __aeabi_dadd
                0x0000000008000218                __adddf3
                0x0000000008000490                __aeabi_ui2d
                0x0000000008000490                __floatunsidf
                0x00000000080004b0                __floatsidf
                0x00000000080004b0                __aeabi_i2d
                0x00000000080004d4                __extendsfdf2
                0x00000000080004d4                __aeabi_f2d
                0x0000000008000510                __aeabi_ul2d
                0x0000000008000510                __floatundidf
                0x0000000008000520                __aeabi_l2d
                0x0000000008000520                __floatdidf
 .text          0x000000000800057c      0x424 /Users/augustmason/Documents/gitHub/riptide_firmware/STM32/gcc-arm-none-eabi-6-2017-q2-update/bin/../lib/gcc/arm-none-eabi/6.3.1/thumb/v7e-m/fpv4-sp/hard/libgcc.a(_arm_muldivdf3.o)
                0x000000000800057c                __aeabi_dmul
                0x000000000800057c                __muldf3
                0x00000000080007d0                __aeabi_ddiv
                0x00000000080007d0                __divdf3
 .text          0x00000000080009a0      0x110 /Users/augustmason/Documents/gitHub/riptide_firmware/STM32/gcc-arm-none-eabi-6-2017-q2-update/bin/../lib/gcc/arm-none-eabi/6.3.1/thumb/v7e-m/fpv4-sp/hard/libgcc.a(_arm_cmpdf2.o)
                0x00000000080009a0                __gedf2
                0x00000000080009a0                __gtdf2
                0x00000000080009a8                __ledf2
                0x00000000080009a8                __ltdf2
                0x00000000080009b0                __cmpdf2
                0x00000000080009b0                __eqdf2
                0x00000000080009b0                __nedf2
                0x0000000008000a2c                __aeabi_cdrcmple
                0x0000000008000a3c                __aeabi_cdcmple
                0x0000000008000a3c                __aeabi_cdcmpeq
                0x0000000008000a4c                __aeabi_dcmpeq
                0x0000000008000a60                __aeabi_dcmplt
                0x0000000008000a74                __aeabi_dcmple
                0x0000000008000a88                __aeabi_dcmpge
                0x0000000008000a9c                __aeabi_dcmpgt
 .text          0x0000000008000ab0       0x50 /Users/augustmason/Documents/gitHub/riptide_firmware/STM32/gcc-arm-none-eabi-6-2017-q2-update/bin/../lib/gcc/arm-none-eabi/6.3.1/thumb/v7e-m/fpv4-sp/hard/libgcc.a(_arm_fixdfsi.o)
                0x0000000008000ab0                __fixdfsi
                0x0000000008000ab0                __aeabi_d2iz
 .text          0x0000000008000b00       0xa0 /Users/augustmason/Documents/gitHub/riptide_firmware/STM32/gcc-arm-none-eabi-6-2017-q2-update/bin/../lib/gcc/arm-none-eabi/6.3.1/thumb/v7e-m/fpv4-sp/hard/libgcc.a(_arm_truncdfsf2.o)
                0x0000000008000b00                __aeabi_d2f
                0x0000000008000b00                __truncdfsf2
 .text          0x0000000008000ba0       0xa0 /Users/augustmason/Documents/gitHub/riptide_firmware/STM32/gcc-arm-none-eabi-6-2017-q2-update/bin/../lib/gcc/arm-none-eabi/6.3.1/thumb/v7e-m/fpv4-sp/hard/libgcc.a(_aeabi_ldivmod.o)
                0x0000000008000ba0                __aeabi_ldivmod
 .text          0x0000000008000c40      0x2dc /Users/augustmason/Documents/gitHub/riptide_firmware/STM32/gcc-arm-none-eabi-6-2017-q2-update/bin/../lib/gcc/arm-none-eabi/6.3.1/thumb/v7e-m/fpv4-sp/hard/libgcc.a(_udivmoddi4.o)
                0x0000000008000c40                __udivmoddi4
 .text          0x0000000008000f1c        0x4 /Users/augustmason/Documents/gitHub/riptide_firmware/STM32/gcc-arm-none-eabi-6-2017-q2-update/bin/../lib/gcc/arm-none-eabi/6.3.1/thumb/v7e-m/fpv4-sp/hard/libgcc.a(_dvmd_tls.o)
                0x0000000008000f1c                __aeabi_ldiv0
                0x0000000008000f1c                __aeabi_idiv0
 *(.text*)
 .text.HAL_Init
                0x0000000008000f20       0x34 build/stm32f4xx_hal.o
                0x0000000008000f20                HAL_Init
 .text.HAL_IncTick
                0x0000000008000f54       0x10 build/stm32f4xx_hal.o
                0x0000000008000f54                HAL_IncTick
 .text.HAL_GetTick
                0x0000000008000f64        0xc build/stm32f4xx_hal.o
                0x0000000008000f64                HAL_GetTick
 .text.HAL_Delay
                0x0000000008000f70       0x24 build/stm32f4xx_hal.o
                0x0000000008000f70                HAL_Delay
 .text.MX_GPIO_Init
                0x0000000008000f94       0xe0 build/main.o
 .text.StartDefaultTask
                0x0000000008001074        0xe build/main.o
                0x0000000008001074                StartDefaultTask
 *fill*         0x0000000008001082        0x2 
 .text.writePWM
                0x0000000008001084       0x4c build/main.o
                0x0000000008001084                writePWM
 .text.resetPWM
                0x00000000080010d0       0x40 build/main.o
                0x00000000080010d0                resetPWM
 .text.getI2CRef
                0x0000000008001110        0x8 build/main.o
                0x0000000008001110                getI2CRef
 .text.HAL_TIM_PeriodElapsedCallback
                0x0000000008001118       0x18 build/main.o
                0x0000000008001118                HAL_TIM_PeriodElapsedCallback
 .text._Error_Handler
                0x0000000008001130        0x2 build/main.o
                0x0000000008001130                _Error_Handler
 *fill*         0x0000000008001132        0x2 
 .text.MX_TIM2_Init
                0x0000000008001134       0xb0 build/main.o
 .text.MX_TIM13_Init
                0x00000000080011e4       0x78 build/main.o
 .text.MX_TIM14_Init
                0x000000000800125c       0x78 build/main.o
 .text.MX_I2C3_Init
                0x00000000080012d4       0x44 build/main.o
 .text.MX_I2C1_Init
                0x0000000008001318       0x44 build/main.o
 .text.MX_TIM3_Init
                0x000000000800135c       0x98 build/main.o
 .text.MX_TIM5_Init
                0x00000000080013f4       0x84 build/main.o
 .text.SystemClock_Config
                0x0000000008001478       0xc0 build/main.o
                0x0000000008001478                SystemClock_Config
 .text.main     0x0000000008001538       0xc0 build/main.o
                0x0000000008001538                main
 .text.USBD_CDC_DataIn
                0x00000000080015f8       0x12 build/usbd_cdc.o
 .text.USBD_CDC_EP0_RxReady
                0x000000000800160a       0x28 build/usbd_cdc.o
 *fill*         0x0000000008001632        0x2 
 .text.USBD_CDC_GetFSCfgDesc
                0x0000000008001634        0xc build/usbd_cdc.o
 .text.USBD_CDC_GetHSCfgDesc
                0x0000000008001640        0xc build/usbd_cdc.o
 .text.USBD_CDC_GetOtherSpeedCfgDesc
                0x000000000800164c        0xc build/usbd_cdc.o
 .text.USBD_CDC_GetDeviceQualifierDescriptor
                0x0000000008001658        0xc build/usbd_cdc.o
                0x0000000008001658                USBD_CDC_GetDeviceQualifierDescriptor
 .text.USBD_CDC_DataOut
                0x0000000008001664       0x2e build/usbd_cdc.o
 *fill*         0x0000000008001692        0x2 
 .text.USBD_CDC_Setup
                0x0000000008001694       0x74 build/usbd_cdc.o
 .text.USBD_CDC_DeInit
                0x0000000008001708       0x3a build/usbd_cdc.o
 .text.USBD_CDC_Init
                0x0000000008001742       0x96 build/usbd_cdc.o
 .text.USBD_CDC_RegisterInterface
                0x00000000080017d8        0xe build/usbd_cdc.o
                0x00000000080017d8                USBD_CDC_RegisterInterface
 .text.USBD_CDC_SetTxBuffer
                0x00000000080017e6       0x10 build/usbd_cdc.o
                0x00000000080017e6                USBD_CDC_SetTxBuffer
 .text.USBD_CDC_SetRxBuffer
                0x00000000080017f6        0xc build/usbd_cdc.o
                0x00000000080017f6                USBD_CDC_SetRxBuffer
 .text.USBD_CDC_TransmitPacket
                0x0000000008001802       0x2e build/usbd_cdc.o
                0x0000000008001802                USBD_CDC_TransmitPacket
 .text.USBD_CDC_ReceivePacket
                0x0000000008001830       0x32 build/usbd_cdc.o
                0x0000000008001830                USBD_CDC_ReceivePacket
 *fill*         0x0000000008001862        0x2 
 .text.HAL_NVIC_SetPriorityGrouping
                0x0000000008001864       0x24 build/stm32f4xx_hal_cortex.o
                0x0000000008001864                HAL_NVIC_SetPriorityGrouping
 .text.HAL_NVIC_SetPriority
                0x0000000008001888       0x64 build/stm32f4xx_hal_cortex.o
                0x0000000008001888                HAL_NVIC_SetPriority
 .text.HAL_NVIC_EnableIRQ
                0x00000000080018ec       0x18 build/stm32f4xx_hal_cortex.o
                0x00000000080018ec                HAL_NVIC_EnableIRQ
 .text.HAL_SYSTICK_Config
                0x0000000008001904       0x2c build/stm32f4xx_hal_cortex.o
                0x0000000008001904                HAL_SYSTICK_Config
 .text.HAL_SYSTICK_CLKSourceConfig
                0x0000000008001930       0x20 build/stm32f4xx_hal_cortex.o
                0x0000000008001930                HAL_SYSTICK_CLKSourceConfig
 .text.vListInitialise
                0x0000000008001950       0x16 build/list.o
                0x0000000008001950                vListInitialise
 .text.vListInitialiseItem
                0x0000000008001966        0x6 build/list.o
                0x0000000008001966                vListInitialiseItem
 .text.vListInsertEnd
                0x000000000800196c       0x18 build/list.o
                0x000000000800196c                vListInsertEnd
 .text.vListInsert
                0x0000000008001984       0x34 build/list.o
                0x0000000008001984                vListInsert
 .text.uxListRemove
                0x00000000080019b8       0x26 build/list.o
                0x00000000080019b8                uxListRemove
 .text.HAL_MspInit
                0x00000000080019de       0x5e build/stm32f4xx_hal_msp.o
                0x00000000080019de                HAL_MspInit
 .text.HAL_I2C_MspInit
                0x0000000008001a3c       0xb4 build/stm32f4xx_hal_msp.o
                0x0000000008001a3c                HAL_I2C_MspInit
 .text.HAL_TIM_PWM_MspInit
                0x0000000008001af0       0x74 build/stm32f4xx_hal_msp.o
                0x0000000008001af0                HAL_TIM_PWM_MspInit
 .text.HAL_TIM_Base_MspInit
                0x0000000008001b64       0x54 build/stm32f4xx_hal_msp.o
                0x0000000008001b64                HAL_TIM_Base_MspInit
 .text.HAL_TIM_MspPostInit
                0x0000000008001bb8       0xdc build/stm32f4xx_hal_msp.o
                0x0000000008001bb8                HAL_TIM_MspPostInit
 .text.SystemInit
                0x0000000008001c94       0x4c build/system_stm32f4xx.o
                0x0000000008001c94                SystemInit
 .text.prvHeapInit
                0x0000000008001ce0       0x64 build/heap_4.o
 .text.prvInsertBlockIntoFreeList
                0x0000000008001d44       0x58 build/heap_4.o
 .text.pvPortMalloc
                0x0000000008001d9c      0x108 build/heap_4.o
                0x0000000008001d9c                pvPortMalloc
 .text.vPortFree
                0x0000000008001ea4       0x70 build/heap_4.o
                0x0000000008001ea4                vPortFree
 .text.USBD_HS_DeviceDescriptor
                0x0000000008001f14        0xc build/usbd_desc.o
                0x0000000008001f14                USBD_HS_DeviceDescriptor
 .text.USBD_HS_LangIDStrDescriptor
                0x0000000008001f20        0xc build/usbd_desc.o
                0x0000000008001f20                USBD_HS_LangIDStrDescriptor
 .text.USBD_HS_ProductStrDescriptor
                0x0000000008001f2c       0x24 build/usbd_desc.o
                0x0000000008001f2c                USBD_HS_ProductStrDescriptor
 .text.USBD_HS_ManufacturerStrDescriptor
                0x0000000008001f50       0x1c build/usbd_desc.o
                0x0000000008001f50                USBD_HS_ManufacturerStrDescriptor
 .text.USBD_HS_SerialStrDescriptor
                0x0000000008001f6c       0x24 build/usbd_desc.o
                0x0000000008001f6c                USBD_HS_SerialStrDescriptor
 .text.USBD_HS_ConfigStrDescriptor
                0x0000000008001f90       0x24 build/usbd_desc.o
                0x0000000008001f90                USBD_HS_ConfigStrDescriptor
 .text.USBD_HS_InterfaceStrDescriptor
                0x0000000008001fb4       0x24 build/usbd_desc.o
                0x0000000008001fb4                USBD_HS_InterfaceStrDescriptor
 .text.HAL_PCDEx_SetTxFiFo
                0x0000000008001fd8       0x48 build/stm32f4xx_hal_pcd_ex.o
                0x0000000008001fd8                HAL_PCDEx_SetTxFiFo
 .text.HAL_PCDEx_SetRxFiFo
                0x0000000008002020        0x8 build/stm32f4xx_hal_pcd_ex.o
                0x0000000008002020                HAL_PCDEx_SetRxFiFo
 .text.HAL_RCC_OscConfig
                0x0000000008002028      0x3b0 build/stm32f4xx_hal_rcc.o
                0x0000000008002028                HAL_RCC_OscConfig
 .text.HAL_RCC_GetSysClockFreq
                0x00000000080023d8       0x88 build/stm32f4xx_hal_rcc.o
                0x00000000080023d8                HAL_RCC_GetSysClockFreq
 .text.HAL_RCC_ClockConfig
                0x0000000008002460      0x19c build/stm32f4xx_hal_rcc.o
                0x0000000008002460                HAL_RCC_ClockConfig
 .text.HAL_RCC_GetHCLKFreq
                0x00000000080025fc        0xc build/stm32f4xx_hal_rcc.o
                0x00000000080025fc                HAL_RCC_GetHCLKFreq
 .text.HAL_RCC_GetPCLK1Freq
                0x0000000008002608       0x2c build/stm32f4xx_hal_rcc.o
                0x0000000008002608                HAL_RCC_GetPCLK1Freq
 .text.HAL_RCC_GetPCLK2Freq
                0x0000000008002634       0x2c build/stm32f4xx_hal_rcc.o
                0x0000000008002634                HAL_RCC_GetPCLK2Freq
 .text.HAL_RCC_GetClockConfig
                0x0000000008002660       0x3c build/stm32f4xx_hal_rcc.o
                0x0000000008002660                HAL_RCC_GetClockConfig
 .text.makeFreeRtosPriority
                0x000000000800269c        0xc build/cmsis_os.o
 .text.osKernelStart
                0x00000000080026a8        0xa build/cmsis_os.o
                0x00000000080026a8                osKernelStart
 .text.osThreadCreate
                0x00000000080026b2       0x34 build/cmsis_os.o
                0x00000000080026b2                osThreadCreate
 .text.osDelay  0x00000000080026e6       0x12 build/cmsis_os.o
                0x00000000080026e6                osDelay
 .text.osSystickHandler
                0x00000000080026f8       0x10 build/cmsis_os.o
                0x00000000080026f8                osSystickHandler
 .text.NMI_Handler
                0x0000000008002708        0x2 build/stm32f4xx_it.o
                0x0000000008002708                NMI_Handler
 .text.HardFault_Handler
                0x000000000800270a        0x2 build/stm32f4xx_it.o
                0x000000000800270a                HardFault_Handler
 .text.MemManage_Handler
                0x000000000800270c        0x2 build/stm32f4xx_it.o
                0x000000000800270c                MemManage_Handler
 .text.BusFault_Handler
                0x000000000800270e        0x2 build/stm32f4xx_it.o
                0x000000000800270e                BusFault_Handler
 .text.UsageFault_Handler
                0x0000000008002710        0x2 build/stm32f4xx_it.o
                0x0000000008002710                UsageFault_Handler
 .text.DebugMon_Handler
                0x0000000008002712        0x2 build/stm32f4xx_it.o
                0x0000000008002712                DebugMon_Handler
 .text.SysTick_Handler
                0x0000000008002714        0x8 build/stm32f4xx_it.o
                0x0000000008002714                SysTick_Handler
 .text.TIM1_UP_TIM10_IRQHandler
                0x000000000800271c       0x10 build/stm32f4xx_it.o
                0x000000000800271c                TIM1_UP_TIM10_IRQHandler
 .text.OTG_HS_IRQHandler
                0x000000000800272c       0x10 build/stm32f4xx_it.o
                0x000000000800272c                OTG_HS_IRQHandler
 .text.PCD_WriteEmptyTxFifo
                0x000000000800273c       0xac build/stm32f4xx_hal_pcd.o
 .text.HAL_PCD_Init
                0x00000000080027e8       0xe0 build/stm32f4xx_hal_pcd.o
                0x00000000080027e8                HAL_PCD_Init
 .text.HAL_PCD_Start
                0x00000000080028c8       0x2a build/stm32f4xx_hal_pcd.o
                0x00000000080028c8                HAL_PCD_Start
 *fill*         0x00000000080028f2        0x2 
 .text.HAL_PCD_IRQHandler
                0x00000000080028f4      0x5c4 build/stm32f4xx_hal_pcd.o
                0x00000000080028f4                HAL_PCD_IRQHandler
 .text.HAL_PCD_SetAddress
                0x0000000008002eb8       0x24 build/stm32f4xx_hal_pcd.o
                0x0000000008002eb8                HAL_PCD_SetAddress
 .text.HAL_PCD_EP_Open
                0x0000000008002edc       0x68 build/stm32f4xx_hal_pcd.o
                0x0000000008002edc                HAL_PCD_EP_Open
 .text.HAL_PCD_EP_Close
                0x0000000008002f44       0x56 build/stm32f4xx_hal_pcd.o
                0x0000000008002f44                HAL_PCD_EP_Close
 .text.HAL_PCD_EP_Receive
                0x0000000008002f9a       0x5a build/stm32f4xx_hal_pcd.o
                0x0000000008002f9a                HAL_PCD_EP_Receive
 .text.HAL_PCD_EP_GetRxCount
                0x0000000008002ff4       0x12 build/stm32f4xx_hal_pcd.o
                0x0000000008002ff4                HAL_PCD_EP_GetRxCount
 .text.HAL_PCD_EP_Transmit
                0x0000000008003006       0x52 build/stm32f4xx_hal_pcd.o
                0x0000000008003006                HAL_PCD_EP_Transmit
 .text.HAL_PCD_EP_SetStall
                0x0000000008003058       0x66 build/stm32f4xx_hal_pcd.o
                0x0000000008003058                HAL_PCD_EP_SetStall
 .text.HAL_PCD_EP_ClrStall
                0x00000000080030be       0x56 build/stm32f4xx_hal_pcd.o
                0x00000000080030be                HAL_PCD_EP_ClrStall
 .text.USBD_GetLen
                0x0000000008003114       0x14 build/usbd_ctlreq.o
 .text.USBD_SetFeature
                0x0000000008003128       0x20 build/usbd_ctlreq.o
 .text.USBD_ParseSetupRequest
                0x0000000008003148       0x28 build/usbd_ctlreq.o
                0x0000000008003148                USBD_ParseSetupRequest
 .text.USBD_CtlError
                0x0000000008003170       0x14 build/usbd_ctlreq.o
                0x0000000008003170                USBD_CtlError
 .text.USBD_GetDescriptor
                0x0000000008003184      0x132 build/usbd_ctlreq.o
 .text.USBD_SetAddress
                0x00000000080032b6       0x4a build/usbd_ctlreq.o
 .text.USBD_SetConfig
                0x0000000008003300       0xa4 build/usbd_ctlreq.o
 .text.USBD_GetConfig
                0x00000000080033a4       0x3a build/usbd_ctlreq.o
 .text.USBD_GetStatus
                0x00000000080033de       0x2c build/usbd_ctlreq.o
 .text.USBD_ClrFeature
                0x000000000800340a       0x32 build/usbd_ctlreq.o
 .text.USBD_StdDevReq
                0x000000000800343c       0x48 build/usbd_ctlreq.o
                0x000000000800343c                USBD_StdDevReq
 .text.USBD_StdItfReq
                0x0000000008003484       0x38 build/usbd_ctlreq.o
                0x0000000008003484                USBD_StdItfReq
 .text.USBD_StdEPReq
                0x00000000080034bc      0x118 build/usbd_ctlreq.o
                0x00000000080034bc                USBD_StdEPReq
 .text.USBD_GetString
                0x00000000080035d4       0x3a build/usbd_ctlreq.o
                0x00000000080035d4                USBD_GetString
 .text.HAL_TIMEx_MasterConfigSynchronization
                0x000000000800360e       0x52 build/stm32f4xx_hal_tim_ex.o
                0x000000000800360e                HAL_TIMEx_MasterConfigSynchronization
 .text.HAL_TIMEx_CommutationCallback
                0x0000000008003660        0x2 build/stm32f4xx_hal_tim_ex.o
                0x0000000008003660                HAL_TIMEx_CommutationCallback
 .text.HAL_TIMEx_BreakCallback
                0x0000000008003662        0x2 build/stm32f4xx_hal_tim_ex.o
                0x0000000008003662                HAL_TIMEx_BreakCallback
 .text.prvResetNextTaskUnblockTime
                0x0000000008003664       0x34 build/tasks.o
 .text.prvDeleteTCB
                0x0000000008003698       0x12 build/tasks.o
 .text.prvInitialiseNewTask
                0x00000000080036aa       0x80 build/tasks.o
 *fill*         0x000000000800372a        0x2 
 .text.prvInitialiseTaskLists
                0x000000000800372c       0x68 build/tasks.o
 .text.prvAddNewTaskToReadyList
                0x0000000008003794       0xa8 build/tasks.o
 .text.prvAddCurrentTaskToDelayedList
                0x000000000800383c       0x98 build/tasks.o
 .text.xTaskCreate
                0x00000000080038d4       0x62 build/tasks.o
                0x00000000080038d4                xTaskCreate
 *fill*         0x0000000008003936        0x2 
 .text.vTaskStartScheduler
                0x0000000008003938       0x7c build/tasks.o
                0x0000000008003938                vTaskStartScheduler
 .text.vTaskSuspendAll
                0x00000000080039b4       0x10 build/tasks.o
                0x00000000080039b4                vTaskSuspendAll
 .text.xTaskIncrementTick
                0x00000000080039c4      0x120 build/tasks.o
                0x00000000080039c4                xTaskIncrementTick
 .text.xTaskResumeAll
                0x0000000008003ae4       0xfc build/tasks.o
                0x0000000008003ae4                xTaskResumeAll
 .text.vTaskDelay
                0x0000000008003be0       0x50 build/tasks.o
                0x0000000008003be0                vTaskDelay
 .text.prvCheckTasksWaitingTermination
                0x0000000008003c30       0x5c build/tasks.o
 .text.prvIdleTask
                0x0000000008003c8c       0x28 build/tasks.o
 .text.vTaskSwitchContext
                0x0000000008003cb4       0x9c build/tasks.o
                0x0000000008003cb4                vTaskSwitchContext
 .text.xTaskGetSchedulerState
                0x0000000008003d50       0x20 build/tasks.o
                0x0000000008003d50                xTaskGetSchedulerState
 .text.prvTaskExitError
                0x0000000008003d70       0x34 build/port.o
 .text.prvPortStartFirstTask
                0x0000000008003da4       0x20 build/port.o
 .text.vPortEnableVFP
                0x0000000008003dc4       0x14 build/port.o
 .text.pxPortInitialiseStack
                0x0000000008003dd8       0x2c build/port.o
                0x0000000008003dd8                pxPortInitialiseStack
 *fill*         0x0000000008003e04        0xc 
 .text.SVC_Handler
                0x0000000008003e10       0x24 build/port.o
                0x0000000008003e10                SVC_Handler
 .text.vPortEnterCritical
                0x0000000008003e34       0x44 build/port.o
                0x0000000008003e34                vPortEnterCritical
 .text.vPortExitCritical
                0x0000000008003e78       0x2c build/port.o
                0x0000000008003e78                vPortExitCritical
 *fill*         0x0000000008003ea4        0xc 
 .text.PendSV_Handler
                0x0000000008003eb0       0x64 build/port.o
                0x0000000008003eb0                PendSV_Handler
 .text.xPortSysTickHandler
                0x0000000008003f14       0x2c build/port.o
                0x0000000008003f14                xPortSysTickHandler
 .text.vPortSetupTimerInterrupt
                0x0000000008003f40       0x2c build/port.o
                0x0000000008003f40                vPortSetupTimerInterrupt
 .text.xPortStartScheduler
                0x0000000008003f6c       0xec build/port.o
                0x0000000008003f6c                xPortStartScheduler
 .text.TIM_OC1_SetConfig
                0x0000000008004058       0x64 build/stm32f4xx_hal_tim.o
 .text.TIM_OC3_SetConfig
                0x00000000080040bc       0x6c build/stm32f4xx_hal_tim.o
 .text.TIM_OC4_SetConfig
                0x0000000008004128       0x5c build/stm32f4xx_hal_tim.o
 .text.HAL_TIM_Base_Start_IT
                0x0000000008004184       0x18 build/stm32f4xx_hal_tim.o
                0x0000000008004184                HAL_TIM_Base_Start_IT
 .text.HAL_TIM_OC_DelayElapsedCallback
                0x000000000800419c        0x2 build/stm32f4xx_hal_tim.o
                0x000000000800419c                HAL_TIM_OC_DelayElapsedCallback
 .text.HAL_TIM_IC_CaptureCallback
                0x000000000800419e        0x2 build/stm32f4xx_hal_tim.o
                0x000000000800419e                HAL_TIM_IC_CaptureCallback
 .text.HAL_TIM_PWM_PulseFinishedCallback
                0x00000000080041a0        0x2 build/stm32f4xx_hal_tim.o
                0x00000000080041a0                HAL_TIM_PWM_PulseFinishedCallback
 .text.HAL_TIM_TriggerCallback
                0x00000000080041a2        0x2 build/stm32f4xx_hal_tim.o
                0x00000000080041a2                HAL_TIM_TriggerCallback
 .text.HAL_TIM_IRQHandler
                0x00000000080041a4      0x17a build/stm32f4xx_hal_tim.o
                0x00000000080041a4                HAL_TIM_IRQHandler
 *fill*         0x000000000800431e        0x2 
 .text.TIM_Base_SetConfig
                0x0000000008004320      0x11c build/stm32f4xx_hal_tim.o
                0x0000000008004320                TIM_Base_SetConfig
 .text.HAL_TIM_Base_Init
                0x000000000800443c       0x32 build/stm32f4xx_hal_tim.o
                0x000000000800443c                HAL_TIM_Base_Init
 .text.HAL_TIM_PWM_Init
                0x000000000800446e       0x32 build/stm32f4xx_hal_tim.o
                0x000000000800446e                HAL_TIM_PWM_Init
 .text.TIM_OC2_SetConfig
                0x00000000080044a0       0x70 build/stm32f4xx_hal_tim.o
                0x00000000080044a0                TIM_OC2_SetConfig
 .text.HAL_TIM_PWM_ConfigChannel
                0x0000000008004510       0xdc build/stm32f4xx_hal_tim.o
                0x0000000008004510                HAL_TIM_PWM_ConfigChannel
 .text.TIM_CCxChannelCmd
                0x00000000080045ec       0x1e build/stm32f4xx_hal_tim.o
                0x00000000080045ec                TIM_CCxChannelCmd
 *fill*         0x000000000800460a        0x2 
 .text.HAL_TIM_PWM_Start
                0x000000000800460c       0x44 build/stm32f4xx_hal_tim.o
                0x000000000800460c                HAL_TIM_PWM_Start
 .text.HAL_GPIO_Init
                0x0000000008004650      0x1cc build/stm32f4xx_hal_gpio.o
                0x0000000008004650                HAL_GPIO_Init
 .text.HAL_GPIO_ReadPin
                0x000000000800481c        0xe build/stm32f4xx_hal_gpio.o
                0x000000000800481c                HAL_GPIO_ReadPin
 .text.HAL_GPIO_WritePin
                0x000000000800482a        0xc build/stm32f4xx_hal_gpio.o
                0x000000000800482a                HAL_GPIO_WritePin
 .text.HAL_GPIO_TogglePin
                0x0000000008004836        0x8 build/stm32f4xx_hal_gpio.o
                0x0000000008004836                HAL_GPIO_TogglePin
 *fill*         0x000000000800483e        0x2 
 .text.HAL_PCD_MspInit
                0x0000000008004840       0x64 build/usbd_conf.o
                0x0000000008004840                HAL_PCD_MspInit
 .text.HAL_PCD_SetupStageCallback
                0x00000000080048a4       0x10 build/usbd_conf.o
                0x00000000080048a4                HAL_PCD_SetupStageCallback
 .text.HAL_PCD_DataOutStageCallback
                0x00000000080048b4       0x18 build/usbd_conf.o
                0x00000000080048b4                HAL_PCD_DataOutStageCallback
 .text.HAL_PCD_DataInStageCallback
                0x00000000080048cc       0x16 build/usbd_conf.o
                0x00000000080048cc                HAL_PCD_DataInStageCallback
 .text.HAL_PCD_SOFCallback
                0x00000000080048e2        0xc build/usbd_conf.o
                0x00000000080048e2                HAL_PCD_SOFCallback
 .text.HAL_PCD_ResetCallback
                0x00000000080048ee       0x20 build/usbd_conf.o
                0x00000000080048ee                HAL_PCD_ResetCallback
 *fill*         0x000000000800490e        0x2 
 .text.HAL_PCD_SuspendCallback
                0x0000000008004910       0x30 build/usbd_conf.o
                0x0000000008004910                HAL_PCD_SuspendCallback
 .text.HAL_PCD_ResumeCallback
                0x0000000008004940        0xc build/usbd_conf.o
                0x0000000008004940                HAL_PCD_ResumeCallback
 .text.HAL_PCD_ISOOUTIncompleteCallback
                0x000000000800494c        0xc build/usbd_conf.o
                0x000000000800494c                HAL_PCD_ISOOUTIncompleteCallback
 .text.HAL_PCD_ISOINIncompleteCallback
                0x0000000008004958        0xc build/usbd_conf.o
                0x0000000008004958                HAL_PCD_ISOINIncompleteCallback
 .text.HAL_PCD_ConnectCallback
                0x0000000008004964        0xc build/usbd_conf.o
                0x0000000008004964                HAL_PCD_ConnectCallback
 .text.HAL_PCD_DisconnectCallback
                0x0000000008004970        0xc build/usbd_conf.o
                0x0000000008004970                HAL_PCD_DisconnectCallback
 .text.USBD_LL_Init
                0x000000000800497c       0x7c build/usbd_conf.o
                0x000000000800497c                USBD_LL_Init
 .text.USBD_LL_Start
                0x00000000080049f8       0x1c build/usbd_conf.o
                0x00000000080049f8                USBD_LL_Start
 .text.USBD_LL_OpenEP
                0x0000000008004a14       0x22 build/usbd_conf.o
                0x0000000008004a14                USBD_LL_OpenEP
 .text.USBD_LL_CloseEP
                0x0000000008004a36       0x1c build/usbd_conf.o
                0x0000000008004a36                USBD_LL_CloseEP
 .text.USBD_LL_StallEP
                0x0000000008004a52       0x1c build/usbd_conf.o
                0x0000000008004a52                USBD_LL_StallEP
 .text.USBD_LL_ClearStallEP
                0x0000000008004a6e       0x1c build/usbd_conf.o
                0x0000000008004a6e                USBD_LL_ClearStallEP
 .text.USBD_LL_IsStallEP
                0x0000000008004a8a       0x2e build/usbd_conf.o
                0x0000000008004a8a                USBD_LL_IsStallEP
 .text.USBD_LL_SetUSBAddress
                0x0000000008004ab8       0x1c build/usbd_conf.o
                0x0000000008004ab8                USBD_LL_SetUSBAddress
 .text.USBD_LL_Transmit
                0x0000000008004ad4       0x1c build/usbd_conf.o
                0x0000000008004ad4                USBD_LL_Transmit
 .text.USBD_LL_PrepareReceive
                0x0000000008004af0       0x1c build/usbd_conf.o
                0x0000000008004af0                USBD_LL_PrepareReceive
 .text.USBD_LL_GetRxDataSize
                0x0000000008004b0c        0xc build/usbd_conf.o
                0x0000000008004b0c                USBD_LL_GetRxDataSize
 .text.HAL_InitTick
                0x0000000008004b18       0x78 build/stm32f4xx_hal_timebase_TIM.o
                0x0000000008004b18                HAL_InitTick
 .text.USB_CoreInit
                0x0000000008004b90       0x7c build/stm32f4xx_ll_usb.o
                0x0000000008004b90                USB_CoreInit
 .text.USB_EnableGlobalInt
                0x0000000008004c0c        0xc build/stm32f4xx_ll_usb.o
                0x0000000008004c0c                USB_EnableGlobalInt
 .text.USB_DisableGlobalInt
                0x0000000008004c18        0xc build/stm32f4xx_ll_usb.o
                0x0000000008004c18                USB_DisableGlobalInt
 .text.USB_SetCurrentMode
                0x0000000008004c24       0x2c build/stm32f4xx_ll_usb.o
                0x0000000008004c24                USB_SetCurrentMode
 .text.USB_DevInit
                0x0000000008004c50      0x150 build/stm32f4xx_ll_usb.o
                0x0000000008004c50                USB_DevInit
 .text.USB_FlushTxFifo
                0x0000000008004da0       0x28 build/stm32f4xx_ll_usb.o
                0x0000000008004da0                USB_FlushTxFifo
 .text.USB_FlushRxFifo
                0x0000000008004dc8       0x24 build/stm32f4xx_ll_usb.o
                0x0000000008004dc8                USB_FlushRxFifo
 .text.USB_SetDevSpeed
                0x0000000008004dec        0xe build/stm32f4xx_ll_usb.o
                0x0000000008004dec                USB_SetDevSpeed
 .text.USB_GetDevSpeed
                0x0000000008004dfa       0x40 build/stm32f4xx_ll_usb.o
                0x0000000008004dfa                USB_GetDevSpeed
 .text.USB_ActivateEndpoint
                0x0000000008004e3a       0x92 build/stm32f4xx_ll_usb.o
                0x0000000008004e3a                USB_ActivateEndpoint
 .text.USB_DeactivateEndpoint
                0x0000000008004ecc       0xf0 build/stm32f4xx_ll_usb.o
                0x0000000008004ecc                USB_DeactivateEndpoint
 .text.USB_EPStartXfer
                0x0000000008004fbc      0x264 build/stm32f4xx_ll_usb.o
                0x0000000008004fbc                USB_EPStartXfer
 .text.USB_EP0StartXfer
                0x0000000008005220      0x160 build/stm32f4xx_ll_usb.o
                0x0000000008005220                USB_EP0StartXfer
 .text.USB_WritePacket
                0x0000000008005380       0x28 build/stm32f4xx_ll_usb.o
                0x0000000008005380                USB_WritePacket
 .text.USB_ReadPacket
                0x00000000080053a8       0x28 build/stm32f4xx_ll_usb.o
                0x00000000080053a8                USB_ReadPacket
 .text.USB_EPSetStall
                0x00000000080053d0       0x64 build/stm32f4xx_ll_usb.o
                0x00000000080053d0                USB_EPSetStall
 .text.USB_EPClearStall
                0x0000000008005434       0x6a build/stm32f4xx_ll_usb.o
                0x0000000008005434                USB_EPClearStall
 .text.USB_SetDevAddress
                0x000000000800549e       0x20 build/stm32f4xx_ll_usb.o
                0x000000000800549e                USB_SetDevAddress
 .text.USB_DevConnect
                0x00000000080054be       0x18 build/stm32f4xx_ll_usb.o
                0x00000000080054be                USB_DevConnect
 .text.USB_DevDisconnect
                0x00000000080054d6       0x18 build/stm32f4xx_ll_usb.o
                0x00000000080054d6                USB_DevDisconnect
 .text.USB_ReadInterrupts
                0x00000000080054ee        0x8 build/stm32f4xx_ll_usb.o
                0x00000000080054ee                USB_ReadInterrupts
 .text.USB_ReadDevAllOutEpInterrupt
                0x00000000080054f6       0x10 build/stm32f4xx_ll_usb.o
                0x00000000080054f6                USB_ReadDevAllOutEpInterrupt
 .text.USB_ReadDevAllInEpInterrupt
                0x0000000008005506       0x10 build/stm32f4xx_ll_usb.o
                0x0000000008005506                USB_ReadDevAllInEpInterrupt
 .text.USB_ReadDevOutEPInterrupt
                0x0000000008005516       0x12 build/stm32f4xx_ll_usb.o
                0x0000000008005516                USB_ReadDevOutEPInterrupt
 .text.USB_ReadDevInEPInterrupt
                0x0000000008005528       0x1c build/stm32f4xx_ll_usb.o
                0x0000000008005528                USB_ReadDevInEPInterrupt
 .text.USB_GetMode
                0x0000000008005544        0x8 build/stm32f4xx_ll_usb.o
                0x0000000008005544                USB_GetMode
 .text.USB_ActivateSetup
                0x000000000800554c       0x38 build/stm32f4xx_ll_usb.o
                0x000000000800554c                USB_ActivateSetup
 .text.USB_EP0_OutStart
                0x0000000008005584       0x46 build/stm32f4xx_ll_usb.o
                0x0000000008005584                USB_EP0_OutStart
 *fill*         0x00000000080055ca        0x2 
 .text.USB_CoreReset
                0x00000000080055cc       0x3c build/stm32f4xx_ll_usb.o
 .text.USBD_Init
                0x0000000008005608       0x2e build/usbd_core.o
                0x0000000008005608                USBD_Init
 .text.USBD_RegisterClass
                0x0000000008005636        0xe build/usbd_core.o
                0x0000000008005636                USBD_RegisterClass
 .text.USBD_Start
                0x0000000008005644        0xa build/usbd_core.o
                0x0000000008005644                USBD_Start
 .text.USBD_SetClassConfig
                0x000000000800564e       0x1a build/usbd_core.o
                0x000000000800564e                USBD_SetClassConfig
 .text.USBD_ClrClassConfig
                0x0000000008005668        0xe build/usbd_core.o
                0x0000000008005668                USBD_ClrClassConfig
 .text.USBD_LL_SetupStage
                0x0000000008005676       0x5a build/usbd_core.o
                0x0000000008005676                USBD_LL_SetupStage
 .text.USBD_LL_DataOutStage
                0x00000000080056d0       0x6a build/usbd_core.o
                0x00000000080056d0                USBD_LL_DataOutStage
 .text.USBD_LL_DataInStage
                0x000000000800573a       0xb2 build/usbd_core.o
                0x000000000800573a                USBD_LL_DataInStage
 .text.USBD_LL_Reset
                0x00000000080057ec       0x3e build/usbd_core.o
                0x00000000080057ec                USBD_LL_Reset
 .text.USBD_LL_SetSpeed
                0x000000000800582a        0x6 build/usbd_core.o
                0x000000000800582a                USBD_LL_SetSpeed
 .text.USBD_LL_Suspend
                0x0000000008005830       0x12 build/usbd_core.o
                0x0000000008005830                USBD_LL_Suspend
 .text.USBD_LL_Resume
                0x0000000008005842        0xc build/usbd_core.o
                0x0000000008005842                USBD_LL_Resume
 .text.USBD_LL_SOF
                0x000000000800584e       0x1c build/usbd_core.o
                0x000000000800584e                USBD_LL_SOF
 .text.USBD_LL_IsoINIncomplete
                0x000000000800586a        0x4 build/usbd_core.o
                0x000000000800586a                USBD_LL_IsoINIncomplete
 .text.USBD_LL_IsoOUTIncomplete
                0x000000000800586e        0x4 build/usbd_core.o
                0x000000000800586e                USBD_LL_IsoOUTIncomplete
 .text.USBD_LL_DevConnected
                0x0000000008005872        0x4 build/usbd_core.o
                0x0000000008005872                USBD_LL_DevConnected
 .text.USBD_LL_DevDisconnected
                0x0000000008005876       0x16 build/usbd_core.o
                0x0000000008005876                USBD_LL_DevDisconnected
 .text.I2C_IsAcknowledgeFailed
                0x000000000800588c       0x2a build/stm32f4xx_hal_i2c.o
 .text.I2C_WaitOnFlagUntilTimeout
                0x00000000080058b6       0x68 build/stm32f4xx_hal_i2c.o
 .text.I2C_WaitOnMasterAddressFlagUntilTimeout
                0x000000000800591e       0x90 build/stm32f4xx_hal_i2c.o
 *fill*         0x00000000080059ae        0x2 
 .text.I2C_MasterRequestWrite
                0x00000000080059b0       0xbc build/stm32f4xx_hal_i2c.o
 .text.I2C_MasterRequestRead
                0x0000000008005a6c      0x120 build/stm32f4xx_hal_i2c.o
 .text.I2C_WaitOnTXEFlagUntilTimeout
                0x0000000008005b8c       0x4e build/stm32f4xx_hal_i2c.o
 .text.I2C_WaitOnBTFFlagUntilTimeout
                0x0000000008005bda       0x4e build/stm32f4xx_hal_i2c.o
 .text.I2C_WaitOnRXNEFlagUntilTimeout
                0x0000000008005c28       0x5c build/stm32f4xx_hal_i2c.o
 .text.HAL_I2C_Init
                0x0000000008005c84      0x11c build/stm32f4xx_hal_i2c.o
                0x0000000008005c84                HAL_I2C_Init
 .text.HAL_I2C_Master_Transmit
                0x0000000008005da0      0x184 build/stm32f4xx_hal_i2c.o
                0x0000000008005da0                HAL_I2C_Master_Transmit
 .text.HAL_I2C_Master_Receive
                0x0000000008005f24      0x2f4 build/stm32f4xx_hal_i2c.o
                0x0000000008005f24                HAL_I2C_Master_Receive
 .text.MX_USB_DEVICE_Init
                0x0000000008006218       0x38 build/usb_device.o
                0x0000000008006218                MX_USB_DEVICE_Init
 .text.CDC_DeInit_HS
                0x0000000008006250        0x4 build/usbd_cdc_if.o
 .text.CDC_Control_HS
                0x0000000008006254        0x4 build/usbd_cdc_if.o
 .text.CDC_Receive_HS
                0x0000000008006258       0x28 build/usbd_cdc_if.o
 .text.CDC_Init_HS
                0x0000000008006280       0x28 build/usbd_cdc_if.o
 .text.CDC_Transmit_HS
                0x00000000080062a8       0x2c build/usbd_cdc_if.o
                0x00000000080062a8                CDC_Transmit_HS
 .text.USBD_CtlSendData
                0x00000000080062d4       0x1a build/usbd_ioreq.o
                0x00000000080062d4                USBD_CtlSendData
 .text.USBD_CtlContinueSendData
                0x00000000080062ee       0x10 build/usbd_ioreq.o
                0x00000000080062ee                USBD_CtlContinueSendData
 .text.USBD_CtlPrepareRx
                0x00000000080062fe       0x1e build/usbd_ioreq.o
                0x00000000080062fe                USBD_CtlPrepareRx
 .text.USBD_CtlContinueRx
                0x000000000800631c       0x10 build/usbd_ioreq.o
                0x000000000800631c                USBD_CtlContinueRx
 .text.USBD_CtlSendStatus
                0x000000000800632c       0x16 build/usbd_ioreq.o
                0x000000000800632c                USBD_CtlSendStatus
 .text.USBD_CtlReceiveStatus
                0x0000000008006342       0x16 build/usbd_ioreq.o
                0x0000000008006342                USBD_CtlReceiveStatus
 .text.MessageCheck
                0x0000000008006358       0x32 build/riptideFunctions.o
                0x0000000008006358                MessageCheck
 .text.parse    0x000000000800638a       0x44 build/riptideFunctions.o
                0x000000000800638a                parse
 *fill*         0x00000000080063ce        0x2 
 .text.Riptide_CDC_Receive
                0x00000000080063d0       0x80 build/riptideFunctions.o
                0x00000000080063d0                Riptide_CDC_Receive
 .text.crc4     0x0000000008006450       0x56 build/riptideFunctions.o
                0x0000000008006450                crc4
 *fill*         0x00000000080064a6        0x2 
 .text.calculate
                0x00000000080064a8      0x208 build/riptideFunctions.o
                0x00000000080064a8                calculate
 .text.convert  0x00000000080066b0       0x84 build/riptideFunctions.o
                0x00000000080066b0                convert
 .text.riptideMain
                0x0000000008006734       0x74 build/riptideMain.o
                0x0000000008006734                riptideMain
 .text.vHeartbeat
                0x00000000080067a8       0x3c build/riptideThreads.o
                0x00000000080067a8                vHeartbeat
 .text.vSwitchMonitor
                0x00000000080067e4       0xb0 build/riptideThreads.o
                0x00000000080067e4                vSwitchMonitor
 .text.vKillSwitch
                0x0000000008006894       0x38 build/riptideThreads.o
                0x0000000008006894                vKillSwitch
 .text.vDepthSensor
                0x00000000080068cc      0x27c build/riptideThreads.o
                0x00000000080068cc                vDepthSensor
 .text.Reset_Handler
                0x0000000008006b48       0x50 build/startup_stm32f405xx.o
                0x0000000008006b48                Reset_Handler
 .text.Default_Handler
                0x0000000008006b98        0x2 build/startup_stm32f405xx.o
                0x0000000008006b98                DMA1_Stream3_IRQHandler
                0x0000000008006b98                HASH_RNG_IRQHandler
                0x0000000008006b98                EXTI2_IRQHandler
                0x0000000008006b98                TIM8_CC_IRQHandler
                0x0000000008006b98                TIM1_CC_IRQHandler
                0x0000000008006b98                DMA2_Stream5_IRQHandler
                0x0000000008006b98                DMA1_Stream5_IRQHandler
                0x0000000008006b98                PVD_IRQHandler
                0x0000000008006b98                SDIO_IRQHandler
                0x0000000008006b98                TAMP_STAMP_IRQHandler
                0x0000000008006b98                CAN2_RX1_IRQHandler
                0x0000000008006b98                EXTI3_IRQHandler
                0x0000000008006b98                TIM8_TRG_COM_TIM14_IRQHandler
                0x0000000008006b98                TIM8_UP_TIM13_IRQHandler
                0x0000000008006b98                I2C3_ER_IRQHandler
                0x0000000008006b98                EXTI0_IRQHandler
                0x0000000008006b98                I2C2_EV_IRQHandler
                0x0000000008006b98                DMA1_Stream2_IRQHandler
                0x0000000008006b98                CAN1_RX0_IRQHandler
                0x0000000008006b98                FPU_IRQHandler
                0x0000000008006b98                OTG_HS_WKUP_IRQHandler
                0x0000000008006b98                CAN2_SCE_IRQHandler
                0x0000000008006b98                DMA2_Stream2_IRQHandler
                0x0000000008006b98                SPI1_IRQHandler
                0x0000000008006b98                TIM6_DAC_IRQHandler
                0x0000000008006b98                TIM1_BRK_TIM9_IRQHandler
                0x0000000008006b98                CAN2_RX0_IRQHandler
                0x0000000008006b98                DMA2_Stream3_IRQHandler
                0x0000000008006b98                USART6_IRQHandler
                0x0000000008006b98                USART3_IRQHandler
                0x0000000008006b98                CAN1_RX1_IRQHandler
                0x0000000008006b98                UART5_IRQHandler
                0x0000000008006b98                DMA2_Stream0_IRQHandler
                0x0000000008006b98                TIM4_IRQHandler
                0x0000000008006b98                I2C1_EV_IRQHandler
                0x0000000008006b98                DMA1_Stream6_IRQHandler
                0x0000000008006b98                DMA1_Stream1_IRQHandler
                0x0000000008006b98                UART4_IRQHandler
                0x0000000008006b98                TIM3_IRQHandler
                0x0000000008006b98                RCC_IRQHandler
                0x0000000008006b98                TIM8_BRK_TIM12_IRQHandler
                0x0000000008006b98                Default_Handler
                0x0000000008006b98                EXTI15_10_IRQHandler
                0x0000000008006b98                ADC_IRQHandler
                0x0000000008006b98                DMA1_Stream7_IRQHandler
                0x0000000008006b98                TIM7_IRQHandler
                0x0000000008006b98                CAN2_TX_IRQHandler
                0x0000000008006b98                TIM5_IRQHandler
                0x0000000008006b98                DMA2_Stream7_IRQHandler
                0x0000000008006b98                I2C3_EV_IRQHandler
                0x0000000008006b98                EXTI9_5_IRQHandler
                0x0000000008006b98                RTC_WKUP_IRQHandler
                0x0000000008006b98                SPI2_IRQHandler
                0x0000000008006b98                OTG_HS_EP1_IN_IRQHandler
                0x0000000008006b98                DMA1_Stream0_IRQHandler
                0x0000000008006b98                CAN1_TX_IRQHandler
                0x0000000008006b98                EXTI4_IRQHandler
                0x0000000008006b98                FSMC_IRQHandler
                0x0000000008006b98                OTG_HS_EP1_OUT_IRQHandler
                0x0000000008006b98                WWDG_IRQHandler
                0x0000000008006b98                TIM2_IRQHandler
                0x0000000008006b98                OTG_FS_WKUP_IRQHandler
                0x0000000008006b98                TIM1_TRG_COM_TIM11_IRQHandler
                0x0000000008006b98                EXTI1_IRQHandler
                0x0000000008006b98                USART2_IRQHandler
                0x0000000008006b98                I2C2_ER_IRQHandler
                0x0000000008006b98                DMA2_Stream1_IRQHandler
                0x0000000008006b98                CAN1_SCE_IRQHandler
                0x0000000008006b98                FLASH_IRQHandler
                0x0000000008006b98                DMA2_Stream4_IRQHandler
                0x0000000008006b98                USART1_IRQHandler
                0x0000000008006b98                OTG_FS_IRQHandler
                0x0000000008006b98                SPI3_IRQHandler
                0x0000000008006b98                DMA1_Stream4_IRQHandler
                0x0000000008006b98                I2C1_ER_IRQHandler
                0x0000000008006b98                DMA2_Stream6_IRQHandler
                0x0000000008006b98                RTC_Alarm_IRQHandler
 .text.atoi     0x0000000008006b9a        0x8 /Users/augustmason/Documents/gitHub/riptide_firmware/STM32/gcc-arm-none-eabi-6-2017-q2-update/bin/../lib/gcc/arm-none-eabi/6.3.1/../../../../arm-none-eabi/lib/thumb/v7e-m/fpv4-sp/hard/libc_nano.a(lib_a-atoi.o)
                0x0000000008006b9a                atoi
 *fill*         0x0000000008006ba2        0x2 
 .text.gcvt     0x0000000008006ba4       0x58 /Users/augustmason/Documents/gitHub/riptide_firmware/STM32/gcc-arm-none-eabi-6-2017-q2-update/bin/../lib/gcc/arm-none-eabi/6.3.1/../../../../arm-none-eabi/lib/thumb/v7e-m/fpv4-sp/hard/libc_nano.a(lib_a-efgcvt.o)
                0x0000000008006ba4                gcvt
 .text.__libc_init_array
                0x0000000008006bfc       0x48 /Users/augustmason/Documents/gitHub/riptide_firmware/STM32/gcc-arm-none-eabi-6-2017-q2-update/bin/../lib/gcc/arm-none-eabi/6.3.1/../../../../arm-none-eabi/lib/thumb/v7e-m/fpv4-sp/hard/libc_nano.a(lib_a-init.o)
                0x0000000008006bfc                __libc_init_array
 .text.malloc   0x0000000008006c44       0x10 /Users/augustmason/Documents/gitHub/riptide_firmware/STM32/gcc-arm-none-eabi-6-2017-q2-update/bin/../lib/gcc/arm-none-eabi/6.3.1/../../../../arm-none-eabi/lib/thumb/v7e-m/fpv4-sp/hard/libc_nano.a(lib_a-malloc.o)
                0x0000000008006c44                malloc
 .text.free     0x0000000008006c54       0x10 /Users/augustmason/Documents/gitHub/riptide_firmware/STM32/gcc-arm-none-eabi-6-2017-q2-update/bin/../lib/gcc/arm-none-eabi/6.3.1/../../../../arm-none-eabi/lib/thumb/v7e-m/fpv4-sp/hard/libc_nano.a(lib_a-malloc.o)
                0x0000000008006c54                free
 .text.memcpy   0x0000000008006c64       0x16 /Users/augustmason/Documents/gitHub/riptide_firmware/STM32/gcc-arm-none-eabi-6-2017-q2-update/bin/../lib/gcc/arm-none-eabi/6.3.1/../../../../arm-none-eabi/lib/thumb/v7e-m/fpv4-sp/hard/libc_nano.a(lib_a-memcpy-stub.o)
                0x0000000008006c64                memcpy
 .text.memset   0x0000000008006c7a       0x10 /Users/augustmason/Documents/gitHub/riptide_firmware/STM32/gcc-arm-none-eabi-6-2017-q2-update/bin/../lib/gcc/arm-none-eabi/6.3.1/../../../../arm-none-eabi/lib/thumb/v7e-m/fpv4-sp/hard/libc_nano.a(lib_a-memset.o)
                0x0000000008006c7a                memset
 *fill*         0x0000000008006c8a        0x2 
 .text._free_r  0x0000000008006c8c       0x9c /Users/augustmason/Documents/gitHub/riptide_firmware/STM32/gcc-arm-none-eabi-6-2017-q2-update/bin/../lib/gcc/arm-none-eabi/6.3.1/../../../../arm-none-eabi/lib/thumb/v7e-m/fpv4-sp/hard/libc_nano.a(lib_a-nano-freer.o)
                0x0000000008006c8c                _free_r
 .text._malloc_r
                0x0000000008006d28       0xbc /Users/augustmason/Documents/gitHub/riptide_firmware/STM32/gcc-arm-none-eabi-6-2017-q2-update/bin/../lib/gcc/arm-none-eabi/6.3.1/../../../../arm-none-eabi/lib/thumb/v7e-m/fpv4-sp/hard/libc_nano.a(lib_a-nano-mallocr.o)
                0x0000000008006d28                _malloc_r
 .text._sbrk_r  0x0000000008006de4       0x20 /Users/augustmason/Documents/gitHub/riptide_firmware/STM32/gcc-arm-none-eabi-6-2017-q2-update/bin/../lib/gcc/arm-none-eabi/6.3.1/../../../../arm-none-eabi/lib/thumb/v7e-m/fpv4-sp/hard/libc_nano.a(lib_a-sbrkr.o)
                0x0000000008006de4                _sbrk_r
 .text._strtol_l.isra.0
                0x0000000008006e04      0x100 /Users/augustmason/Documents/gitHub/riptide_firmware/STM32/gcc-arm-none-eabi-6-2017-q2-update/bin/../lib/gcc/arm-none-eabi/6.3.1/../../../../arm-none-eabi/lib/thumb/v7e-m/fpv4-sp/hard/libc_nano.a(lib_a-strtol.o)
 .text.strtol   0x0000000008006f04       0x2c /Users/augustmason/Documents/gitHub/riptide_firmware/STM32/gcc-arm-none-eabi-6-2017-q2-update/bin/../lib/gcc/arm-none-eabi/6.3.1/../../../../arm-none-eabi/lib/thumb/v7e-m/fpv4-sp/hard/libc_nano.a(lib_a-strtol.o)
                0x0000000008006f04                strtol
 .text.print_e  0x0000000008006f30       0xe8 /Users/augustmason/Documents/gitHub/riptide_firmware/STM32/gcc-arm-none-eabi-6-2017-q2-update/bin/../lib/gcc/arm-none-eabi/6.3.1/../../../../arm-none-eabi/lib/thumb/v7e-m/fpv4-sp/hard/libc_nano.a(lib_a-ecvtbuf.o)
 .text._gcvt    0x0000000008007018      0x18c /Users/augustmason/Documents/gitHub/riptide_firmware/STM32/gcc-arm-none-eabi-6-2017-q2-update/bin/../lib/gcc/arm-none-eabi/6.3.1/../../../../arm-none-eabi/lib/thumb/v7e-m/fpv4-sp/hard/libc_nano.a(lib_a-ecvtbuf.o)
                0x0000000008007018                _gcvt
 .text.__locale_ctype_ptr_l
                0x00000000080071a4        0x6 /Users/augustmason/Documents/gitHub/riptide_firmware/STM32/gcc-arm-none-eabi-6-2017-q2-update/bin/../lib/gcc/arm-none-eabi/6.3.1/../../../../arm-none-eabi/lib/thumb/v7e-m/fpv4-sp/hard/libc_nano.a(lib_a-locale.o)
                0x00000000080071a4                __locale_ctype_ptr_l
 .text.__ascii_mbtowc
                0x00000000080071aa       0x24 /Users/augustmason/Documents/gitHub/riptide_firmware/STM32/gcc-arm-none-eabi-6-2017-q2-update/bin/../lib/gcc/arm-none-eabi/6.3.1/../../../../arm-none-eabi/lib/thumb/v7e-m/fpv4-sp/hard/libc_nano.a(lib_a-mbtowc_r.o)
                0x00000000080071aa                __ascii_mbtowc
 .text.__malloc_lock
                0x00000000080071ce        0x2 /Users/augustmason/Documents/gitHub/riptide_firmware/STM32/gcc-arm-none-eabi-6-2017-q2-update/bin/../lib/gcc/arm-none-eabi/6.3.1/../../../../arm-none-eabi/lib/thumb/v7e-m/fpv4-sp/hard/libc_nano.a(lib_a-mlock.o)
                0x00000000080071ce                __malloc_lock
 .text.__malloc_unlock
                0x00000000080071d0        0x2 /Users/augustmason/Documents/gitHub/riptide_firmware/STM32/gcc-arm-none-eabi-6-2017-q2-update/bin/../lib/gcc/arm-none-eabi/6.3.1/../../../../arm-none-eabi/lib/thumb/v7e-m/fpv4-sp/hard/libc_nano.a(lib_a-mlock.o)
                0x00000000080071d0                __malloc_unlock
 .text._Balloc  0x00000000080071d2       0x68 /Users/augustmason/Documents/gitHub/riptide_firmware/STM32/gcc-arm-none-eabi-6-2017-q2-update/bin/../lib/gcc/arm-none-eabi/6.3.1/../../../../arm-none-eabi/lib/thumb/v7e-m/fpv4-sp/hard/libc_nano.a(lib_a-mprec.o)
                0x00000000080071d2                _Balloc
 .text._Bfree   0x000000000800723a       0x2e /Users/augustmason/Documents/gitHub/riptide_firmware/STM32/gcc-arm-none-eabi-6-2017-q2-update/bin/../lib/gcc/arm-none-eabi/6.3.1/../../../../arm-none-eabi/lib/thumb/v7e-m/fpv4-sp/hard/libc_nano.a(lib_a-mprec.o)
                0x000000000800723a                _Bfree
 .text.__multadd
                0x0000000008007268       0x76 /Users/augustmason/Documents/gitHub/riptide_firmware/STM32/gcc-arm-none-eabi-6-2017-q2-update/bin/../lib/gcc/arm-none-eabi/6.3.1/../../../../arm-none-eabi/lib/thumb/v7e-m/fpv4-sp/hard/libc_nano.a(lib_a-mprec.o)
                0x0000000008007268                __multadd
 .text.__hi0bits
                0x00000000080072de       0x3e /Users/augustmason/Documents/gitHub/riptide_firmware/STM32/gcc-arm-none-eabi-6-2017-q2-update/bin/../lib/gcc/arm-none-eabi/6.3.1/../../../../arm-none-eabi/lib/thumb/v7e-m/fpv4-sp/hard/libc_nano.a(lib_a-mprec.o)
                0x00000000080072de                __hi0bits
 .text.__lo0bits
                0x000000000800731c       0x5e /Users/augustmason/Documents/gitHub/riptide_firmware/STM32/gcc-arm-none-eabi-6-2017-q2-update/bin/../lib/gcc/arm-none-eabi/6.3.1/../../../../arm-none-eabi/lib/thumb/v7e-m/fpv4-sp/hard/libc_nano.a(lib_a-mprec.o)
                0x000000000800731c                __lo0bits
 .text.__i2b    0x000000000800737a       0x12 /Users/augustmason/Documents/gitHub/riptide_firmware/STM32/gcc-arm-none-eabi-6-2017-q2-update/bin/../lib/gcc/arm-none-eabi/6.3.1/../../../../arm-none-eabi/lib/thumb/v7e-m/fpv4-sp/hard/libc_nano.a(lib_a-mprec.o)
                0x000000000800737a                __i2b
 .text.__multiply
                0x000000000800738c      0x11a /Users/augustmason/Documents/gitHub/riptide_firmware/STM32/gcc-arm-none-eabi-6-2017-q2-update/bin/../lib/gcc/arm-none-eabi/6.3.1/../../../../arm-none-eabi/lib/thumb/v7e-m/fpv4-sp/hard/libc_nano.a(lib_a-mprec.o)
                0x000000000800738c                __multiply
 *fill*         0x00000000080074a6        0x2 
 .text.__pow5mult
                0x00000000080074a8       0x9c /Users/augustmason/Documents/gitHub/riptide_firmware/STM32/gcc-arm-none-eabi-6-2017-q2-update/bin/../lib/gcc/arm-none-eabi/6.3.1/../../../../arm-none-eabi/lib/thumb/v7e-m/fpv4-sp/hard/libc_nano.a(lib_a-mprec.o)
                0x00000000080074a8                __pow5mult
 .text.__lshift
                0x0000000008007544       0xa2 /Users/augustmason/Documents/gitHub/riptide_firmware/STM32/gcc-arm-none-eabi-6-2017-q2-update/bin/../lib/gcc/arm-none-eabi/6.3.1/../../../../arm-none-eabi/lib/thumb/v7e-m/fpv4-sp/hard/libc_nano.a(lib_a-mprec.o)
                0x0000000008007544                __lshift
 .text.__mcmp   0x00000000080075e6       0x34 /Users/augustmason/Documents/gitHub/riptide_firmware/STM32/gcc-arm-none-eabi-6-2017-q2-update/bin/../lib/gcc/arm-none-eabi/6.3.1/../../../../arm-none-eabi/lib/thumb/v7e-m/fpv4-sp/hard/libc_nano.a(lib_a-mprec.o)
                0x00000000080075e6                __mcmp
 .text.__mdiff  0x000000000800761a       0xbc /Users/augustmason/Documents/gitHub/riptide_firmware/STM32/gcc-arm-none-eabi-6-2017-q2-update/bin/../lib/gcc/arm-none-eabi/6.3.1/../../../../arm-none-eabi/lib/thumb/v7e-m/fpv4-sp/hard/libc_nano.a(lib_a-mprec.o)
                0x000000000800761a                __mdiff
 .text.__d2b    0x00000000080076d6       0x9e /Users/augustmason/Documents/gitHub/riptide_firmware/STM32/gcc-arm-none-eabi-6-2017-q2-update/bin/../lib/gcc/arm-none-eabi/6.3.1/../../../../arm-none-eabi/lib/thumb/v7e-m/fpv4-sp/hard/libc_nano.a(lib_a-mprec.o)
                0x00000000080076d6                __d2b
 .text._mprec_log10
                0x0000000008007774       0x3c /Users/augustmason/Documents/gitHub/riptide_firmware/STM32/gcc-arm-none-eabi-6-2017-q2-update/bin/../lib/gcc/arm-none-eabi/6.3.1/../../../../arm-none-eabi/lib/thumb/v7e-m/fpv4-sp/hard/libc_nano.a(lib_a-mprec.o)
                0x0000000008007774                _mprec_log10
 .text._calloc_r
                0x00000000080077b0       0x1c /Users/augustmason/Documents/gitHub/riptide_firmware/STM32/gcc-arm-none-eabi-6-2017-q2-update/bin/../lib/gcc/arm-none-eabi/6.3.1/../../../../arm-none-eabi/lib/thumb/v7e-m/fpv4-sp/hard/libc_nano.a(lib_a-nano-callocr.o)
                0x00000000080077b0                _calloc_r
 .text.strcpy   0x00000000080077cc       0x10 /Users/augustmason/Documents/gitHub/riptide_firmware/STM32/gcc-arm-none-eabi-6-2017-q2-update/bin/../lib/gcc/arm-none-eabi/6.3.1/../../../../arm-none-eabi/lib/thumb/v7e-m/fpv4-sp/hard/libc_nano.a(lib_a-strcpy.o)
                0x00000000080077cc                strcpy
 .text.__ascii_wctomb
                0x00000000080077dc       0x1a /Users/augustmason/Documents/gitHub/riptide_firmware/STM32/gcc-arm-none-eabi-6-2017-q2-update/bin/../lib/gcc/arm-none-eabi/6.3.1/../../../../arm-none-eabi/lib/thumb/v7e-m/fpv4-sp/hard/libc_nano.a(lib_a-wctomb_r.o)
                0x00000000080077dc                __ascii_wctomb
 .text.quorem   0x00000000080077f6      0x118 /Users/augustmason/Documents/gitHub/riptide_firmware/STM32/gcc-arm-none-eabi-6-2017-q2-update/bin/../lib/gcc/arm-none-eabi/6.3.1/../../../../arm-none-eabi/lib/thumb/v7e-m/fpv4-sp/hard/libc_nano.a(lib_a-dtoa.o)
 *fill*         0x000000000800790e        0x2 
 .text._dtoa_r  0x0000000008007910      0xb9c /Users/augustmason/Documents/gitHub/riptide_firmware/STM32/gcc-arm-none-eabi-6-2017-q2-update/bin/../lib/gcc/arm-none-eabi/6.3.1/../../../../arm-none-eabi/lib/thumb/v7e-m/fpv4-sp/hard/libc_nano.a(lib_a-dtoa.o)
                0x0000000008007910                _dtoa_r
 .text._sbrk    0x00000000080084ac       0x1c /Users/augustmason/Documents/gitHub/riptide_firmware/STM32/gcc-arm-none-eabi-6-2017-q2-update/bin/../lib/gcc/arm-none-eabi/6.3.1/../../../../arm-none-eabi/lib/thumb/v7e-m/fpv4-sp/hard/libnosys.a(sbrk.o)
                0x00000000080084ac                _sbrk
 *(.glue_7)
 .glue_7        0x00000000080084c8        0x0 linker stubs
 *(.glue_7t)
 .glue_7t       0x00000000080084c8        0x0 linker stubs
 *(.eh_frame)
 .eh_frame      0x00000000080084c8        0x0 /Users/augustmason/Documents/gitHub/riptide_firmware/STM32/gcc-arm-none-eabi-6-2017-q2-update/bin/../lib/gcc/arm-none-eabi/6.3.1/thumb/v7e-m/fpv4-sp/hard/crtbegin.o
 *(.init)
 .init          0x00000000080084c8        0x4 /Users/augustmason/Documents/gitHub/riptide_firmware/STM32/gcc-arm-none-eabi-6-2017-q2-update/bin/../lib/gcc/arm-none-eabi/6.3.1/thumb/v7e-m/fpv4-sp/hard/crti.o
                0x00000000080084c8                _init
 .init          0x00000000080084cc        0x8 /Users/augustmason/Documents/gitHub/riptide_firmware/STM32/gcc-arm-none-eabi-6-2017-q2-update/bin/../lib/gcc/arm-none-eabi/6.3.1/thumb/v7e-m/fpv4-sp/hard/crtn.o
 *(.fini)
 .fini          0x00000000080084d4        0x4 /Users/augustmason/Documents/gitHub/riptide_firmware/STM32/gcc-arm-none-eabi-6-2017-q2-update/bin/../lib/gcc/arm-none-eabi/6.3.1/thumb/v7e-m/fpv4-sp/hard/crti.o
                0x00000000080084d4                _fini
 .fini          0x00000000080084d8        0x8 /Users/augustmason/Documents/gitHub/riptide_firmware/STM32/gcc-arm-none-eabi-6-2017-q2-update/bin/../lib/gcc/arm-none-eabi/6.3.1/thumb/v7e-m/fpv4-sp/hard/crtn.o
                0x00000000080084e0                . = ALIGN (0x4)
                0x00000000080084e0                _etext = .

.vfp11_veneer   0x00000000080084e0        0x0
 .vfp11_veneer  0x00000000080084e0        0x0 linker stubs

.v4_bx          0x00000000080084e0        0x0
 .v4_bx         0x00000000080084e0        0x0 linker stubs

.iplt           0x00000000080084e0        0x0
 .iplt          0x00000000080084e0        0x0 /Users/augustmason/Documents/gitHub/riptide_firmware/STM32/gcc-arm-none-eabi-6-2017-q2-update/bin/../lib/gcc/arm-none-eabi/6.3.1/thumb/v7e-m/fpv4-sp/hard/crtbegin.o

.rodata         0x00000000080084e0      0x37c
                0x00000000080084e0                . = ALIGN (0x4)
 *(.rodata)
 .rodata        0x00000000080084e0       0x14 build/main.o
 .rodata        0x00000000080084f4        0xf build/riptideThreads.o
 *(.rodata*)
 *fill*         0x0000000008008503        0x1 
 .rodata.MX_TIM2_Init.str1.4
                0x0000000008008504        0xb build/main.o
 *fill*         0x000000000800850f        0x1 
 .rodata.str1.4
                0x0000000008008510        0xc build/main.o
 .rodata.AHBPrescTable
                0x000000000800851c       0x10 build/system_stm32f4xx.o
                0x000000000800851c                AHBPrescTable
 .rodata.APBPrescTable
                0x000000000800852c        0x8 build/system_stm32f4xx.o
                0x000000000800852c                APBPrescTable
 .rodata.USBD_HS_ConfigStrDescriptor.str1.4
                0x0000000008008534        0xb build/usbd_desc.o
 *fill*         0x000000000800853f        0x1 
 .rodata.USBD_HS_InterfaceStrDescriptor.str1.4
                0x0000000008008540        0xe build/usbd_desc.o
 *fill*         0x000000000800854e        0x2 
 .rodata.USBD_HS_ManufacturerStrDescriptor.str1.4
                0x0000000008008550       0x13 build/usbd_desc.o
 *fill*         0x0000000008008563        0x1 
 .rodata.USBD_HS_ProductStrDescriptor.str1.4
                0x0000000008008564        0xc build/usbd_desc.o
 .rodata.USBD_HS_SerialStrDescriptor.str1.4
                0x0000000008008570        0xd build/usbd_desc.o
 *fill*         0x000000000800857d        0x3 
 .rodata.vTaskStartScheduler.str1.4
                0x0000000008008580        0x5 build/tasks.o
 *fill*         0x0000000008008585        0x3 
 .rodata.USBD_LL_Init.str1.4
                0x0000000008008588       0x10 build/usbd_conf.o
 .rodata.Riptide_CDC_Receive.str1.4
                0x0000000008008598       0x32 build/riptideFunctions.o
 *fill*         0x00000000080085ca        0x2 
 .rodata.riptideMain.str1.4
                0x00000000080085cc       0x34 build/riptideMain.o
 .rodata.vDepthSensor.str1.4
                0x0000000008008600       0x34 build/riptideThreads.o
                                         0x38 (size before relaxing)
 .rodata.vHeartbeat.str1.4
                0x0000000008008634        0xc build/riptideThreads.o
 .rodata._setlocale_r.str1.1
                0x0000000008008640        0x8 /Users/augustmason/Documents/gitHub/riptide_firmware/STM32/gcc-arm-none-eabi-6-2017-q2-update/bin/../lib/gcc/arm-none-eabi/6.3.1/../../../../arm-none-eabi/lib/thumb/v7e-m/fpv4-sp/hard/libc_nano.a(lib_a-locale.o)
                                          0x9 (size before relaxing)
 .rodata.str1.1
                0x0000000008008648        0x2 /Users/augustmason/Documents/gitHub/riptide_firmware/STM32/gcc-arm-none-eabi-6-2017-q2-update/bin/../lib/gcc/arm-none-eabi/6.3.1/../../../../arm-none-eabi/lib/thumb/v7e-m/fpv4-sp/hard/libc_nano.a(lib_a-locale.o)
 *fill*         0x000000000800864a        0x6 
 .rodata.__mprec_bigtens
                0x0000000008008650       0x28 /Users/augustmason/Documents/gitHub/riptide_firmware/STM32/gcc-arm-none-eabi-6-2017-q2-update/bin/../lib/gcc/arm-none-eabi/6.3.1/../../../../arm-none-eabi/lib/thumb/v7e-m/fpv4-sp/hard/libc_nano.a(lib_a-mprec.o)
                0x0000000008008650                __mprec_bigtens
 .rodata.__mprec_tens
                0x0000000008008678       0xc8 /Users/augustmason/Documents/gitHub/riptide_firmware/STM32/gcc-arm-none-eabi-6-2017-q2-update/bin/../lib/gcc/arm-none-eabi/6.3.1/../../../../arm-none-eabi/lib/thumb/v7e-m/fpv4-sp/hard/libc_nano.a(lib_a-mprec.o)
                0x0000000008008678                __mprec_tens
 .rodata.p05.7170
                0x0000000008008740        0xc /Users/augustmason/Documents/gitHub/riptide_firmware/STM32/gcc-arm-none-eabi-6-2017-q2-update/bin/../lib/gcc/arm-none-eabi/6.3.1/../../../../arm-none-eabi/lib/thumb/v7e-m/fpv4-sp/hard/libc_nano.a(lib_a-mprec.o)
 .rodata._ctype_
                0x000000000800874c      0x101 /Users/augustmason/Documents/gitHub/riptide_firmware/STM32/gcc-arm-none-eabi-6-2017-q2-update/bin/../lib/gcc/arm-none-eabi/6.3.1/../../../../arm-none-eabi/lib/thumb/v7e-m/fpv4-sp/hard/libc_nano.a(lib_a-ctype_.o)
                0x000000000800874c                _ctype_
 .rodata._dtoa_r.str1.1
                0x000000000800884d        0xf /Users/augustmason/Documents/gitHub/riptide_firmware/STM32/gcc-arm-none-eabi-6-2017-q2-update/bin/../lib/gcc/arm-none-eabi/6.3.1/../../../../arm-none-eabi/lib/thumb/v7e-m/fpv4-sp/hard/libc_nano.a(lib_a-dtoa.o)
                0x000000000800885c                . = ALIGN (0x4)

.ARM.extab
 *(.ARM.extab* .gnu.linkonce.armextab.*)

.ARM            0x000000000800885c        0x8
                0x000000000800885c                __exidx_start = .
 *(.ARM.exidx*)
 .ARM.exidx     0x000000000800885c        0x8 /Users/augustmason/Documents/gitHub/riptide_firmware/STM32/gcc-arm-none-eabi-6-2017-q2-update/bin/../lib/gcc/arm-none-eabi/6.3.1/thumb/v7e-m/fpv4-sp/hard/libgcc.a(_udivmoddi4.o)
                0x0000000008008864                __exidx_end = .

.rel.dyn        0x0000000008008864        0x0
 .rel.iplt      0x0000000008008864        0x0 /Users/augustmason/Documents/gitHub/riptide_firmware/STM32/gcc-arm-none-eabi-6-2017-q2-update/bin/../lib/gcc/arm-none-eabi/6.3.1/thumb/v7e-m/fpv4-sp/hard/crtbegin.o

.preinit_array  0x0000000008008864        0x0
                0x0000000008008864                PROVIDE (__preinit_array_start, .)
 *(.preinit_array*)
                0x0000000008008864                PROVIDE (__preinit_array_end, .)

.init_array     0x0000000008008864        0x4
                0x0000000008008864                PROVIDE (__init_array_start, .)
 *(SORT(.init_array.*))
 *(.init_array*)
 .init_array    0x0000000008008864        0x4 /Users/augustmason/Documents/gitHub/riptide_firmware/STM32/gcc-arm-none-eabi-6-2017-q2-update/bin/../lib/gcc/arm-none-eabi/6.3.1/thumb/v7e-m/fpv4-sp/hard/crtbegin.o
                0x0000000008008868                PROVIDE (__init_array_end, .)

.fini_array     0x0000000008008868        0x4
                [!provide]                        PROVIDE (__fini_array_start, .)
 *(SORT(.fini_array.*))
 *(.fini_array*)
 .fini_array    0x0000000008008868        0x4 /Users/augustmason/Documents/gitHub/riptide_firmware/STM32/gcc-arm-none-eabi-6-2017-q2-update/bin/../lib/gcc/arm-none-eabi/6.3.1/thumb/v7e-m/fpv4-sp/hard/crtbegin.o
                [!provide]                        PROVIDE (__fini_array_end, .)
                0x000000000800886c                _sidata = LOADADDR (.data)

.data           0x0000000020000000      0x32c load address 0x000000000800886c
                0x0000000020000000                . = ALIGN (0x4)
                0x0000000020000000                _sdata = .
 *(.data)
 *(.data*)
 .data.USBD_CDC
                0x0000000020000000       0x38 build/usbd_cdc.o
                0x0000000020000000                USBD_CDC
 .data.USBD_CDC_CfgFSDesc
                0x0000000020000038       0x43 build/usbd_cdc.o
                0x0000000020000038                USBD_CDC_CfgFSDesc
 *fill*         0x000000002000007b        0x1 
 .data.USBD_CDC_CfgHSDesc
                0x000000002000007c       0x43 build/usbd_cdc.o
                0x000000002000007c                USBD_CDC_CfgHSDesc
 *fill*         0x00000000200000bf        0x1 
 .data.USBD_CDC_DeviceQualifierDesc
                0x00000000200000c0        0xa build/usbd_cdc.o
 *fill*         0x00000000200000ca        0x2 
 .data.USBD_CDC_OtherSpeedCfgDesc
                0x00000000200000cc       0x43 build/usbd_cdc.o
                0x00000000200000cc                USBD_CDC_OtherSpeedCfgDesc
 *fill*         0x000000002000010f        0x1 
 .data.SystemCoreClock
                0x0000000020000110        0x4 build/system_stm32f4xx.o
                0x0000000020000110                SystemCoreClock
 .data.HS_Desc  0x0000000020000114       0x1c build/usbd_desc.o
                0x0000000020000114                HS_Desc
 .data.USBD_HS_DeviceDesc
                0x0000000020000130       0x12 build/usbd_desc.o
                0x0000000020000130                USBD_HS_DeviceDesc
 *fill*         0x0000000020000142        0x2 
 .data.USBD_LangIDDesc
                0x0000000020000144        0x4 build/usbd_desc.o
                0x0000000020000144                USBD_LangIDDesc
 .data.uxCriticalNesting
                0x0000000020000148        0x4 build/port.o
 .data.USBD_Interface_fops_HS
                0x000000002000014c       0x10 build/usbd_cdc_if.o
                0x000000002000014c                USBD_Interface_fops_HS
 .data._impure_ptr
                0x000000002000015c        0x4 /Users/augustmason/Documents/gitHub/riptide_firmware/STM32/gcc-arm-none-eabi-6-2017-q2-update/bin/../lib/gcc/arm-none-eabi/6.3.1/../../../../arm-none-eabi/lib/thumb/v7e-m/fpv4-sp/hard/libc_nano.a(lib_a-impure.o)
                0x000000002000015c                _impure_ptr
 .data.impure_data
                0x0000000020000160       0x60 /Users/augustmason/Documents/gitHub/riptide_firmware/STM32/gcc-arm-none-eabi-6-2017-q2-update/bin/../lib/gcc/arm-none-eabi/6.3.1/../../../../arm-none-eabi/lib/thumb/v7e-m/fpv4-sp/hard/libc_nano.a(lib_a-impure.o)
 .data.__global_locale
                0x00000000200001c0      0x16c /Users/augustmason/Documents/gitHub/riptide_firmware/STM32/gcc-arm-none-eabi-6-2017-q2-update/bin/../lib/gcc/arm-none-eabi/6.3.1/../../../../arm-none-eabi/lib/thumb/v7e-m/fpv4-sp/hard/libc_nano.a(lib_a-locale.o)
                0x00000000200001c0                __global_locale
                0x000000002000032c                . = ALIGN (0x4)
                0x000000002000032c                _edata = .
                0x0000000008008b98                _siccmram = LOADADDR (.ccmram)

.jcr            0x000000002000032c        0x0 load address 0x0000000008008b98
 .jcr           0x000000002000032c        0x0 /Users/augustmason/Documents/gitHub/riptide_firmware/STM32/gcc-arm-none-eabi-6-2017-q2-update/bin/../lib/gcc/arm-none-eabi/6.3.1/thumb/v7e-m/fpv4-sp/hard/crtbegin.o

.igot.plt       0x000000002000032c        0x0 load address 0x0000000008008b98
 .igot.plt      0x000000002000032c        0x0 /Users/augustmason/Documents/gitHub/riptide_firmware/STM32/gcc-arm-none-eabi-6-2017-q2-update/bin/../lib/gcc/arm-none-eabi/6.3.1/thumb/v7e-m/fpv4-sp/hard/crtbegin.o

.ccmram         0x0000000010000000        0x0 load address 0x0000000008008b98
                0x0000000010000000                . = ALIGN (0x4)
                0x0000000010000000                _sccmram = .
 *(.ccmram)
 *(.ccmram*)
                0x0000000010000000                . = ALIGN (0x4)
                0x0000000010000000                _eccmram = .
                0x0000000010000000                . = ALIGN (0x4)

.bss            0x000000002000032c     0x57ac
                0x000000002000032c                _sbss = .
                0x000000002000032c                __bss_start__ = _sbss
 *(.bss)
 .bss           0x000000002000032c       0x1c /Users/augustmason/Documents/gitHub/riptide_firmware/STM32/gcc-arm-none-eabi-6-2017-q2-update/bin/../lib/gcc/arm-none-eabi/6.3.1/thumb/v7e-m/fpv4-sp/hard/crtbegin.o
 *(.bss*)
 .bss.ifalt.9960
                0x0000000020000348        0x1 build/usbd_cdc.o
 *fill*         0x0000000020000349        0x3 
 .bss.pxEnd     0x000000002000034c        0x4 build/heap_4.o
 .bss.ucHeap    0x0000000020000350     0x3c00 build/heap_4.o
 .bss.xBlockAllocatedBit
                0x0000000020003f50        0x4 build/heap_4.o
 .bss.xFreeBytesRemaining
                0x0000000020003f54        0x4 build/heap_4.o
 .bss.xMinimumEverFreeBytesRemaining
                0x0000000020003f58        0x4 build/heap_4.o
 .bss.xStart    0x0000000020003f5c        0x8 build/heap_4.o
 .bss.cfgidx.9965
                0x0000000020003f64        0x1 build/usbd_ctlreq.o
 *fill*         0x0000000020003f65        0x3 
 .bss.pxCurrentTCB
                0x0000000020003f68        0x4 build/tasks.o
                0x0000000020003f68                pxCurrentTCB
 .bss.pxDelayedTaskList
                0x0000000020003f6c        0x4 build/tasks.o
 .bss.pxOverflowDelayedTaskList
                0x0000000020003f70        0x4 build/tasks.o
 .bss.pxReadyTasksLists
                0x0000000020003f74       0x8c build/tasks.o
 .bss.uxCurrentNumberOfTasks
                0x0000000020004000        0x4 build/tasks.o
 .bss.uxDeletedTasksWaitingCleanUp
                0x0000000020004004        0x4 build/tasks.o
 .bss.uxPendedTicks
                0x0000000020004008        0x4 build/tasks.o
 .bss.uxSchedulerSuspended
                0x000000002000400c        0x4 build/tasks.o
 .bss.uxTaskNumber
                0x0000000020004010        0x4 build/tasks.o
 .bss.uxTopReadyPriority
                0x0000000020004014        0x4 build/tasks.o
 .bss.xDelayedTaskList1
                0x0000000020004018       0x14 build/tasks.o
 .bss.xDelayedTaskList2
                0x000000002000402c       0x14 build/tasks.o
 .bss.xIdleTaskHandle
                0x0000000020004040        0x4 build/tasks.o
 .bss.xNextTaskUnblockTime
                0x0000000020004044        0x4 build/tasks.o
 .bss.xNumOfOverflows
                0x0000000020004048        0x4 build/tasks.o
 .bss.xPendingReadyList
                0x000000002000404c       0x14 build/tasks.o
 .bss.xSchedulerRunning
                0x0000000020004060        0x4 build/tasks.o
 .bss.xSuspendedTaskList
                0x0000000020004064       0x14 build/tasks.o
 .bss.xTasksWaitingTermination
                0x0000000020004078       0x14 build/tasks.o
 .bss.xTickCount
                0x000000002000408c        0x4 build/tasks.o
 .bss.xYieldPending
                0x0000000020004090        0x4 build/tasks.o
 .bss.ucMaxSysCallPriority
                0x0000000020004094        0x1 build/port.o
 *fill*         0x0000000020004095        0x3 
 .bss.ulMaxPRIGROUPValue
                0x0000000020004098        0x4 build/port.o
 .bss.__malloc_free_list
                0x000000002000409c        0x4 /Users/augustmason/Documents/gitHub/riptide_firmware/STM32/gcc-arm-none-eabi-6-2017-q2-update/bin/../lib/gcc/arm-none-eabi/6.3.1/../../../../arm-none-eabi/lib/thumb/v7e-m/fpv4-sp/hard/libc_nano.a(lib_a-nano-mallocr.o)
                0x000000002000409c                __malloc_free_list
 .bss.__malloc_sbrk_start
                0x00000000200040a0        0x4 /Users/augustmason/Documents/gitHub/riptide_firmware/STM32/gcc-arm-none-eabi-6-2017-q2-update/bin/../lib/gcc/arm-none-eabi/6.3.1/../../../../arm-none-eabi/lib/thumb/v7e-m/fpv4-sp/hard/libc_nano.a(lib_a-nano-mallocr.o)
                0x00000000200040a0                __malloc_sbrk_start
 .bss.heap_end.5239
                0x00000000200040a4        0x4 /Users/augustmason/Documents/gitHub/riptide_firmware/STM32/gcc-arm-none-eabi-6-2017-q2-update/bin/../lib/gcc/arm-none-eabi/6.3.1/../../../../arm-none-eabi/lib/thumb/v7e-m/fpv4-sp/hard/libnosys.a(sbrk.o)
 *(COMMON)
 COMMON         0x00000000200040a8        0x4 build/stm32f4xx_hal.o
                0x00000000200040a8                uwTick
 COMMON         0x00000000200040ac      0x1d8 build/main.o
                0x00000000200040ac                defaultTaskHandle
                0x00000000200040b0                hi2c3
                0x0000000020004104                hi2c1
                0x0000000020004158                htim5
                0x0000000020004194                htim3
                0x00000000200041d0                htim13
                0x000000002000420c                htim2
                0x0000000020004248                htim14
 COMMON         0x0000000020004284      0x200 build/usbd_desc.o
                0x0000000020004284                USBD_StrDesc
 COMMON         0x0000000020004484      0x3f0 build/usbd_conf.o
                0x0000000020004484                hpcd_USB_OTG_HS
 COMMON         0x0000000020004874       0x3c build/stm32f4xx_hal_timebase_TIM.o
                0x0000000020004874                htim1
 COMMON         0x00000000200048b0      0x224 build/usb_device.o
                0x00000000200048b0                hUsbDeviceHS
 COMMON         0x0000000020004ad4     0x1000 build/usbd_cdc_if.o
                0x0000000020004ad4                UserRxBufferHS
                0x00000000200052d4                UserTxBufferHS
 COMMON         0x0000000020005ad4        0x4 /Users/augustmason/Documents/gitHub/riptide_firmware/STM32/gcc-arm-none-eabi-6-2017-q2-update/bin/../lib/gcc/arm-none-eabi/6.3.1/../../../../arm-none-eabi/lib/thumb/v7e-m/fpv4-sp/hard/libc_nano.a(lib_a-reent.o)
                0x0000000020005ad4                errno
                0x0000000020005ad8                . = ALIGN (0x4)
                0x0000000020005ad8                _ebss = .
                0x0000000020005ad8                __bss_end__ = _ebss

._user_heap_stack
                0x0000000020005ad8      0x600
                0x0000000020005ad8                . = ALIGN (0x8)
                0x0000000020005ad8                PROVIDE (end, .)
                [!provide]                        PROVIDE (_end, .)
                0x0000000020005cd8                . = (. + _Min_Heap_Size)
 *fill*         0x0000000020005ad8      0x200 
                0x00000000200060d8                . = (. + _Min_Stack_Size)
 *fill*         0x0000000020005cd8      0x400 
                0x00000000200060d8                . = ALIGN (0x8)

/DISCARD/
 libc.a(*)
 libm.a(*)
 libgcc.a(*)

.ARM.attributes
                0x0000000000000000       0x30
 *(.ARM.attributes)
 .ARM.attributes
                0x0000000000000000       0x22 /Users/augustmason/Documents/gitHub/riptide_firmware/STM32/gcc-arm-none-eabi-6-2017-q2-update/bin/../lib/gcc/arm-none-eabi/6.3.1/thumb/v7e-m/fpv4-sp/hard/crti.o
 .ARM.attributes
                0x0000000000000022       0x34 /Users/augustmason/Documents/gitHub/riptide_firmware/STM32/gcc-arm-none-eabi-6-2017-q2-update/bin/../lib/gcc/arm-none-eabi/6.3.1/thumb/v7e-m/fpv4-sp/hard/crtbegin.o
 .ARM.attributes
                0x0000000000000056       0x39 build/stm32f4xx_hal.o
 .ARM.attributes
                0x000000000000008f       0x39 build/main.o
 .ARM.attributes
                0x00000000000000c8       0x39 build/usbd_cdc.o
 .ARM.attributes
                0x0000000000000101       0x39 build/stm32f4xx_hal_cortex.o
 .ARM.attributes
                0x000000000000013a       0x39 build/list.o
 .ARM.attributes
                0x0000000000000173       0x39 build/stm32f4xx_hal_msp.o
 .ARM.attributes
                0x00000000000001ac       0x39 build/system_stm32f4xx.o
 .ARM.attributes
                0x00000000000001e5       0x39 build/heap_4.o
 .ARM.attributes
                0x000000000000021e       0x39 build/usbd_desc.o
 .ARM.attributes
                0x0000000000000257       0x39 build/stm32f4xx_hal_pcd_ex.o
 .ARM.attributes
                0x0000000000000290       0x39 build/stm32f4xx_hal_rcc.o
 .ARM.attributes
                0x00000000000002c9       0x39 build/cmsis_os.o
 .ARM.attributes
                0x0000000000000302       0x39 build/stm32f4xx_it.o
 .ARM.attributes
                0x000000000000033b       0x39 build/stm32f4xx_hal_pcd.o
 .ARM.attributes
                0x0000000000000374       0x39 build/usbd_ctlreq.o
 .ARM.attributes
                0x00000000000003ad       0x39 build/stm32f4xx_hal_tim_ex.o
 .ARM.attributes
                0x00000000000003e6       0x39 build/tasks.o
 .ARM.attributes
                0x000000000000041f       0x39 build/port.o
 .ARM.attributes
                0x0000000000000458       0x39 build/stm32f4xx_hal_tim.o
 .ARM.attributes
                0x0000000000000491       0x39 build/stm32f4xx_hal_gpio.o
 .ARM.attributes
                0x00000000000004ca       0x39 build/usbd_conf.o
 .ARM.attributes
                0x0000000000000503       0x39 build/stm32f4xx_hal_timebase_TIM.o
 .ARM.attributes
                0x000000000000053c       0x39 build/stm32f4xx_ll_usb.o
 .ARM.attributes
                0x0000000000000575       0x39 build/usbd_core.o
 .ARM.attributes
                0x00000000000005ae       0x39 build/stm32f4xx_hal_i2c.o
 .ARM.attributes
                0x00000000000005e7       0x39 build/usb_device.o
 .ARM.attributes
                0x0000000000000620       0x39 build/usbd_cdc_if.o
 .ARM.attributes
                0x0000000000000659       0x39 build/usbd_ioreq.o
 .ARM.attributes
                0x0000000000000692       0x39 build/riptideFunctions.o
 .ARM.attributes
                0x00000000000006cb       0x39 build/riptideMain.o
 .ARM.attributes
                0x0000000000000704       0x39 build/riptideThreads.o
 .ARM.attributes
                0x000000000000073d       0x21 build/startup_stm32f405xx.o
 .ARM.attributes
                0x000000000000075e       0x34 /Users/augustmason/Documents/gitHub/riptide_firmware/STM32/gcc-arm-none-eabi-6-2017-q2-update/bin/../lib/gcc/arm-none-eabi/6.3.1/../../../../arm-none-eabi/lib/thumb/v7e-m/fpv4-sp/hard/libc_nano.a(lib_a-atoi.o)
 .ARM.attributes
                0x0000000000000792       0x34 /Users/augustmason/Documents/gitHub/riptide_firmware/STM32/gcc-arm-none-eabi-6-2017-q2-update/bin/../lib/gcc/arm-none-eabi/6.3.1/../../../../arm-none-eabi/lib/thumb/v7e-m/fpv4-sp/hard/libc_nano.a(lib_a-efgcvt.o)
 .ARM.attributes
                0x00000000000007c6       0x34 /Users/augustmason/Documents/gitHub/riptide_firmware/STM32/gcc-arm-none-eabi-6-2017-q2-update/bin/../lib/gcc/arm-none-eabi/6.3.1/../../../../arm-none-eabi/lib/thumb/v7e-m/fpv4-sp/hard/libc_nano.a(lib_a-impure.o)
 .ARM.attributes
                0x00000000000007fa       0x34 /Users/augustmason/Documents/gitHub/riptide_firmware/STM32/gcc-arm-none-eabi-6-2017-q2-update/bin/../lib/gcc/arm-none-eabi/6.3.1/../../../../arm-none-eabi/lib/thumb/v7e-m/fpv4-sp/hard/libc_nano.a(lib_a-init.o)
 .ARM.attributes
                0x000000000000082e       0x34 /Users/augustmason/Documents/gitHub/riptide_firmware/STM32/gcc-arm-none-eabi-6-2017-q2-update/bin/../lib/gcc/arm-none-eabi/6.3.1/../../../../arm-none-eabi/lib/thumb/v7e-m/fpv4-sp/hard/libc_nano.a(lib_a-malloc.o)
 .ARM.attributes
                0x0000000000000862       0x34 /Users/augustmason/Documents/gitHub/riptide_firmware/STM32/gcc-arm-none-eabi-6-2017-q2-update/bin/../lib/gcc/arm-none-eabi/6.3.1/../../../../arm-none-eabi/lib/thumb/v7e-m/fpv4-sp/hard/libc_nano.a(lib_a-memcpy-stub.o)
 .ARM.attributes
                0x0000000000000896       0x34 /Users/augustmason/Documents/gitHub/riptide_firmware/STM32/gcc-arm-none-eabi-6-2017-q2-update/bin/../lib/gcc/arm-none-eabi/6.3.1/../../../../arm-none-eabi/lib/thumb/v7e-m/fpv4-sp/hard/libc_nano.a(lib_a-memset.o)
 .ARM.attributes
                0x00000000000008ca       0x34 /Users/augustmason/Documents/gitHub/riptide_firmware/STM32/gcc-arm-none-eabi-6-2017-q2-update/bin/../lib/gcc/arm-none-eabi/6.3.1/../../../../arm-none-eabi/lib/thumb/v7e-m/fpv4-sp/hard/libc_nano.a(lib_a-nano-freer.o)
 .ARM.attributes
                0x00000000000008fe       0x34 /Users/augustmason/Documents/gitHub/riptide_firmware/STM32/gcc-arm-none-eabi-6-2017-q2-update/bin/../lib/gcc/arm-none-eabi/6.3.1/../../../../arm-none-eabi/lib/thumb/v7e-m/fpv4-sp/hard/libc_nano.a(lib_a-nano-mallocr.o)
 .ARM.attributes
                0x0000000000000932       0x34 /Users/augustmason/Documents/gitHub/riptide_firmware/STM32/gcc-arm-none-eabi-6-2017-q2-update/bin/../lib/gcc/arm-none-eabi/6.3.1/../../../../arm-none-eabi/lib/thumb/v7e-m/fpv4-sp/hard/libc_nano.a(lib_a-sbrkr.o)
 .ARM.attributes
                0x0000000000000966       0x1b /Users/augustmason/Documents/gitHub/riptide_firmware/STM32/gcc-arm-none-eabi-6-2017-q2-update/bin/../lib/gcc/arm-none-eabi/6.3.1/../../../../arm-none-eabi/lib/thumb/v7e-m/fpv4-sp/hard/libc_nano.a(lib_a-strlen.o)
 .ARM.attributes
                0x0000000000000981       0x34 /Users/augustmason/Documents/gitHub/riptide_firmware/STM32/gcc-arm-none-eabi-6-2017-q2-update/bin/../lib/gcc/arm-none-eabi/6.3.1/../../../../arm-none-eabi/lib/thumb/v7e-m/fpv4-sp/hard/libc_nano.a(lib_a-strtol.o)
 .ARM.attributes
                0x00000000000009b5       0x34 /Users/augustmason/Documents/gitHub/riptide_firmware/STM32/gcc-arm-none-eabi-6-2017-q2-update/bin/../lib/gcc/arm-none-eabi/6.3.1/../../../../arm-none-eabi/lib/thumb/v7e-m/fpv4-sp/hard/libc_nano.a(lib_a-ecvtbuf.o)
 .ARM.attributes
                0x00000000000009e9       0x34 /Users/augustmason/Documents/gitHub/riptide_firmware/STM32/gcc-arm-none-eabi-6-2017-q2-update/bin/../lib/gcc/arm-none-eabi/6.3.1/../../../../arm-none-eabi/lib/thumb/v7e-m/fpv4-sp/hard/libc_nano.a(lib_a-locale.o)
 .ARM.attributes
                0x0000000000000a1d       0x34 /Users/augustmason/Documents/gitHub/riptide_firmware/STM32/gcc-arm-none-eabi-6-2017-q2-update/bin/../lib/gcc/arm-none-eabi/6.3.1/../../../../arm-none-eabi/lib/thumb/v7e-m/fpv4-sp/hard/libc_nano.a(lib_a-mbtowc_r.o)
 .ARM.attributes
                0x0000000000000a51       0x34 /Users/augustmason/Documents/gitHub/riptide_firmware/STM32/gcc-arm-none-eabi-6-2017-q2-update/bin/../lib/gcc/arm-none-eabi/6.3.1/../../../../arm-none-eabi/lib/thumb/v7e-m/fpv4-sp/hard/libc_nano.a(lib_a-mlock.o)
 .ARM.attributes
                0x0000000000000a85       0x34 /Users/augustmason/Documents/gitHub/riptide_firmware/STM32/gcc-arm-none-eabi-6-2017-q2-update/bin/../lib/gcc/arm-none-eabi/6.3.1/../../../../arm-none-eabi/lib/thumb/v7e-m/fpv4-sp/hard/libc_nano.a(lib_a-mprec.o)
 .ARM.attributes
                0x0000000000000ab9       0x34 /Users/augustmason/Documents/gitHub/riptide_firmware/STM32/gcc-arm-none-eabi-6-2017-q2-update/bin/../lib/gcc/arm-none-eabi/6.3.1/../../../../arm-none-eabi/lib/thumb/v7e-m/fpv4-sp/hard/libc_nano.a(lib_a-nano-callocr.o)
 .ARM.attributes
                0x0000000000000aed       0x34 /Users/augustmason/Documents/gitHub/riptide_firmware/STM32/gcc-arm-none-eabi-6-2017-q2-update/bin/../lib/gcc/arm-none-eabi/6.3.1/../../../../arm-none-eabi/lib/thumb/v7e-m/fpv4-sp/hard/libc_nano.a(lib_a-reent.o)
 .ARM.attributes