------------------------------------------------------------
TimeQuest Timing Analyzer Summary
------------------------------------------------------------

Type  : Slow 1100mV 85C Model Setup 'drdy_in'
Slack : -7.716
TNS   : -7.716

Type  : Slow 1100mV 85C Model Setup 'pll|master_pll_inst|altera_pll_i|general[0].gpll~PLL_OUTPUT_COUNTER|divclk'
Slack : -5.944
TNS   : -571.623

Type  : Slow 1100mV 85C Model Setup 'okHI|ok_altera_pll0|altera_pll_i|general[0].gpll~PLL_OUTPUT_COUNTER|divclk'
Slack : -4.250
TNS   : -4.250

Type  : Slow 1100mV 85C Model Hold 'pll|master_pll_inst|altera_pll_i|general[0].gpll~PLL_OUTPUT_COUNTER|divclk'
Slack : 0.213
TNS   : 0.000

Type  : Slow 1100mV 85C Model Hold 'okHI|ok_altera_pll0|altera_pll_i|general[0].gpll~PLL_OUTPUT_COUNTER|divclk'
Slack : 0.348
TNS   : 0.000

Type  : Slow 1100mV 85C Model Hold 'drdy_in'
Slack : 3.071
TNS   : 0.000

Type  : Slow 1100mV 85C Model Recovery 'drdy_in'
Slack : -10.840
TNS   : -10.840

Type  : Slow 1100mV 85C Model Recovery 'okTriggerIn:trigger_in|ep_trigger[0]'
Slack : -3.316
TNS   : -3.316

Type  : Slow 1100mV 85C Model Recovery 'okHI|ok_altera_pll0|altera_pll_i|general[0].gpll~PLL_OUTPUT_COUNTER|divclk'
Slack : 6.655
TNS   : 0.000

Type  : Slow 1100mV 85C Model Removal 'okHI|ok_altera_pll0|altera_pll_i|general[0].gpll~PLL_OUTPUT_COUNTER|divclk'
Slack : 1.079
TNS   : 0.000

Type  : Slow 1100mV 85C Model Removal 'okTriggerIn:trigger_in|ep_trigger[0]'
Slack : 1.728
TNS   : 0.000

Type  : Slow 1100mV 85C Model Removal 'drdy_in'
Slack : 4.896
TNS   : 0.000

Type  : Slow 1100mV 85C Model Minimum Pulse Width 'drdy_in'
Slack : -0.724
TNS   : -1.171

Type  : Slow 1100mV 85C Model Minimum Pulse Width 'okTriggerIn:trigger_in|ep_trigger[0]'
Slack : -0.724
TNS   : -1.119

Type  : Slow 1100mV 85C Model Minimum Pulse Width 'pll|master_pll_inst|altera_pll_i|general[0].gpll~FRACTIONAL_PLL|vcoph[0]'
Slack : 0.517
TNS   : 0.000

Type  : Slow 1100mV 85C Model Minimum Pulse Width 'okHI|ok_altera_pll0|altera_pll_i|general[0].gpll~FRACTIONAL_PLL|vcoph[0]'
Slack : 0.619
TNS   : 0.000

Type  : Slow 1100mV 85C Model Minimum Pulse Width 'okHI|ok_altera_pll0|altera_pll_i|general[0].gpll~PLL_OUTPUT_COUNTER|divclk'
Slack : 3.377
TNS   : 0.000

Type  : Slow 1100mV 85C Model Minimum Pulse Width 'okUH[0]'
Slack : 4.925
TNS   : 0.000

Type  : Slow 1100mV 85C Model Minimum Pulse Width 'sys_clk_p'
Slack : 4.973
TNS   : 0.000

Type  : Slow 1100mV 85C Model Minimum Pulse Width 'pll|master_pll_inst|altera_pll_i|general[0].gpll~PLL_OUTPUT_COUNTER|divclk'
Slack : 28.946
TNS   : 0.000

Type  : Slow 1100mV 0C Model Setup 'drdy_in'
Slack : -7.195
TNS   : -7.195

Type  : Slow 1100mV 0C Model Setup 'pll|master_pll_inst|altera_pll_i|general[0].gpll~PLL_OUTPUT_COUNTER|divclk'
Slack : -5.943
TNS   : -557.754

Type  : Slow 1100mV 0C Model Setup 'okHI|ok_altera_pll0|altera_pll_i|general[0].gpll~PLL_OUTPUT_COUNTER|divclk'
Slack : -3.802
TNS   : -3.802

Type  : Slow 1100mV 0C Model Hold 'okHI|ok_altera_pll0|altera_pll_i|general[0].gpll~PLL_OUTPUT_COUNTER|divclk'
Slack : -0.064
TNS   : -0.064

Type  : Slow 1100mV 0C Model Hold 'pll|master_pll_inst|altera_pll_i|general[0].gpll~PLL_OUTPUT_COUNTER|divclk'
Slack : 0.343
TNS   : 0.000

Type  : Slow 1100mV 0C Model Hold 'drdy_in'
Slack : 2.922
TNS   : 0.000

Type  : Slow 1100mV 0C Model Recovery 'drdy_in'
Slack : -10.278
TNS   : -10.278

Type  : Slow 1100mV 0C Model Recovery 'okTriggerIn:trigger_in|ep_trigger[0]'
Slack : -3.292
TNS   : -3.292

Type  : Slow 1100mV 0C Model Recovery 'okHI|ok_altera_pll0|altera_pll_i|general[0].gpll~PLL_OUTPUT_COUNTER|divclk'
Slack : 6.752
TNS   : 0.000

Type  : Slow 1100mV 0C Model Removal 'okHI|ok_altera_pll0|altera_pll_i|general[0].gpll~PLL_OUTPUT_COUNTER|divclk'
Slack : 1.052
TNS   : 0.000

Type  : Slow 1100mV 0C Model Removal 'okTriggerIn:trigger_in|ep_trigger[0]'
Slack : 1.750
TNS   : 0.000

Type  : Slow 1100mV 0C Model Removal 'drdy_in'
Slack : 4.191
TNS   : 0.000

Type  : Slow 1100mV 0C Model Minimum Pulse Width 'drdy_in'
Slack : -0.724
TNS   : -1.320

Type  : Slow 1100mV 0C Model Minimum Pulse Width 'okTriggerIn:trigger_in|ep_trigger[0]'
Slack : -0.724
TNS   : -1.115

Type  : Slow 1100mV 0C Model Minimum Pulse Width 'pll|master_pll_inst|altera_pll_i|general[0].gpll~FRACTIONAL_PLL|vcoph[0]'
Slack : 0.517
TNS   : 0.000

Type  : Slow 1100mV 0C Model Minimum Pulse Width 'okHI|ok_altera_pll0|altera_pll_i|general[0].gpll~FRACTIONAL_PLL|vcoph[0]'
Slack : 0.619
TNS   : 0.000

Type  : Slow 1100mV 0C Model Minimum Pulse Width 'okHI|ok_altera_pll0|altera_pll_i|general[0].gpll~PLL_OUTPUT_COUNTER|divclk'
Slack : 3.305
TNS   : 0.000

Type  : Slow 1100mV 0C Model Minimum Pulse Width 'okUH[0]'
Slack : 4.893
TNS   : 0.000

Type  : Slow 1100mV 0C Model Minimum Pulse Width 'sys_clk_p'
Slack : 4.972
TNS   : 0.000

Type  : Slow 1100mV 0C Model Minimum Pulse Width 'pll|master_pll_inst|altera_pll_i|general[0].gpll~PLL_OUTPUT_COUNTER|divclk'
Slack : 28.862
TNS   : 0.000

Type  : Fast 1100mV 85C Model Setup 'drdy_in'
Slack : -3.723
TNS   : -3.723

Type  : Fast 1100mV 85C Model Setup 'pll|master_pll_inst|altera_pll_i|general[0].gpll~PLL_OUTPUT_COUNTER|divclk'
Slack : -2.617
TNS   : -238.763

Type  : Fast 1100mV 85C Model Setup 'okHI|ok_altera_pll0|altera_pll_i|general[0].gpll~PLL_OUTPUT_COUNTER|divclk'
Slack : -2.465
TNS   : -2.465

Type  : Fast 1100mV 85C Model Hold 'okHI|ok_altera_pll0|altera_pll_i|general[0].gpll~PLL_OUTPUT_COUNTER|divclk'
Slack : 0.119
TNS   : 0.000

Type  : Fast 1100mV 85C Model Hold 'pll|master_pll_inst|altera_pll_i|general[0].gpll~PLL_OUTPUT_COUNTER|divclk'
Slack : 0.140
TNS   : 0.000

Type  : Fast 1100mV 85C Model Hold 'drdy_in'
Slack : 1.549
TNS   : 0.000

Type  : Fast 1100mV 85C Model Recovery 'drdy_in'
Slack : -5.419
TNS   : -5.419

Type  : Fast 1100mV 85C Model Recovery 'okTriggerIn:trigger_in|ep_trigger[0]'
Slack : -1.027
TNS   : -1.027

Type  : Fast 1100mV 85C Model Recovery 'okHI|ok_altera_pll0|altera_pll_i|general[0].gpll~PLL_OUTPUT_COUNTER|divclk'
Slack : 8.259
TNS   : 0.000

Type  : Fast 1100mV 85C Model Removal 'okHI|ok_altera_pll0|altera_pll_i|general[0].gpll~PLL_OUTPUT_COUNTER|divclk'
Slack : 0.431
TNS   : 0.000

Type  : Fast 1100mV 85C Model Removal 'okTriggerIn:trigger_in|ep_trigger[0]'
Slack : 0.513
TNS   : 0.000

Type  : Fast 1100mV 85C Model Removal 'drdy_in'
Slack : 2.083
TNS   : 0.000

Type  : Fast 1100mV 85C Model Minimum Pulse Width 'drdy_in'
Slack : -0.638
TNS   : -1.117

Type  : Fast 1100mV 85C Model Minimum Pulse Width 'okTriggerIn:trigger_in|ep_trigger[0]'
Slack : 0.136
TNS   : 0.000

Type  : Fast 1100mV 85C Model Minimum Pulse Width 'pll|master_pll_inst|altera_pll_i|general[0].gpll~FRACTIONAL_PLL|vcoph[0]'
Slack : 0.517
TNS   : 0.000

Type  : Fast 1100mV 85C Model Minimum Pulse Width 'okHI|ok_altera_pll0|altera_pll_i|general[0].gpll~FRACTIONAL_PLL|vcoph[0]'
Slack : 0.619
TNS   : 0.000

Type  : Fast 1100mV 85C Model Minimum Pulse Width 'okHI|ok_altera_pll0|altera_pll_i|general[0].gpll~PLL_OUTPUT_COUNTER|divclk'
Slack : 3.838
TNS   : 0.000

Type  : Fast 1100mV 85C Model Minimum Pulse Width 'okUH[0]'
Slack : 4.603
TNS   : 0.000

Type  : Fast 1100mV 85C Model Minimum Pulse Width 'sys_clk_p'
Slack : 4.975
TNS   : 0.000

Type  : Fast 1100mV 85C Model Minimum Pulse Width 'pll|master_pll_inst|altera_pll_i|general[0].gpll~PLL_OUTPUT_COUNTER|divclk'
Slack : 29.404
TNS   : 0.000

Type  : Fast 1100mV 0C Model Setup 'drdy_in'
Slack : -3.025
TNS   : -3.025

Type  : Fast 1100mV 0C Model Setup 'pll|master_pll_inst|altera_pll_i|general[0].gpll~PLL_OUTPUT_COUNTER|divclk'
Slack : -2.460
TNS   : -224.049

Type  : Fast 1100mV 0C Model Setup 'okHI|ok_altera_pll0|altera_pll_i|general[0].gpll~PLL_OUTPUT_COUNTER|divclk'
Slack : -2.037
TNS   : -2.037

Type  : Fast 1100mV 0C Model Hold 'okHI|ok_altera_pll0|altera_pll_i|general[0].gpll~PLL_OUTPUT_COUNTER|divclk'
Slack : -0.146
TNS   : -0.146

Type  : Fast 1100mV 0C Model Hold 'pll|master_pll_inst|altera_pll_i|general[0].gpll~PLL_OUTPUT_COUNTER|divclk'
Slack : 0.144
TNS   : 0.000

Type  : Fast 1100mV 0C Model Hold 'drdy_in'
Slack : 1.143
TNS   : 0.000

Type  : Fast 1100mV 0C Model Recovery 'drdy_in'
Slack : -4.384
TNS   : -4.384

Type  : Fast 1100mV 0C Model Recovery 'okTriggerIn:trigger_in|ep_trigger[0]'
Slack : -0.910
TNS   : -0.910

Type  : Fast 1100mV 0C Model Recovery 'okHI|ok_altera_pll0|altera_pll_i|general[0].gpll~PLL_OUTPUT_COUNTER|divclk'
Slack : 8.457
TNS   : 0.000

Type  : Fast 1100mV 0C Model Removal 'okHI|ok_altera_pll0|altera_pll_i|general[0].gpll~PLL_OUTPUT_COUNTER|divclk'
Slack : 0.394
TNS   : 0.000

Type  : Fast 1100mV 0C Model Removal 'okTriggerIn:trigger_in|ep_trigger[0]'
Slack : 0.471
TNS   : 0.000

Type  : Fast 1100mV 0C Model Removal 'drdy_in'
Slack : 1.587
TNS   : 0.000

Type  : Fast 1100mV 0C Model Minimum Pulse Width 'drdy_in'
Slack : -0.728
TNS   : -1.331

Type  : Fast 1100mV 0C Model Minimum Pulse Width 'okTriggerIn:trigger_in|ep_trigger[0]'
Slack : 0.140
TNS   : 0.000

Type  : Fast 1100mV 0C Model Minimum Pulse Width 'pll|master_pll_inst|altera_pll_i|general[0].gpll~FRACTIONAL_PLL|vcoph[0]'
Slack : 0.517
TNS   : 0.000

Type  : Fast 1100mV 0C Model Minimum Pulse Width 'okHI|ok_altera_pll0|altera_pll_i|general[0].gpll~FRACTIONAL_PLL|vcoph[0]'
Slack : 0.619
TNS   : 0.000

Type  : Fast 1100mV 0C Model Minimum Pulse Width 'okHI|ok_altera_pll0|altera_pll_i|general[0].gpll~PLL_OUTPUT_COUNTER|divclk'
Slack : 3.840
TNS   : 0.000

Type  : Fast 1100mV 0C Model Minimum Pulse Width 'okUH[0]'
Slack : 4.592
TNS   : 0.000

Type  : Fast 1100mV 0C Model Minimum Pulse Width 'sys_clk_p'
Slack : 4.983
TNS   : 0.000

Type  : Fast 1100mV 0C Model Minimum Pulse Width 'pll|master_pll_inst|altera_pll_i|general[0].gpll~PLL_OUTPUT_COUNTER|divclk'
Slack : 29.408
TNS   : 0.000

------------------------------------------------------------
