usbd_conf.c:93:6:HAL_PCD_MspInit	32	static
usbd_conf.c:125:6:HAL_PCD_MspDeInit	8	static
usbd_conf.c:155:6:HAL_PCD_SetupStageCallback	0	static
usbd_conf.c:166:6:HAL_PCD_DataOutStageCallback	0	static
usbd_conf.c:177:6:HAL_PCD_DataInStageCallback	0	static
usbd_conf.c:187:6:HAL_PCD_SOFCallback	0	static
usbd_conf.c:197:6:HAL_PCD_ResetCallback	8	static
usbd_conf.c:227:6:HAL_PCD_SuspendCallback	8	static
usbd_conf.c:248:6:HAL_PCD_ResumeCallback	0	static
usbd_conf.c:261:6:HAL_PCD_ISOOUTIncompleteCallback	0	static
usbd_conf.c:272:6:HAL_PCD_ISOINIncompleteCallback	0	static
usbd_conf.c:282:6:HAL_PCD_ConnectCallback	0	static
usbd_conf.c:292:6:HAL_PCD_DisconnectCallback	0	static
usbd_conf.c:306:20:USBD_LL_Init	8	static
usbd_conf.c:343:20:USBD_LL_DeInit	8	static
usbd_conf.c:375:20:USBD_LL_Start	8	static
usbd_conf.c:407:20:USBD_LL_Stop	8	static
usbd_conf.c:442:20:USBD_LL_OpenEP	8	static
usbd_conf.c:475:20:USBD_LL_CloseEP	8	static
usbd_conf.c:508:20:USBD_LL_FlushEP	8	static
usbd_conf.c:541:20:USBD_LL_StallEP	8	static
usbd_conf.c:574:20:USBD_LL_ClearStallEP	8	static
usbd_conf.c:607:9:USBD_LL_IsStallEP	0	static
usbd_conf.c:627:20:USBD_LL_SetUSBAddress	8	static
usbd_conf.c:662:20:USBD_LL_Transmit	8	static
usbd_conf.c:697:20:USBD_LL_PrepareReceive	8	static
usbd_conf.c:730:10:USBD_LL_GetRxDataSize	8	static
usbd_conf.c:778:6:USBD_LL_Delay	0	static
