------------------------------------------------------------
TimeQuest Timing Analyzer Summary
------------------------------------------------------------

Type  : Slow 1100mV 85C Model Setup 'ddr3_interface_inst|ddr3_interface_inst|pll0|pll_afi_clk'
Slack : -3.999
TNS   : -814.915

Type  : Slow 1100mV 85C Model Setup 'ddr3_interface_inst|ddr3_interface_inst|pll0|pll_config_clk'
Slack : 1.725
TNS   : 0.000

Type  : Slow 1100mV 85C Model Setup 'sys_clk_p'
Slack : 1.818
TNS   : 0.000

Type  : Slow 1100mV 85C Model Setup 'ddr3_interface_inst|ddr3_interface_inst|pll0|pll_write_clk'
Slack : 1.929
TNS   : 0.000

Type  : Slow 1100mV 85C Model Setup 'ddr3_interface_inst|ddr3_interface_inst|pll0|pll_avl_clk'
Slack : 4.036
TNS   : 0.000

Type  : Slow 1100mV 85C Model Setup 'ddr3_interface_inst|ddr3_interface_inst|pll0|pll_avl_phy_clk'
Slack : 6.762
TNS   : 0.000

Type  : Slow 1100mV 85C Model Setup 'altera_reserved_tck'
Slack : 8.267
TNS   : 0.000

Type  : Slow 1100mV 85C Model Hold 'ddr3_interface_inst|ddr3_interface_inst|pll0|pll_write_clk'
Slack : 0.303
TNS   : 0.000

Type  : Slow 1100mV 85C Model Hold 'sys_clk_p'
Slack : 0.310
TNS   : 0.000

Type  : Slow 1100mV 85C Model Hold 'ddr3_interface_inst|ddr3_interface_inst|pll0|pll_afi_clk'
Slack : 0.486
TNS   : 0.000

Type  : Slow 1100mV 85C Model Hold 'ddr3_interface_inst|ddr3_interface_inst|pll0|pll_avl_clk'
Slack : 0.541
TNS   : 0.000

Type  : Slow 1100mV 85C Model Hold 'ddr3_interface_inst|ddr3_interface_inst|pll0|pll_config_clk'
Slack : 0.569
TNS   : 0.000

Type  : Slow 1100mV 85C Model Hold 'altera_reserved_tck'
Slack : 0.612
TNS   : 0.000

Type  : Slow 1100mV 85C Model Hold 'ddr3_interface_inst|ddr3_interface_inst|pll0|pll_avl_phy_clk'
Slack : 1.205
TNS   : 0.000

Type  : Slow 1100mV 85C Model Recovery 'ddr3_interface_inst|ddr3_interface_inst|pll0|pll_avl_clk'
Slack : 8.759
TNS   : 0.000

Type  : Slow 1100mV 85C Model Recovery 'ddr3_interface_inst|ddr3_interface_inst|pll0|pll_avl_phy_clk'
Slack : 9.991
TNS   : 0.000

Type  : Slow 1100mV 85C Model Recovery 'ddr3_interface_inst|ddr3_interface_inst|pll0|pll_config_clk'
Slack : 19.189
TNS   : 0.000

Type  : Slow 1100mV 85C Model Recovery 'altera_reserved_tck'
Slack : 29.724
TNS   : 0.000

Type  : Slow 1100mV 85C Model Removal 'altera_reserved_tck'
Slack : 1.031
TNS   : 0.000

Type  : Slow 1100mV 85C Model Removal 'ddr3_interface_inst|ddr3_interface_inst|pll0|pll_avl_clk'
Slack : 1.100
TNS   : 0.000

Type  : Slow 1100mV 85C Model Removal 'ddr3_interface_inst|ddr3_interface_inst|pll0|pll_avl_phy_clk'
Slack : 1.283
TNS   : 0.000

Type  : Slow 1100mV 85C Model Removal 'ddr3_interface_inst|ddr3_interface_inst|pll0|pll_config_clk'
Slack : 1.585
TNS   : 0.000

Type  : Slow 1100mV 85C Model Minimum Pulse Width 'ddr3_interface_inst|ddr3_interface_inst|pll0|pll_afi_clk'
Slack : -1.166
TNS   : -246.589

Type  : Slow 1100mV 85C Model Minimum Pulse Width 'ddr3_interface_inst|ddr3_interface_inst|pll0|pll_write_clk'
Slack : 0.632
TNS   : 0.000

Type  : Slow 1100mV 85C Model Minimum Pulse Width 'ddr3_interface_inst|ddr3_interface_inst|pll0|pll_dq_write_clk'
Slack : 0.686
TNS   : 0.000

Type  : Slow 1100mV 85C Model Minimum Pulse Width 'sys_clk_p'
Slack : 3.359
TNS   : 0.000

Type  : Slow 1100mV 85C Model Minimum Pulse Width 'ddr3_interface_inst|ddr3_interface_inst|pll0|pll_avl_clk'
Slack : 5.909
TNS   : 0.000

Type  : Slow 1100mV 85C Model Minimum Pulse Width 'ddr3_interface_inst|ddr3_interface_inst|pll0|pll_avl_phy_clk'
Slack : 7.474
TNS   : 0.000

Type  : Slow 1100mV 85C Model Minimum Pulse Width 'altera_reserved_tck'
Slack : 15.650
TNS   : 0.000

Type  : Slow 1100mV 85C Model Minimum Pulse Width 'ddr3_interface_inst|ddr3_interface_inst|pll0|pll_config_clk'
Slack : 21.382
TNS   : 0.000

Type  : Slow 1100mV 0C Model Setup 'ddr3_interface_inst|ddr3_interface_inst|pll0|pll_afi_clk'
Slack : -3.965
TNS   : -786.415

Type  : Slow 1100mV 0C Model Setup 'ddr3_interface_inst|ddr3_interface_inst|pll0|pll_config_clk'
Slack : 1.657
TNS   : 0.000

Type  : Slow 1100mV 0C Model Setup 'ddr3_interface_inst|ddr3_interface_inst|pll0|pll_write_clk'
Slack : 1.929
TNS   : 0.000

Type  : Slow 1100mV 0C Model Setup 'sys_clk_p'
Slack : 2.017
TNS   : 0.000

Type  : Slow 1100mV 0C Model Setup 'ddr3_interface_inst|ddr3_interface_inst|pll0|pll_avl_clk'
Slack : 3.857
TNS   : 0.000

Type  : Slow 1100mV 0C Model Setup 'ddr3_interface_inst|ddr3_interface_inst|pll0|pll_avl_phy_clk'
Slack : 6.989
TNS   : 0.000

Type  : Slow 1100mV 0C Model Setup 'altera_reserved_tck'
Slack : 8.648
TNS   : 0.000

Type  : Slow 1100mV 0C Model Hold 'ddr3_interface_inst|ddr3_interface_inst|pll0|pll_write_clk'
Slack : 0.347
TNS   : 0.000

Type  : Slow 1100mV 0C Model Hold 'sys_clk_p'
Slack : 0.390
TNS   : 0.000

Type  : Slow 1100mV 0C Model Hold 'ddr3_interface_inst|ddr3_interface_inst|pll0|pll_afi_clk'
Slack : 0.507
TNS   : 0.000

Type  : Slow 1100mV 0C Model Hold 'ddr3_interface_inst|ddr3_interface_inst|pll0|pll_avl_clk'
Slack : 0.590
TNS   : 0.000

Type  : Slow 1100mV 0C Model Hold 'ddr3_interface_inst|ddr3_interface_inst|pll0|pll_config_clk'
Slack : 0.608
TNS   : 0.000

Type  : Slow 1100mV 0C Model Hold 'altera_reserved_tck'
Slack : 0.672
TNS   : 0.000

Type  : Slow 1100mV 0C Model Hold 'ddr3_interface_inst|ddr3_interface_inst|pll0|pll_avl_phy_clk'
Slack : 1.170
TNS   : 0.000

Type  : Slow 1100mV 0C Model Recovery 'ddr3_interface_inst|ddr3_interface_inst|pll0|pll_avl_clk'
Slack : 8.981
TNS   : 0.000

Type  : Slow 1100mV 0C Model Recovery 'ddr3_interface_inst|ddr3_interface_inst|pll0|pll_avl_phy_clk'
Slack : 10.217
TNS   : 0.000

Type  : Slow 1100mV 0C Model Recovery 'ddr3_interface_inst|ddr3_interface_inst|pll0|pll_config_clk'
Slack : 19.304
TNS   : 0.000

Type  : Slow 1100mV 0C Model Recovery 'altera_reserved_tck'
Slack : 29.895
TNS   : 0.000

Type  : Slow 1100mV 0C Model Removal 'altera_reserved_tck'
Slack : 0.978
TNS   : 0.000

Type  : Slow 1100mV 0C Model Removal 'ddr3_interface_inst|ddr3_interface_inst|pll0|pll_avl_clk'
Slack : 1.046
TNS   : 0.000

Type  : Slow 1100mV 0C Model Removal 'ddr3_interface_inst|ddr3_interface_inst|pll0|pll_avl_phy_clk'
Slack : 1.157
TNS   : 0.000

Type  : Slow 1100mV 0C Model Removal 'ddr3_interface_inst|ddr3_interface_inst|pll0|pll_config_clk'
Slack : 1.505
TNS   : 0.000

Type  : Slow 1100mV 0C Model Minimum Pulse Width 'ddr3_interface_inst|ddr3_interface_inst|pll0|pll_afi_clk'
Slack : -1.166
TNS   : -256.080

Type  : Slow 1100mV 0C Model Minimum Pulse Width 'ddr3_interface_inst|ddr3_interface_inst|pll0|pll_write_clk'
Slack : 0.637
TNS   : 0.000

Type  : Slow 1100mV 0C Model Minimum Pulse Width 'ddr3_interface_inst|ddr3_interface_inst|pll0|pll_dq_write_clk'
Slack : 0.702
TNS   : 0.000

Type  : Slow 1100mV 0C Model Minimum Pulse Width 'sys_clk_p'
Slack : 3.299
TNS   : 0.000

Type  : Slow 1100mV 0C Model Minimum Pulse Width 'ddr3_interface_inst|ddr3_interface_inst|pll0|pll_avl_clk'
Slack : 5.846
TNS   : 0.000

Type  : Slow 1100mV 0C Model Minimum Pulse Width 'ddr3_interface_inst|ddr3_interface_inst|pll0|pll_avl_phy_clk'
Slack : 7.471
TNS   : 0.000

Type  : Slow 1100mV 0C Model Minimum Pulse Width 'altera_reserved_tck'
Slack : 15.638
TNS   : 0.000

Type  : Slow 1100mV 0C Model Minimum Pulse Width 'ddr3_interface_inst|ddr3_interface_inst|pll0|pll_config_clk'
Slack : 21.365
TNS   : 0.000

Type  : Fast 1100mV 85C Model Setup 'ddr3_interface_inst|ddr3_interface_inst|pll0|pll_afi_clk'
Slack : -0.533
TNS   : -25.617

Type  : Fast 1100mV 85C Model Setup 'ddr3_interface_inst|ddr3_interface_inst|pll0|pll_write_clk'
Slack : 2.566
TNS   : 0.000

Type  : Fast 1100mV 85C Model Setup 'sys_clk_p'
Slack : 3.544
TNS   : 0.000

Type  : Fast 1100mV 85C Model Setup 'ddr3_interface_inst|ddr3_interface_inst|pll0|pll_config_clk'
Slack : 4.499
TNS   : 0.000

Type  : Fast 1100mV 85C Model Setup 'ddr3_interface_inst|ddr3_interface_inst|pll0|pll_avl_clk'
Slack : 9.757
TNS   : 0.000

Type  : Fast 1100mV 85C Model Setup 'ddr3_interface_inst|ddr3_interface_inst|pll0|pll_avl_phy_clk'
Slack : 11.251
TNS   : 0.000

Type  : Fast 1100mV 85C Model Setup 'altera_reserved_tck'
Slack : 12.209
TNS   : 0.000

Type  : Fast 1100mV 85C Model Hold 'ddr3_interface_inst|ddr3_interface_inst|pll0|pll_write_clk'
Slack : 0.156
TNS   : 0.000

Type  : Fast 1100mV 85C Model Hold 'altera_reserved_tck'
Slack : 0.160
TNS   : 0.000

Type  : Fast 1100mV 85C Model Hold 'sys_clk_p'
Slack : 0.166
TNS   : 0.000

Type  : Fast 1100mV 85C Model Hold 'ddr3_interface_inst|ddr3_interface_inst|pll0|pll_afi_clk'
Slack : 0.181
TNS   : 0.000

Type  : Fast 1100mV 85C Model Hold 'ddr3_interface_inst|ddr3_interface_inst|pll0|pll_avl_clk'
Slack : 0.182
TNS   : 0.000

Type  : Fast 1100mV 85C Model Hold 'ddr3_interface_inst|ddr3_interface_inst|pll0|pll_config_clk'
Slack : 0.191
TNS   : 0.000

Type  : Fast 1100mV 85C Model Hold 'ddr3_interface_inst|ddr3_interface_inst|pll0|pll_avl_phy_clk'
Slack : 0.379
TNS   : 0.000

Type  : Fast 1100mV 85C Model Recovery 'ddr3_interface_inst|ddr3_interface_inst|pll0|pll_avl_clk'
Slack : 11.447
TNS   : 0.000

Type  : Fast 1100mV 85C Model Recovery 'ddr3_interface_inst|ddr3_interface_inst|pll0|pll_avl_phy_clk'
Slack : 12.667
TNS   : 0.000

Type  : Fast 1100mV 85C Model Recovery 'ddr3_interface_inst|ddr3_interface_inst|pll0|pll_config_clk'
Slack : 20.904
TNS   : 0.000

Type  : Fast 1100mV 85C Model Recovery 'altera_reserved_tck'
Slack : 31.391
TNS   : 0.000

Type  : Fast 1100mV 85C Model Removal 'altera_reserved_tck'
Slack : 0.335
TNS   : 0.000

Type  : Fast 1100mV 85C Model Removal 'ddr3_interface_inst|ddr3_interface_inst|pll0|pll_avl_phy_clk'
Slack : 0.343
TNS   : 0.000

Type  : Fast 1100mV 85C Model Removal 'ddr3_interface_inst|ddr3_interface_inst|pll0|pll_avl_clk'
Slack : 0.438
TNS   : 0.000

Type  : Fast 1100mV 85C Model Removal 'ddr3_interface_inst|ddr3_interface_inst|pll0|pll_config_clk'
Slack : 0.670
TNS   : 0.000

Type  : Fast 1100mV 85C Model Minimum Pulse Width 'ddr3_interface_inst|ddr3_interface_inst|pll0|pll_afi_clk'
Slack : -0.174
TNS   : -33.234

Type  : Fast 1100mV 85C Model Minimum Pulse Width 'ddr3_interface_inst|ddr3_interface_inst|pll0|pll_write_clk'
Slack : 1.122
TNS   : 0.000

Type  : Fast 1100mV 85C Model Minimum Pulse Width 'ddr3_interface_inst|ddr3_interface_inst|pll0|pll_dq_write_clk'
Slack : 1.139
TNS   : 0.000

Type  : Fast 1100mV 85C Model Minimum Pulse Width 'sys_clk_p'
Slack : 3.905
TNS   : 0.000

Type  : Fast 1100mV 85C Model Minimum Pulse Width 'ddr3_interface_inst|ddr3_interface_inst|pll0|pll_avl_clk'
Slack : 6.387
TNS   : 0.000

Type  : Fast 1100mV 85C Model Minimum Pulse Width 'ddr3_interface_inst|ddr3_interface_inst|pll0|pll_avl_phy_clk'
Slack : 7.488
TNS   : 0.000

Type  : Fast 1100mV 85C Model Minimum Pulse Width 'altera_reserved_tck'
Slack : 15.729
TNS   : 0.000

Type  : Fast 1100mV 85C Model Minimum Pulse Width 'ddr3_interface_inst|ddr3_interface_inst|pll0|pll_config_clk'
Slack : 22.021
TNS   : 0.000

Type  : Fast 1100mV 0C Model Setup 'ddr3_interface_inst|ddr3_interface_inst|pll0|pll_afi_clk'
Slack : -0.205
TNS   : -5.401

Type  : Fast 1100mV 0C Model Setup 'ddr3_interface_inst|ddr3_interface_inst|pll0|pll_write_clk'
Slack : 2.584
TNS   : 0.000

Type  : Fast 1100mV 0C Model Setup 'sys_clk_p'
Slack : 3.744
TNS   : 0.000

Type  : Fast 1100mV 0C Model Setup 'ddr3_interface_inst|ddr3_interface_inst|pll0|pll_config_clk'
Slack : 4.720
TNS   : 0.000

Type  : Fast 1100mV 0C Model Setup 'ddr3_interface_inst|ddr3_interface_inst|pll0|pll_avl_clk'
Slack : 10.324
TNS   : 0.000

Type  : Fast 1100mV 0C Model Setup 'ddr3_interface_inst|ddr3_interface_inst|pll0|pll_avl_phy_clk'
Slack : 11.489
TNS   : 0.000

Type  : Fast 1100mV 0C Model Setup 'altera_reserved_tck'
Slack : 12.819
TNS   : 0.000

Type  : Fast 1100mV 0C Model Hold 'sys_clk_p'
Slack : 0.136
TNS   : 0.000

Type  : Fast 1100mV 0C Model Hold 'ddr3_interface_inst|ddr3_interface_inst|pll0|pll_write_clk'
Slack : 0.142
TNS   : 0.000

Type  : Fast 1100mV 0C Model Hold 'altera_reserved_tck'
Slack : 0.146
TNS   : 0.000

Type  : Fast 1100mV 0C Model Hold 'ddr3_interface_inst|ddr3_interface_inst|pll0|pll_afi_clk'
Slack : 0.170
TNS   : 0.000

Type  : Fast 1100mV 0C Model Hold 'ddr3_interface_inst|ddr3_interface_inst|pll0|pll_avl_clk'
Slack : 0.172
TNS   : 0.000

Type  : Fast 1100mV 0C Model Hold 'ddr3_interface_inst|ddr3_interface_inst|pll0|pll_config_clk'
Slack : 0.182
TNS   : 0.000

Type  : Fast 1100mV 0C Model Hold 'ddr3_interface_inst|ddr3_interface_inst|pll0|pll_avl_phy_clk'
Slack : 0.348
TNS   : 0.000

Type  : Fast 1100mV 0C Model Recovery 'ddr3_interface_inst|ddr3_interface_inst|pll0|pll_avl_clk'
Slack : 11.880
TNS   : 0.000

Type  : Fast 1100mV 0C Model Recovery 'ddr3_interface_inst|ddr3_interface_inst|pll0|pll_avl_phy_clk'
Slack : 12.761
TNS   : 0.000

Type  : Fast 1100mV 0C Model Recovery 'ddr3_interface_inst|ddr3_interface_inst|pll0|pll_config_clk'
Slack : 21.076
TNS   : 0.000

Type  : Fast 1100mV 0C Model Recovery 'altera_reserved_tck'
Slack : 31.574
TNS   : 0.000

Type  : Fast 1100mV 0C Model Removal 'altera_reserved_tck'
Slack : 0.289
TNS   : 0.000

Type  : Fast 1100mV 0C Model Removal 'ddr3_interface_inst|ddr3_interface_inst|pll0|pll_avl_phy_clk'
Slack : 0.328
TNS   : 0.000

Type  : Fast 1100mV 0C Model Removal 'ddr3_interface_inst|ddr3_interface_inst|pll0|pll_avl_clk'
Slack : 0.394
TNS   : 0.000

Type  : Fast 1100mV 0C Model Removal 'ddr3_interface_inst|ddr3_interface_inst|pll0|pll_config_clk'
Slack : 0.609
TNS   : 0.000

Type  : Fast 1100mV 0C Model Minimum Pulse Width 'ddr3_interface_inst|ddr3_interface_inst|pll0|pll_afi_clk'
Slack : -0.174
TNS   : -33.234

Type  : Fast 1100mV 0C Model Minimum Pulse Width 'ddr3_interface_inst|ddr3_interface_inst|pll0|pll_write_clk'
Slack : 1.121
TNS   : 0.000

Type  : Fast 1100mV 0C Model Minimum Pulse Width 'ddr3_interface_inst|ddr3_interface_inst|pll0|pll_dq_write_clk'
Slack : 1.137
TNS   : 0.000

Type  : Fast 1100mV 0C Model Minimum Pulse Width 'sys_clk_p'
Slack : 3.898
TNS   : 0.000

Type  : Fast 1100mV 0C Model Minimum Pulse Width 'ddr3_interface_inst|ddr3_interface_inst|pll0|pll_avl_clk'
Slack : 6.386
TNS   : 0.000

Type  : Fast 1100mV 0C Model Minimum Pulse Width 'ddr3_interface_inst|ddr3_interface_inst|pll0|pll_avl_phy_clk'
Slack : 7.487
TNS   : 0.000

Type  : Fast 1100mV 0C Model Minimum Pulse Width 'altera_reserved_tck'
Slack : 15.759
TNS   : 0.000

Type  : Fast 1100mV 0C Model Minimum Pulse Width 'ddr3_interface_inst|ddr3_interface_inst|pll0|pll_config_clk'
Slack : 22.027
TNS   : 0.000

------------------------------------------------------------
Info: see the "DDR report" for DDR timing results
------------------------------------------------------------
------------------------------------------------------------
