------------------------------------------------------------
TimeQuest Timing Analyzer Summary
------------------------------------------------------------

Type  : Slow 1100mV 85C Model Setup 'ddr3_interface_inst|ddr3_interface_inst|pll0|pll_afi_clk'
Slack : -3.783
TNS   : -1207.536

Type  : Slow 1100mV 85C Model Setup 'ddr3_interface_inst|ddr3_interface_inst|pll0|pll_config_clk'
Slack : 1.519
TNS   : 0.000

Type  : Slow 1100mV 85C Model Setup 'ddr3_interface_inst|ddr3_interface_inst|pll0|pll_write_clk'
Slack : 1.929
TNS   : 0.000

Type  : Slow 1100mV 85C Model Setup 'sys_clk_p'
Slack : 1.962
TNS   : 0.000

Type  : Slow 1100mV 85C Model Setup 'ddr3_interface_inst|ddr3_interface_inst|pll0|pll_avl_clk'
Slack : 3.792
TNS   : 0.000

Type  : Slow 1100mV 85C Model Setup 'ddr3_interface_inst|ddr3_interface_inst|pll0|pll_avl_phy_clk'
Slack : 6.906
TNS   : 0.000

Type  : Slow 1100mV 85C Model Setup 'altera_reserved_tck'
Slack : 9.570
TNS   : 0.000

Type  : Slow 1100mV 85C Model Hold 'sys_clk_p'
Slack : 0.213
TNS   : 0.000

Type  : Slow 1100mV 85C Model Hold 'ddr3_interface_inst|ddr3_interface_inst|pll0|pll_write_clk'
Slack : 0.303
TNS   : 0.000

Type  : Slow 1100mV 85C Model Hold 'ddr3_interface_inst|ddr3_interface_inst|pll0|pll_config_clk'
Slack : 0.433
TNS   : 0.000

Type  : Slow 1100mV 85C Model Hold 'ddr3_interface_inst|ddr3_interface_inst|pll0|pll_afi_clk'
Slack : 0.488
TNS   : 0.000

Type  : Slow 1100mV 85C Model Hold 'altera_reserved_tck'
Slack : 0.511
TNS   : 0.000

Type  : Slow 1100mV 85C Model Hold 'ddr3_interface_inst|ddr3_interface_inst|pll0|pll_avl_clk'
Slack : 0.546
TNS   : 0.000

Type  : Slow 1100mV 85C Model Hold 'ddr3_interface_inst|ddr3_interface_inst|pll0|pll_avl_phy_clk'
Slack : 1.329
TNS   : 0.000

Type  : Slow 1100mV 85C Model Recovery 'ddr3_interface_inst|ddr3_interface_inst|pll0|pll_avl_clk'
Slack : 9.614
TNS   : 0.000

Type  : Slow 1100mV 85C Model Recovery 'ddr3_interface_inst|ddr3_interface_inst|pll0|pll_avl_phy_clk'
Slack : 9.810
TNS   : 0.000

Type  : Slow 1100mV 85C Model Recovery 'ddr3_interface_inst|ddr3_interface_inst|pll0|pll_config_clk'
Slack : 19.473
TNS   : 0.000

Type  : Slow 1100mV 85C Model Recovery 'altera_reserved_tck'
Slack : 30.423
TNS   : 0.000

Type  : Slow 1100mV 85C Model Removal 'ddr3_interface_inst|ddr3_interface_inst|pll0|pll_avl_clk'
Slack : 1.124
TNS   : 0.000

Type  : Slow 1100mV 85C Model Removal 'altera_reserved_tck'
Slack : 1.144
TNS   : 0.000

Type  : Slow 1100mV 85C Model Removal 'ddr3_interface_inst|ddr3_interface_inst|pll0|pll_avl_phy_clk'
Slack : 1.381
TNS   : 0.000

Type  : Slow 1100mV 85C Model Removal 'ddr3_interface_inst|ddr3_interface_inst|pll0|pll_config_clk'
Slack : 1.423
TNS   : 0.000

Type  : Slow 1100mV 85C Model Minimum Pulse Width 'ddr3_interface_inst|ddr3_interface_inst|pll0|pll_afi_clk'
Slack : -1.166
TNS   : -446.146

Type  : Slow 1100mV 85C Model Minimum Pulse Width 'ddr3_interface_inst|ddr3_interface_inst|pll0|pll_write_clk'
Slack : 0.632
TNS   : 0.000

Type  : Slow 1100mV 85C Model Minimum Pulse Width 'ddr3_interface_inst|ddr3_interface_inst|pll0|pll_dq_write_clk'
Slack : 0.686
TNS   : 0.000

Type  : Slow 1100mV 85C Model Minimum Pulse Width 'sys_clk_p'
Slack : 3.347
TNS   : 0.000

Type  : Slow 1100mV 85C Model Minimum Pulse Width 'ddr3_interface_inst|ddr3_interface_inst|pll0|pll_avl_clk'
Slack : 5.904
TNS   : 0.000

Type  : Slow 1100mV 85C Model Minimum Pulse Width 'ddr3_interface_inst|ddr3_interface_inst|pll0|pll_avl_phy_clk'
Slack : 7.474
TNS   : 0.000

Type  : Slow 1100mV 85C Model Minimum Pulse Width 'altera_reserved_tck'
Slack : 15.669
TNS   : 0.000

Type  : Slow 1100mV 85C Model Minimum Pulse Width 'ddr3_interface_inst|ddr3_interface_inst|pll0|pll_config_clk'
Slack : 21.388
TNS   : 0.000

Type  : Slow 1100mV 0C Model Setup 'ddr3_interface_inst|ddr3_interface_inst|pll0|pll_afi_clk'
Slack : -3.794
TNS   : -1165.960

Type  : Slow 1100mV 0C Model Setup 'ddr3_interface_inst|ddr3_interface_inst|pll0|pll_config_clk'
Slack : 1.524
TNS   : 0.000

Type  : Slow 1100mV 0C Model Setup 'ddr3_interface_inst|ddr3_interface_inst|pll0|pll_write_clk'
Slack : 1.929
TNS   : 0.000

Type  : Slow 1100mV 0C Model Setup 'sys_clk_p'
Slack : 2.004
TNS   : 0.000

Type  : Slow 1100mV 0C Model Setup 'ddr3_interface_inst|ddr3_interface_inst|pll0|pll_avl_clk'
Slack : 3.809
TNS   : 0.000

Type  : Slow 1100mV 0C Model Setup 'ddr3_interface_inst|ddr3_interface_inst|pll0|pll_avl_phy_clk'
Slack : 7.051
TNS   : 0.000

Type  : Slow 1100mV 0C Model Setup 'altera_reserved_tck'
Slack : 9.830
TNS   : 0.000

Type  : Slow 1100mV 0C Model Hold 'sys_clk_p'
Slack : 0.341
TNS   : 0.000

Type  : Slow 1100mV 0C Model Hold 'ddr3_interface_inst|ddr3_interface_inst|pll0|pll_write_clk'
Slack : 0.347
TNS   : 0.000

Type  : Slow 1100mV 0C Model Hold 'ddr3_interface_inst|ddr3_interface_inst|pll0|pll_afi_clk'
Slack : 0.494
TNS   : 0.000

Type  : Slow 1100mV 0C Model Hold 'ddr3_interface_inst|ddr3_interface_inst|pll0|pll_config_clk'
Slack : 0.515
TNS   : 0.000

Type  : Slow 1100mV 0C Model Hold 'altera_reserved_tck'
Slack : 0.532
TNS   : 0.000

Type  : Slow 1100mV 0C Model Hold 'ddr3_interface_inst|ddr3_interface_inst|pll0|pll_avl_clk'
Slack : 0.595
TNS   : 0.000

Type  : Slow 1100mV 0C Model Hold 'ddr3_interface_inst|ddr3_interface_inst|pll0|pll_avl_phy_clk'
Slack : 1.214
TNS   : 0.000

Type  : Slow 1100mV 0C Model Recovery 'ddr3_interface_inst|ddr3_interface_inst|pll0|pll_avl_clk'
Slack : 9.826
TNS   : 0.000

Type  : Slow 1100mV 0C Model Recovery 'ddr3_interface_inst|ddr3_interface_inst|pll0|pll_avl_phy_clk'
Slack : 10.045
TNS   : 0.000

Type  : Slow 1100mV 0C Model Recovery 'ddr3_interface_inst|ddr3_interface_inst|pll0|pll_config_clk'
Slack : 19.605
TNS   : 0.000

Type  : Slow 1100mV 0C Model Recovery 'altera_reserved_tck'
Slack : 30.535
TNS   : 0.000

Type  : Slow 1100mV 0C Model Removal 'ddr3_interface_inst|ddr3_interface_inst|pll0|pll_avl_clk'
Slack : 1.079
TNS   : 0.000

Type  : Slow 1100mV 0C Model Removal 'altera_reserved_tck'
Slack : 1.093
TNS   : 0.000

Type  : Slow 1100mV 0C Model Removal 'ddr3_interface_inst|ddr3_interface_inst|pll0|pll_avl_phy_clk'
Slack : 1.265
TNS   : 0.000

Type  : Slow 1100mV 0C Model Removal 'ddr3_interface_inst|ddr3_interface_inst|pll0|pll_config_clk'
Slack : 1.364
TNS   : 0.000

Type  : Slow 1100mV 0C Model Minimum Pulse Width 'ddr3_interface_inst|ddr3_interface_inst|pll0|pll_afi_clk'
Slack : -1.166
TNS   : -466.860

Type  : Slow 1100mV 0C Model Minimum Pulse Width 'ddr3_interface_inst|ddr3_interface_inst|pll0|pll_write_clk'
Slack : 0.637
TNS   : 0.000

Type  : Slow 1100mV 0C Model Minimum Pulse Width 'ddr3_interface_inst|ddr3_interface_inst|pll0|pll_dq_write_clk'
Slack : 0.702
TNS   : 0.000

Type  : Slow 1100mV 0C Model Minimum Pulse Width 'sys_clk_p'
Slack : 3.292
TNS   : 0.000

Type  : Slow 1100mV 0C Model Minimum Pulse Width 'ddr3_interface_inst|ddr3_interface_inst|pll0|pll_avl_clk'
Slack : 5.842
TNS   : 0.000

Type  : Slow 1100mV 0C Model Minimum Pulse Width 'ddr3_interface_inst|ddr3_interface_inst|pll0|pll_avl_phy_clk'
Slack : 7.471
TNS   : 0.000

Type  : Slow 1100mV 0C Model Minimum Pulse Width 'altera_reserved_tck'
Slack : 15.673
TNS   : 0.000

Type  : Slow 1100mV 0C Model Minimum Pulse Width 'ddr3_interface_inst|ddr3_interface_inst|pll0|pll_config_clk'
Slack : 21.369
TNS   : 0.000

Type  : Fast 1100mV 85C Model Setup 'ddr3_interface_inst|ddr3_interface_inst|pll0|pll_afi_clk'
Slack : -0.361
TNS   : -29.709

Type  : Fast 1100mV 85C Model Setup 'ddr3_interface_inst|ddr3_interface_inst|pll0|pll_write_clk'
Slack : 2.566
TNS   : 0.000

Type  : Fast 1100mV 85C Model Setup 'sys_clk_p'
Slack : 3.781
TNS   : 0.000

Type  : Fast 1100mV 85C Model Setup 'ddr3_interface_inst|ddr3_interface_inst|pll0|pll_config_clk'
Slack : 4.498
TNS   : 0.000

Type  : Fast 1100mV 85C Model Setup 'ddr3_interface_inst|ddr3_interface_inst|pll0|pll_avl_clk'
Slack : 9.967
TNS   : 0.000

Type  : Fast 1100mV 85C Model Setup 'ddr3_interface_inst|ddr3_interface_inst|pll0|pll_avl_phy_clk'
Slack : 11.394
TNS   : 0.000

Type  : Fast 1100mV 85C Model Setup 'altera_reserved_tck'
Slack : 13.617
TNS   : 0.000

Type  : Fast 1100mV 85C Model Hold 'sys_clk_p'
Slack : 0.140
TNS   : 0.000

Type  : Fast 1100mV 85C Model Hold 'altera_reserved_tck'
Slack : 0.152
TNS   : 0.000

Type  : Fast 1100mV 85C Model Hold 'ddr3_interface_inst|ddr3_interface_inst|pll0|pll_write_clk'
Slack : 0.156
TNS   : 0.000

Type  : Fast 1100mV 85C Model Hold 'ddr3_interface_inst|ddr3_interface_inst|pll0|pll_afi_clk'
Slack : 0.180
TNS   : 0.000

Type  : Fast 1100mV 85C Model Hold 'ddr3_interface_inst|ddr3_interface_inst|pll0|pll_avl_clk'
Slack : 0.185
TNS   : 0.000

Type  : Fast 1100mV 85C Model Hold 'ddr3_interface_inst|ddr3_interface_inst|pll0|pll_config_clk'
Slack : 0.190
TNS   : 0.000

Type  : Fast 1100mV 85C Model Hold 'ddr3_interface_inst|ddr3_interface_inst|pll0|pll_avl_phy_clk'
Slack : 0.375
TNS   : 0.000

Type  : Fast 1100mV 85C Model Recovery 'ddr3_interface_inst|ddr3_interface_inst|pll0|pll_avl_clk'
Slack : 12.072
TNS   : 0.000

Type  : Fast 1100mV 85C Model Recovery 'ddr3_interface_inst|ddr3_interface_inst|pll0|pll_avl_phy_clk'
Slack : 12.551
TNS   : 0.000

Type  : Fast 1100mV 85C Model Recovery 'ddr3_interface_inst|ddr3_interface_inst|pll0|pll_config_clk'
Slack : 21.060
TNS   : 0.000

Type  : Fast 1100mV 85C Model Recovery 'altera_reserved_tck'
Slack : 31.858
TNS   : 0.000

Type  : Fast 1100mV 85C Model Removal 'altera_reserved_tck'
Slack : 0.371
TNS   : 0.000

Type  : Fast 1100mV 85C Model Removal 'ddr3_interface_inst|ddr3_interface_inst|pll0|pll_avl_phy_clk'
Slack : 0.412
TNS   : 0.000

Type  : Fast 1100mV 85C Model Removal 'ddr3_interface_inst|ddr3_interface_inst|pll0|pll_avl_clk'
Slack : 0.448
TNS   : 0.000

Type  : Fast 1100mV 85C Model Removal 'ddr3_interface_inst|ddr3_interface_inst|pll0|pll_config_clk'
Slack : 0.570
TNS   : 0.000

Type  : Fast 1100mV 85C Model Minimum Pulse Width 'ddr3_interface_inst|ddr3_interface_inst|pll0|pll_afi_clk'
Slack : -0.174
TNS   : -60.552

Type  : Fast 1100mV 85C Model Minimum Pulse Width 'ddr3_interface_inst|ddr3_interface_inst|pll0|pll_write_clk'
Slack : 1.122
TNS   : 0.000

Type  : Fast 1100mV 85C Model Minimum Pulse Width 'ddr3_interface_inst|ddr3_interface_inst|pll0|pll_dq_write_clk'
Slack : 1.139
TNS   : 0.000

Type  : Fast 1100mV 85C Model Minimum Pulse Width 'sys_clk_p'
Slack : 3.900
TNS   : 0.000

Type  : Fast 1100mV 85C Model Minimum Pulse Width 'ddr3_interface_inst|ddr3_interface_inst|pll0|pll_avl_clk'
Slack : 6.386
TNS   : 0.000

Type  : Fast 1100mV 85C Model Minimum Pulse Width 'ddr3_interface_inst|ddr3_interface_inst|pll0|pll_avl_phy_clk'
Slack : 7.488
TNS   : 0.000

Type  : Fast 1100mV 85C Model Minimum Pulse Width 'altera_reserved_tck'
Slack : 15.737
TNS   : 0.000

Type  : Fast 1100mV 85C Model Minimum Pulse Width 'ddr3_interface_inst|ddr3_interface_inst|pll0|pll_config_clk'
Slack : 22.022
TNS   : 0.000

Type  : Fast 1100mV 0C Model Setup 'ddr3_interface_inst|ddr3_interface_inst|pll0|pll_afi_clk'
Slack : -0.058
TNS   : -2.033

Type  : Fast 1100mV 0C Model Setup 'ddr3_interface_inst|ddr3_interface_inst|pll0|pll_write_clk'
Slack : 2.584
TNS   : 0.000

Type  : Fast 1100mV 0C Model Setup 'sys_clk_p'
Slack : 3.872
TNS   : 0.000

Type  : Fast 1100mV 0C Model Setup 'ddr3_interface_inst|ddr3_interface_inst|pll0|pll_config_clk'
Slack : 4.700
TNS   : 0.000

Type  : Fast 1100mV 0C Model Setup 'ddr3_interface_inst|ddr3_interface_inst|pll0|pll_avl_clk'
Slack : 10.458
TNS   : 0.000

Type  : Fast 1100mV 0C Model Setup 'ddr3_interface_inst|ddr3_interface_inst|pll0|pll_avl_phy_clk'
Slack : 11.611
TNS   : 0.000

Type  : Fast 1100mV 0C Model Setup 'altera_reserved_tck'
Slack : 13.985
TNS   : 0.000

Type  : Fast 1100mV 0C Model Hold 'ddr3_interface_inst|ddr3_interface_inst|pll0|pll_afi_clk'
Slack : 0.133
TNS   : 0.000

Type  : Fast 1100mV 0C Model Hold 'altera_reserved_tck'
Slack : 0.135
TNS   : 0.000

Type  : Fast 1100mV 0C Model Hold 'ddr3_interface_inst|ddr3_interface_inst|pll0|pll_write_clk'
Slack : 0.142
TNS   : 0.000

Type  : Fast 1100mV 0C Model Hold 'sys_clk_p'
Slack : 0.144
TNS   : 0.000

Type  : Fast 1100mV 0C Model Hold 'ddr3_interface_inst|ddr3_interface_inst|pll0|pll_avl_clk'
Slack : 0.175
TNS   : 0.000

Type  : Fast 1100mV 0C Model Hold 'ddr3_interface_inst|ddr3_interface_inst|pll0|pll_config_clk'
Slack : 0.179
TNS   : 0.000

Type  : Fast 1100mV 0C Model Hold 'ddr3_interface_inst|ddr3_interface_inst|pll0|pll_avl_phy_clk'
Slack : 0.337
TNS   : 0.000

Type  : Fast 1100mV 0C Model Recovery 'ddr3_interface_inst|ddr3_interface_inst|pll0|pll_avl_clk'
Slack : 12.453
TNS   : 0.000

Type  : Fast 1100mV 0C Model Recovery 'ddr3_interface_inst|ddr3_interface_inst|pll0|pll_avl_phy_clk'
Slack : 12.660
TNS   : 0.000

Type  : Fast 1100mV 0C Model Recovery 'ddr3_interface_inst|ddr3_interface_inst|pll0|pll_config_clk'
Slack : 21.217
TNS   : 0.000

Type  : Fast 1100mV 0C Model Recovery 'altera_reserved_tck'
Slack : 31.979
TNS   : 0.000

Type  : Fast 1100mV 0C Model Removal 'altera_reserved_tck'
Slack : 0.324
TNS   : 0.000

Type  : Fast 1100mV 0C Model Removal 'ddr3_interface_inst|ddr3_interface_inst|pll0|pll_avl_phy_clk'
Slack : 0.393
TNS   : 0.000

Type  : Fast 1100mV 0C Model Removal 'ddr3_interface_inst|ddr3_interface_inst|pll0|pll_avl_clk'
Slack : 0.401
TNS   : 0.000

Type  : Fast 1100mV 0C Model Removal 'ddr3_interface_inst|ddr3_interface_inst|pll0|pll_config_clk'
Slack : 0.517
TNS   : 0.000

Type  : Fast 1100mV 0C Model Minimum Pulse Width 'ddr3_interface_inst|ddr3_interface_inst|pll0|pll_afi_clk'
Slack : -0.174
TNS   : -60.552

Type  : Fast 1100mV 0C Model Minimum Pulse Width 'ddr3_interface_inst|ddr3_interface_inst|pll0|pll_write_clk'
Slack : 1.121
TNS   : 0.000

Type  : Fast 1100mV 0C Model Minimum Pulse Width 'ddr3_interface_inst|ddr3_interface_inst|pll0|pll_dq_write_clk'
Slack : 1.137
TNS   : 0.000

Type  : Fast 1100mV 0C Model Minimum Pulse Width 'sys_clk_p'
Slack : 3.896
TNS   : 0.000

Type  : Fast 1100mV 0C Model Minimum Pulse Width 'ddr3_interface_inst|ddr3_interface_inst|pll0|pll_avl_clk'
Slack : 6.387
TNS   : 0.000

Type  : Fast 1100mV 0C Model Minimum Pulse Width 'ddr3_interface_inst|ddr3_interface_inst|pll0|pll_avl_phy_clk'
Slack : 7.487
TNS   : 0.000

Type  : Fast 1100mV 0C Model Minimum Pulse Width 'altera_reserved_tck'
Slack : 15.768
TNS   : 0.000

Type  : Fast 1100mV 0C Model Minimum Pulse Width 'ddr3_interface_inst|ddr3_interface_inst|pll0|pll_config_clk'
Slack : 22.029
TNS   : 0.000

------------------------------------------------------------
Info: see the "DDR report" for DDR timing results
------------------------------------------------------------
------------------------------------------------------------
