Archive member included to satisfy reference by file (symbol)

/Users/augustmason/Documents/GitHub/riptide_firmware/STM32/gcc-arm-none-eabi-6-2017-q2-update/bin/../lib/gcc/arm-none-eabi/6.3.1/../../../../arm-none-eabi/lib/thumb/v7e-m/fpv4-sp/hard/libc_nano.a(lib_a-exit.o)
                              /Users/augustmason/Documents/GitHub/riptide_firmware/STM32/gcc-arm-none-eabi-6-2017-q2-update/bin/../lib/gcc/arm-none-eabi/6.3.1/../../../../arm-none-eabi/lib/thumb/v7e-m/fpv4-sp/hard/crt0.o (exit)
/Users/augustmason/Documents/GitHub/riptide_firmware/STM32/gcc-arm-none-eabi-6-2017-q2-update/bin/../lib/gcc/arm-none-eabi/6.3.1/../../../../arm-none-eabi/lib/thumb/v7e-m/fpv4-sp/hard/libc_nano.a(lib_a-impure.o)
                              /Users/augustmason/Documents/GitHub/riptide_firmware/STM32/gcc-arm-none-eabi-6-2017-q2-update/bin/../lib/gcc/arm-none-eabi/6.3.1/../../../../arm-none-eabi/lib/thumb/v7e-m/fpv4-sp/hard/libc_nano.a(lib_a-exit.o) (_global_impure_ptr)
/Users/augustmason/Documents/GitHub/riptide_firmware/STM32/gcc-arm-none-eabi-6-2017-q2-update/bin/../lib/gcc/arm-none-eabi/6.3.1/../../../../arm-none-eabi/lib/thumb/v7e-m/fpv4-sp/hard/libc_nano.a(lib_a-init.o)
                              /Users/augustmason/Documents/GitHub/riptide_firmware/STM32/gcc-arm-none-eabi-6-2017-q2-update/bin/../lib/gcc/arm-none-eabi/6.3.1/../../../../arm-none-eabi/lib/thumb/v7e-m/fpv4-sp/hard/crt0.o (__libc_init_array)
/Users/augustmason/Documents/GitHub/riptide_firmware/STM32/gcc-arm-none-eabi-6-2017-q2-update/bin/../lib/gcc/arm-none-eabi/6.3.1/../../../../arm-none-eabi/lib/thumb/v7e-m/fpv4-sp/hard/libc_nano.a(lib_a-memcpy-stub.o)
                              build/queue.o (memcpy)
/Users/augustmason/Documents/GitHub/riptide_firmware/STM32/gcc-arm-none-eabi-6-2017-q2-update/bin/../lib/gcc/arm-none-eabi/6.3.1/../../../../arm-none-eabi/lib/thumb/v7e-m/fpv4-sp/hard/libc_nano.a(lib_a-memset.o)
                              /Users/augustmason/Documents/GitHub/riptide_firmware/STM32/gcc-arm-none-eabi-6-2017-q2-update/bin/../lib/gcc/arm-none-eabi/6.3.1/../../../../arm-none-eabi/lib/thumb/v7e-m/fpv4-sp/hard/crt0.o (memset)
/Users/augustmason/Documents/GitHub/riptide_firmware/STM32/gcc-arm-none-eabi-6-2017-q2-update/bin/../lib/gcc/arm-none-eabi/6.3.1/../../../../arm-none-eabi/lib/thumb/v7e-m/fpv4-sp/hard/libnosys.a(_exit.o)
                              /Users/augustmason/Documents/GitHub/riptide_firmware/STM32/gcc-arm-none-eabi-6-2017-q2-update/bin/../lib/gcc/arm-none-eabi/6.3.1/../../../../arm-none-eabi/lib/thumb/v7e-m/fpv4-sp/hard/libc_nano.a(lib_a-exit.o) (_exit)

Allocating common symbols
Common symbol       size              file

defaultTaskHandle   0x4               build/main.o
hi2c3               0x54              build/main.o
hpcd_USB_OTG_HS     0x3f0             build/main.o
hi2c1               0x54              build/main.o
uwTick              0x4               build/stm32f4xx_hal.o
xQueueRegistry      0x40              build/queue.o
pFlash              0x20              build/stm32f4xx_hal_flash.o
htim5               0x3c              build/main.o
htim3               0x3c              build/main.o
htim13              0x3c              build/main.o
htim1               0x3c              build/stm32f4xx_hal_timebase_TIM.o
hsd                 0x84              build/main.o
htim2               0x3c              build/main.o
hcan1               0x44              build/main.o
htim14              0x3c              build/main.o

Discarded input sections

 .text          0x0000000000000000        0x0 /Users/augustmason/Documents/GitHub/riptide_firmware/STM32/gcc-arm-none-eabi-6-2017-q2-update/bin/../lib/gcc/arm-none-eabi/6.3.1/thumb/v7e-m/fpv4-sp/hard/crti.o
 .data          0x0000000000000000        0x0 /Users/augustmason/Documents/GitHub/riptide_firmware/STM32/gcc-arm-none-eabi-6-2017-q2-update/bin/../lib/gcc/arm-none-eabi/6.3.1/thumb/v7e-m/fpv4-sp/hard/crti.o
 .bss           0x0000000000000000        0x0 /Users/augustmason/Documents/GitHub/riptide_firmware/STM32/gcc-arm-none-eabi-6-2017-q2-update/bin/../lib/gcc/arm-none-eabi/6.3.1/thumb/v7e-m/fpv4-sp/hard/crti.o
 .data          0x0000000000000000        0x4 /Users/augustmason/Documents/GitHub/riptide_firmware/STM32/gcc-arm-none-eabi-6-2017-q2-update/bin/../lib/gcc/arm-none-eabi/6.3.1/thumb/v7e-m/fpv4-sp/hard/crtbegin.o
 .text          0x0000000000000000       0x74 /Users/augustmason/Documents/GitHub/riptide_firmware/STM32/gcc-arm-none-eabi-6-2017-q2-update/bin/../lib/gcc/arm-none-eabi/6.3.1/../../../../arm-none-eabi/lib/thumb/v7e-m/fpv4-sp/hard/crt0.o
 .data          0x0000000000000000        0x0 /Users/augustmason/Documents/GitHub/riptide_firmware/STM32/gcc-arm-none-eabi-6-2017-q2-update/bin/../lib/gcc/arm-none-eabi/6.3.1/../../../../arm-none-eabi/lib/thumb/v7e-m/fpv4-sp/hard/crt0.o
[...]
Memory Configuration

Name             Origin             Length             Attributes
RAM              0x0000000020000000 0x0000000000020000 xrw
CCMRAM           0x0000000010000000 0x0000000000010000 rw
FLASH            0x0000000008000000 0x0000000000100000 xr
*default*        0x0000000000000000 0xffffffffffffffff

Linker script and memory map

LOAD /Users/augustmason/Documents/GitHub/riptide_firmware/STM32/gcc-arm-none-eabi-6-2017-q2-update/bin/../lib/gcc/arm-none-eabi/6.3.1/thumb/v7e-m/fpv4-sp/hard/crti.o
LOAD /Users/augustmason/Documents/GitHub/riptide_firmware/STM32/gcc-arm-none-eabi-6-2017-q2-update/bin/../lib/gcc/arm-none-eabi/6.3.1/thumb/v7e-m/fpv4-sp/hard/crtbegin.o
LOAD /Users/augustmason/Documents/GitHub/riptide_firmware/STM32/gcc-arm-none-eabi-6-2017-q2-update/bin/../lib/gcc/arm-none-eabi/6.3.1/../../../../arm-none-eabi/lib/thumb/v7e-m/fpv4-sp/hard/crt0.o
LOAD build/port.o
LOAD build/main.o
LOAD build/stm32f4xx_hal_tim.o
LOAD build/stm32f4xx_hal_msp.o
LOAD build/stm32f4xx_hal_sd.o
LOAD build/stm32f4xx_hal_flash.o
LOAD build/stm32f4xx_hal_flash_ex.o
LOAD build/system_stm32f4xx.o
LOAD build/stm32f4xx_hal_pwr.o
LOAD build/tasks.o
LOAD build/croutine.o
LOAD build/stm32f4xx_hal_can.o
LOAD build/freertos.o
LOAD build/queue.o
LOAD build/timers.o
LOAD build/stm32f4xx_hal_rcc.o
LOAD build/stm32f4xx_hal_dma.o
LOAD build/stm32f4xx_ll_sdmmc.o
LOAD build/cmsis_os.o
LOAD build/stm32f4xx_hal_i2c_ex.o
LOAD build/stm32f4xx_hal_pcd.o
LOAD build/event_groups.o
LOAD build/stm32f4xx_hal_flash_ramfunc.o
LOAD build/stm32f4xx_hal_timebase_TIM.o
LOAD build/stm32f4xx_hal_i2c.o
LOAD build/list.o
LOAD build/stm32f4xx_ll_usb.o
LOAD build/stm32f4xx_hal.o
LOAD build/stm32f4xx_hal_rcc_ex.o
LOAD build/stm32f4xx_hal_tim_ex.o
LOAD build/stm32f4xx_hal_pcd_ex.o
LOAD build/stm32f4xx_hal_dma_ex.o
LOAD build/stm32f4xx_hal_cortex.o
LOAD build/heap_4.o
LOAD build/stm32f4xx_hal_gpio.o
LOAD build/stm32f4xx_hal_pwr_ex.o
LOAD build/stm32f4xx_it.o
LOAD build/startup_stm32f405xx.o
LOAD /Users/augustmason/Documents/GitHub/riptide_firmware/STM32/gcc-arm-none-eabi-6-2017-q2-update/bin/../lib/gcc/arm-none-eabi/6.3.1/../../../../arm-none-eabi/lib/thumb/v7e-m/fpv4-sp/hard/libc_nano.a
LOAD /Users/augustmason/Documents/GitHub/riptide_firmware/STM32/gcc-arm-none-eabi-6-2017-q2-update/bin/../lib/gcc/arm-none-eabi/6.3.1/../../../../arm-none-eabi/lib/thumb/v7e-m/fpv4-sp/hard/libm.a
LOAD /Users/augustmason/Documents/GitHub/riptide_firmware/STM32/gcc-arm-none-eabi-6-2017-q2-update/bin/../lib/gcc/arm-none-eabi/6.3.1/../../../../arm-none-eabi/lib/thumb/v7e-m/fpv4-sp/hard/libnosys.a
START GROUP
LOAD /Users/augustmason/Documents/GitHub/riptide_firmware/STM32/gcc-arm-none-eabi-6-2017-q2-update/bin/../lib/gcc/arm-none-eabi/6.3.1/thumb/v7e-m/fpv4-sp/hard/libgcc.a
LOAD /Users/augustmason/Documents/GitHub/riptide_firmware/STM32/gcc-arm-none-eabi-6-2017-q2-update/bin/../lib/gcc/arm-none-eabi/6.3.1/../../../../arm-none-eabi/lib/thumb/v7e-m/fpv4-sp/hard/libc_nano.a
END GROUP
START GROUP
LOAD /Users/augustmason/Documents/GitHub/riptide_firmware/STM32/gcc-arm-none-eabi-6-2017-q2-update/bin/../lib/gcc/arm-none-eabi/6.3.1/thumb/v7e-m/fpv4-sp/hard/libgcc.a
LOAD /Users/augustmason/Documents/GitHub/riptide_firmware/STM32/gcc-arm-none-eabi-6-2017-q2-update/bin/../lib/gcc/arm-none-eabi/6.3.1/../../../../arm-none-eabi/lib/thumb/v7e-m/fpv4-sp/hard/libc_nano.a
END GROUP
LOAD /Users/augustmason/Documents/GitHub/riptide_firmware/STM32/gcc-arm-none-eabi-6-2017-q2-update/bin/../lib/gcc/arm-none-eabi/6.3.1/thumb/v7e-m/fpv4-sp/hard/crtend.o
LOAD /Users/augustmason/Documents/GitHub/riptide_firmware/STM32/gcc-arm-none-eabi-6-2017-q2-update/bin/../lib/gcc/arm-none-eabi/6.3.1/thumb/v7e-m/fpv4-sp/hard/crtn.o
                0x0000000020020000                _estack = 0x20020000
                0x0000000000000200                _Min_Heap_Size = 0x200
                0x0000000000000400                _Min_Stack_Size = 0x400

.isr_vector     0x0000000008000000      0x188
                0x0000000008000000                . = ALIGN (0x4)
 *(.isr_vector)
 .isr_vector    0x0000000008000000      0x188 build/startup_stm32f405xx.o
                0x0000000008000000                g_pfnVectors
                0x0000000008000188                . = ALIGN (0x4)

.text           0x0000000008000190     0x382c
                0x0000000008000190                . = ALIGN (0x4)
 *(.text)
 .text          0x0000000008000190       0x6c /Users/augustmason/Documents/GitHub/riptide_firmware/STM32/gcc-arm-none-eabi-6-2017-q2-update/bin/../lib/gcc/arm-none-eabi/6.3.1/thumb/v7e-m/fpv4-sp/hard/crtbegin.o
 *(.text*)
 .text.prvTaskExitError
                0x00000000080001fc       0x34 build/port.o
 .text.prvPortStartFirstTask
                0x0000000008000230       0x20 build/port.o
 .text.vPortEnableVFP
                0x0000000008000250       0x14 build/port.o
 .text.pxPortInitialiseStack
                0x0000000008000264       0x2c build/port.o
                0x0000000008000264                pxPortInitialiseStack
 .text.SVC_Handler
                0x0000000008000290       0x24 build/port.o
                0x0000000008000290                SVC_Handler
 .text.vPortEnterCritical
                0x00000000080002b4       0x44 build/port.o
                0x00000000080002b4                vPortEnterCritical
 .text.vPortExitCritical
                0x00000000080002f8       0x2c build/port.o
                0x00000000080002f8                vPortExitCritical
 *fill*         0x0000000008000324        0xc 
 .text.PendSV_Handler
                0x0000000008000330       0x64 build/port.o
                0x0000000008000330                PendSV_Handler
 .text.xPortSysTickHandler
                0x0000000008000394       0x2c build/port.o
                0x0000000008000394                xPortSysTickHandler
 .text.vPortSetupTimerInterrupt
                0x00000000080003c0       0x2c build/port.o
                0x00000000080003c0                vPortSetupTimerInterrupt
 .text.xPortStartScheduler
                0x00000000080003ec       0xec build/port.o
                0x00000000080003ec                xPortStartScheduler
 .text.MX_GPIO_Init
                0x00000000080004d8       0xac build/main.o
 .text.StartDefaultTask
                0x0000000008000584        0xa build/main.o
                0x0000000008000584                StartDefaultTask
 *fill*         0x000000000800058e        0x2 
 .text.HAL_TIM_PeriodElapsedCallback
                0x0000000008000590       0x18 build/main.o
                0x0000000008000590                HAL_TIM_PeriodElapsedCallback
 .text._Error_Handler
                0x00000000080005a8        0x2 build/main.o
                0x00000000080005a8                _Error_Handler
 *fill*         0x00000000080005aa        0x2 
 .text.MX_CAN1_Init
                0x00000000080005ac       0x40 build/main.o
 .text.MX_I2C1_Init
                0x00000000080005ec       0x44 build/main.o
 .text.MX_SDIO_SD_Init
                0x0000000008000630       0x34 build/main.o
 .text.MX_TIM2_Init
                0x0000000008000664       0x8c build/main.o
 .text.MX_TIM3_Init
                0x00000000080006f0       0x90 build/main.o
 .text.MX_TIM5_Init
                0x0000000008000780       0xbc build/main.o
 .text.MX_TIM13_Init
                0x000000000800083c       0x70 build/main.o
 .text.MX_TIM14_Init
                0x00000000080008ac       0x70 build/main.o
 .text.MX_USB_OTG_HS_PCD_Init
                0x000000000800091c       0x44 build/main.o
 .text.MX_I2C3_Init
                0x0000000008000960       0x44 build/main.o
 .text.SystemClock_Config
                0x00000000080009a4       0xc8 build/main.o
                0x00000000080009a4                SystemClock_Config
 .text.main     0x0000000008000a6c       0x60 build/main.o
                0x0000000008000a6c                main
 .text.TIM_OC1_SetConfig
                0x0000000008000acc       0x64 build/stm32f4xx_hal_tim.o
 .text.TIM_OC3_SetConfig
                0x0000000008000b30       0x6c build/stm32f4xx_hal_tim.o
 .text.TIM_OC4_SetConfig
                0x0000000008000b9c       0x5c build/stm32f4xx_hal_tim.o
 .text.HAL_TIM_Base_Start_IT
                0x0000000008000bf8       0x18 build/stm32f4xx_hal_tim.o
                0x0000000008000bf8                HAL_TIM_Base_Start_IT
 .text.HAL_TIM_OC_DelayElapsedCallback
                0x0000000008000c10        0x2 build/stm32f4xx_hal_tim.o
                0x0000000008000c10                HAL_TIM_OC_DelayElapsedCallback
 .text.HAL_TIM_IC_CaptureCallback
                0x0000000008000c12        0x2 build/stm32f4xx_hal_tim.o
                0x0000000008000c12                HAL_TIM_IC_CaptureCallback
 .text.HAL_TIM_PWM_PulseFinishedCallback
                0x0000000008000c14        0x2 build/stm32f4xx_hal_tim.o
                0x0000000008000c14                HAL_TIM_PWM_PulseFinishedCallback
 .text.HAL_TIM_TriggerCallback
                0x0000000008000c16        0x2 build/stm32f4xx_hal_tim.o
                0x0000000008000c16                HAL_TIM_TriggerCallback
 .text.HAL_TIM_IRQHandler
                0x0000000008000c18      0x17a build/stm32f4xx_hal_tim.o
                0x0000000008000c18                HAL_TIM_IRQHandler
 *fill*         0x0000000008000d92        0x2 
 .text.TIM_Base_SetConfig
                0x0000000008000d94      0x11c build/stm32f4xx_hal_tim.o
                0x0000000008000d94                TIM_Base_SetConfig
 .text.HAL_TIM_Base_Init
                0x0000000008000eb0       0x32 build/stm32f4xx_hal_tim.o
                0x0000000008000eb0                HAL_TIM_Base_Init
 .text.HAL_TIM_PWM_Init
                0x0000000008000ee2       0x32 build/stm32f4xx_hal_tim.o
                0x0000000008000ee2                HAL_TIM_PWM_Init
 .text.TIM_OC2_SetConfig
                0x0000000008000f14       0x70 build/stm32f4xx_hal_tim.o
                0x0000000008000f14                TIM_OC2_SetConfig
 .text.HAL_TIM_PWM_ConfigChannel
                0x0000000008000f84       0xdc build/stm32f4xx_hal_tim.o
                0x0000000008000f84                HAL_TIM_PWM_ConfigChannel
 .text.HAL_MspInit
                0x0000000008001060       0x5e build/stm32f4xx_hal_msp.o
                0x0000000008001060                HAL_MspInit
 *fill*         0x00000000080010be        0x2 
 .text.HAL_CAN_MspInit
                0x00000000080010c0       0x54 build/stm32f4xx_hal_msp.o
                0x00000000080010c0                HAL_CAN_MspInit
 .text.HAL_I2C_MspInit
                0x0000000008001114       0xb4 build/stm32f4xx_hal_msp.o
                0x0000000008001114                HAL_I2C_MspInit
 .text.HAL_SD_MspInit
                0x00000000080011c8       0x6c build/stm32f4xx_hal_msp.o
                0x00000000080011c8                HAL_SD_MspInit
 .text.HAL_TIM_PWM_MspInit
                0x0000000008001234       0x74 build/stm32f4xx_hal_msp.o
                0x0000000008001234                HAL_TIM_PWM_MspInit
 .text.HAL_TIM_Base_MspInit
                0x00000000080012a8       0x54 build/stm32f4xx_hal_msp.o
                0x00000000080012a8                HAL_TIM_Base_MspInit
 .text.HAL_TIM_MspPostInit
                0x00000000080012fc       0xcc build/stm32f4xx_hal_msp.o
                0x00000000080012fc                HAL_TIM_MspPostInit
 .text.HAL_PCD_MspInit
                0x00000000080013c8       0x54 build/stm32f4xx_hal_msp.o
                0x00000000080013c8                HAL_PCD_MspInit
 .text.SD_PowerON
                0x000000000800141c       0xdc build/stm32f4xx_hal_sd.o
 .text.HAL_SD_GetCardCSD
                0x00000000080014f8      0x1e4 build/stm32f4xx_hal_sd.o
                0x00000000080014f8                HAL_SD_GetCardCSD
 .text.SD_InitCard
                0x00000000080016dc       0xf4 build/stm32f4xx_hal_sd.o
 .text.HAL_SD_InitCard
                0x00000000080017d0       0x78 build/stm32f4xx_hal_sd.o
                0x00000000080017d0                HAL_SD_InitCard
 .text.HAL_SD_Init
                0x0000000008001848       0x32 build/stm32f4xx_hal_sd.o
                0x0000000008001848                HAL_SD_Init
 *fill*         0x000000000800187a        0x2 
 .text.SystemInit
                0x000000000800187c       0x4c build/system_stm32f4xx.o
                0x000000000800187c                SystemInit
 .text.prvResetNextTaskUnblockTime
                0x00000000080018c8       0x34 build/tasks.o
 .text.prvDeleteTCB
                0x00000000080018fc       0x12 build/tasks.o
 .text.prvInitialiseNewTask
                0x000000000800190e       0x80 build/tasks.o
 *fill*         0x000000000800198e        0x2 
 .text.prvInitialiseTaskLists
                0x0000000008001990       0x68 build/tasks.o
 .text.prvAddNewTaskToReadyList
                0x00000000080019f8       0xa8 build/tasks.o
 .text.prvAddCurrentTaskToDelayedList
                0x0000000008001aa0       0x98 build/tasks.o
 .text.xTaskCreate
                0x0000000008001b38       0x62 build/tasks.o
                0x0000000008001b38                xTaskCreate
 *fill*         0x0000000008001b9a        0x2 
 .text.vTaskStartScheduler
                0x0000000008001b9c       0x7c build/tasks.o
                0x0000000008001b9c                vTaskStartScheduler
 .text.vTaskSuspendAll
                0x0000000008001c18       0x10 build/tasks.o
                0x0000000008001c18                vTaskSuspendAll
 .text.xTaskIncrementTick
                0x0000000008001c28      0x120 build/tasks.o
                0x0000000008001c28                xTaskIncrementTick
 .text.xTaskResumeAll
                0x0000000008001d48       0xfc build/tasks.o
                0x0000000008001d48                xTaskResumeAll
 .text.vTaskDelay
                0x0000000008001e44       0x50 build/tasks.o
                0x0000000008001e44                vTaskDelay
 .text.prvCheckTasksWaitingTermination
                0x0000000008001e94       0x5c build/tasks.o
 .text.prvIdleTask
                0x0000000008001ef0       0x28 build/tasks.o
 .text.vTaskSwitchContext
                0x0000000008001f18       0x9c build/tasks.o
                0x0000000008001f18                vTaskSwitchContext
 .text.xTaskGetSchedulerState
                0x0000000008001fb4       0x20 build/tasks.o
                0x0000000008001fb4                xTaskGetSchedulerState
 .text.HAL_CAN_Init
                0x0000000008001fd4      0x180 build/stm32f4xx_hal_can.o
                0x0000000008001fd4                HAL_CAN_Init
 .text.HAL_RCC_OscConfig
                0x0000000008002154      0x3b0 build/stm32f4xx_hal_rcc.o
                0x0000000008002154                HAL_RCC_OscConfig
 .text.HAL_RCC_GetSysClockFreq
                0x0000000008002504       0x94 build/stm32f4xx_hal_rcc.o
                0x0000000008002504                HAL_RCC_GetSysClockFreq
 .text.HAL_RCC_ClockConfig
                0x0000000008002598      0x19c build/stm32f4xx_hal_rcc.o
                0x0000000008002598                HAL_RCC_ClockConfig
 .text.HAL_RCC_GetHCLKFreq
                0x0000000008002734        0xc build/stm32f4xx_hal_rcc.o
                0x0000000008002734                HAL_RCC_GetHCLKFreq
 .text.HAL_RCC_GetPCLK1Freq
                0x0000000008002740       0x2c build/stm32f4xx_hal_rcc.o
                0x0000000008002740                HAL_RCC_GetPCLK1Freq
 .text.HAL_RCC_GetPCLK2Freq
                0x000000000800276c       0x2c build/stm32f4xx_hal_rcc.o
                0x000000000800276c                HAL_RCC_GetPCLK2Freq
 .text.HAL_RCC_GetClockConfig
                0x0000000008002798       0x3c build/stm32f4xx_hal_rcc.o
                0x0000000008002798                HAL_RCC_GetClockConfig
 .text.SDMMC_GetCmdError
                0x00000000080027d4       0x3c build/stm32f4xx_ll_sdmmc.o
 .text.SDMMC_GetCmdResp2
                0x0000000008002810       0x5c build/stm32f4xx_ll_sdmmc.o
 .text.SDMMC_GetCmdResp3
                0x000000000800286c       0x4c build/stm32f4xx_ll_sdmmc.o
 .text.SDMMC_GetCmdResp7
                0x00000000080028b8       0x54 build/stm32f4xx_ll_sdmmc.o
 .text.SDIO_Init
                0x000000000800290c       0x38 build/stm32f4xx_ll_sdmmc.o
                0x000000000800290c                SDIO_Init
 .text.SDIO_PowerState_ON
                0x0000000008002944        0x8 build/stm32f4xx_ll_sdmmc.o
                0x0000000008002944                SDIO_PowerState_ON
 .text.SDIO_GetPowerState
                0x000000000800294c        0x8 build/stm32f4xx_ll_sdmmc.o
                0x000000000800294c                SDIO_GetPowerState
 .text.SDIO_SendCommand
                0x0000000008002954       0x24 build/stm32f4xx_ll_sdmmc.o
                0x0000000008002954                SDIO_SendCommand
 .text.SDIO_GetCommandResponse
                0x0000000008002978        0x6 build/stm32f4xx_ll_sdmmc.o
                0x0000000008002978                SDIO_GetCommandResponse
 .text.SDIO_GetResponse
                0x000000000800297e       0x14 build/stm32f4xx_ll_sdmmc.o
                0x000000000800297e                SDIO_GetResponse
 *fill*         0x0000000008002992        0x2 
 .text.SDMMC_GetCmdResp1
                0x0000000008002994      0x158 build/stm32f4xx_ll_sdmmc.o
 .text.SDMMC_GetCmdResp6
                0x0000000008002aec       0xa0 build/stm32f4xx_ll_sdmmc.o
 .text.SDMMC_CmdSelDesel
                0x0000000008002b8c       0x30 build/stm32f4xx_ll_sdmmc.o
                0x0000000008002b8c                SDMMC_CmdSelDesel
 .text.SDMMC_CmdGoIdleState
                0x0000000008002bbc       0x26 build/stm32f4xx_ll_sdmmc.o
                0x0000000008002bbc                SDMMC_CmdGoIdleState
 .text.SDMMC_CmdOperCond
                0x0000000008002be2       0x2e build/stm32f4xx_ll_sdmmc.o
                0x0000000008002be2                SDMMC_CmdOperCond
 .text.SDMMC_CmdAppCommand
                0x0000000008002c10       0x30 build/stm32f4xx_ll_sdmmc.o
                0x0000000008002c10                SDMMC_CmdAppCommand
 .text.SDMMC_CmdAppOperCommand
                0x0000000008002c40       0x32 build/stm32f4xx_ll_sdmmc.o
                0x0000000008002c40                SDMMC_CmdAppOperCommand
 .text.SDMMC_CmdSendCID
                0x0000000008002c72       0x2a build/stm32f4xx_ll_sdmmc.o
                0x0000000008002c72                SDMMC_CmdSendCID
 .text.SDMMC_CmdSendCSD
                0x0000000008002c9c       0x2a build/stm32f4xx_ll_sdmmc.o
                0x0000000008002c9c                SDMMC_CmdSendCSD
 .text.SDMMC_CmdSetRelAdd
                0x0000000008002cc6       0x30 build/stm32f4xx_ll_sdmmc.o
                0x0000000008002cc6                SDMMC_CmdSetRelAdd
 .text.makeFreeRtosPriority
                0x0000000008002cf6        0xc build/cmsis_os.o
 .text.osKernelStart
                0x0000000008002d02        0xa build/cmsis_os.o
                0x0000000008002d02                osKernelStart
 .text.osThreadCreate
                0x0000000008002d0c       0x34 build/cmsis_os.o
                0x0000000008002d0c                osThreadCreate
 .text.osDelay  0x0000000008002d40       0x12 build/cmsis_os.o
                0x0000000008002d40                osDelay
 .text.osSystickHandler
                0x0000000008002d52       0x10 build/cmsis_os.o
                0x0000000008002d52                osSystickHandler
 .text.HAL_PCD_Init
                0x0000000008002d62       0xe0 build/stm32f4xx_hal_pcd.o
                0x0000000008002d62                HAL_PCD_Init
 *fill*         0x0000000008002e42        0x2 
 .text.HAL_InitTick
                0x0000000008002e44       0x7c build/stm32f4xx_hal_timebase_TIM.o
                0x0000000008002e44                HAL_InitTick
 .text.HAL_I2C_Init
                0x0000000008002ec0      0x11c build/stm32f4xx_hal_i2c.o
                0x0000000008002ec0                HAL_I2C_Init
 .text.vListInitialise
                0x0000000008002fdc       0x16 build/list.o
                0x0000000008002fdc                vListInitialise
 .text.vListInitialiseItem
                0x0000000008002ff2        0x6 build/list.o
                0x0000000008002ff2                vListInitialiseItem
 .text.vListInsertEnd
                0x0000000008002ff8       0x18 build/list.o
                0x0000000008002ff8                vListInsertEnd
 .text.vListInsert
                0x0000000008003010       0x34 build/list.o
                0x0000000008003010                vListInsert
 .text.uxListRemove
                0x0000000008003044       0x26 build/list.o
                0x0000000008003044                uxListRemove
 .text.USB_CoreInit
                0x000000000800306a       0x7c build/stm32f4xx_ll_usb.o
                0x000000000800306a                USB_CoreInit
 .text.USB_DisableGlobalInt
                0x00000000080030e6        0xc build/stm32f4xx_ll_usb.o
                0x00000000080030e6                USB_DisableGlobalInt
 .text.USB_SetCurrentMode
                0x00000000080030f2       0x2c build/stm32f4xx_ll_usb.o
                0x00000000080030f2                USB_SetCurrentMode
 *fill*         0x000000000800311e        0x2 
 .text.USB_DevInit
                0x0000000008003120      0x150 build/stm32f4xx_ll_usb.o
                0x0000000008003120                USB_DevInit
 .text.USB_FlushTxFifo
                0x0000000008003270       0x28 build/stm32f4xx_ll_usb.o
                0x0000000008003270                USB_FlushTxFifo
 .text.USB_FlushRxFifo
                0x0000000008003298       0x24 build/stm32f4xx_ll_usb.o
                0x0000000008003298                USB_FlushRxFifo
 .text.USB_SetDevSpeed
                0x00000000080032bc        0xe build/stm32f4xx_ll_usb.o
                0x00000000080032bc                USB_SetDevSpeed
 .text.USB_DevDisconnect
                0x00000000080032ca       0x18 build/stm32f4xx_ll_usb.o
                0x00000000080032ca                USB_DevDisconnect
 *fill*         0x00000000080032e2        0x2 
 .text.USB_CoreReset
                0x00000000080032e4       0x3c build/stm32f4xx_ll_usb.o
 .text.HAL_Init
                0x0000000008003320       0x34 build/stm32f4xx_hal.o
                0x0000000008003320                HAL_Init
 .text.HAL_IncTick
                0x0000000008003354       0x10 build/stm32f4xx_hal.o
                0x0000000008003354                HAL_IncTick
 .text.HAL_GetTick
                0x0000000008003364        0xc build/stm32f4xx_hal.o
                0x0000000008003364                HAL_GetTick
 .text.HAL_Delay
                0x0000000008003370       0x24 build/stm32f4xx_hal.o
                0x0000000008003370                HAL_Delay
 .text.HAL_TIMEx_MasterConfigSynchronization
                0x0000000008003394       0x52 build/stm32f4xx_hal_tim_ex.o
                0x0000000008003394                HAL_TIMEx_MasterConfigSynchronization
 .text.HAL_TIMEx_CommutationCallback
                0x00000000080033e6        0x2 build/stm32f4xx_hal_tim_ex.o
                0x00000000080033e6                HAL_TIMEx_CommutationCallback
 .text.HAL_TIMEx_BreakCallback
                0x00000000080033e8        0x2 build/stm32f4xx_hal_tim_ex.o
                0x00000000080033e8                HAL_TIMEx_BreakCallback
 *fill*         0x00000000080033ea        0x2 
 .text.HAL_NVIC_SetPriorityGrouping
                0x00000000080033ec       0x24 build/stm32f4xx_hal_cortex.o
                0x00000000080033ec                HAL_NVIC_SetPriorityGrouping
 .text.HAL_NVIC_SetPriority
                0x0000000008003410       0x64 build/stm32f4xx_hal_cortex.o
                0x0000000008003410                HAL_NVIC_SetPriority
 .text.HAL_NVIC_EnableIRQ
                0x0000000008003474       0x18 build/stm32f4xx_hal_cortex.o
                0x0000000008003474                HAL_NVIC_EnableIRQ
 .text.HAL_SYSTICK_Config
                0x000000000800348c       0x2c build/stm32f4xx_hal_cortex.o
                0x000000000800348c                HAL_SYSTICK_Config
 .text.HAL_SYSTICK_CLKSourceConfig
                0x00000000080034b8       0x20 build/stm32f4xx_hal_cortex.o
                0x00000000080034b8                HAL_SYSTICK_CLKSourceConfig
 .text.prvHeapInit
                0x00000000080034d8       0x64 build/heap_4.o
 .text.prvInsertBlockIntoFreeList
                0x000000000800353c       0x58 build/heap_4.o
 .text.pvPortMalloc
                0x0000000008003594      0x108 build/heap_4.o
                0x0000000008003594                pvPortMalloc
 .text.vPortFree
                0x000000000800369c       0x70 build/heap_4.o
                0x000000000800369c                vPortFree
 .text.HAL_GPIO_Init
                0x000000000800370c      0x1cc build/stm32f4xx_hal_gpio.o
                0x000000000800370c                HAL_GPIO_Init
 .text.HAL_GPIO_WritePin
                0x00000000080038d8        0xc build/stm32f4xx_hal_gpio.o
                0x00000000080038d8                HAL_GPIO_WritePin
 .text.NMI_Handler
                0x00000000080038e4        0x2 build/stm32f4xx_it.o
                0x00000000080038e4                NMI_Handler
 .text.HardFault_Handler
                0x00000000080038e6        0x2 build/stm32f4xx_it.o
                0x00000000080038e6                HardFault_Handler
 .text.MemManage_Handler
                0x00000000080038e8        0x2 build/stm32f4xx_it.o
                0x00000000080038e8                MemManage_Handler
 .text.BusFault_Handler
                0x00000000080038ea        0x2 build/stm32f4xx_it.o
                0x00000000080038ea                BusFault_Handler
 .text.UsageFault_Handler
                0x00000000080038ec        0x2 build/stm32f4xx_it.o
                0x00000000080038ec                UsageFault_Handler
 .text.DebugMon_Handler
                0x00000000080038ee        0x2 build/stm32f4xx_it.o
                0x00000000080038ee                DebugMon_Handler
 .text.SysTick_Handler
                0x00000000080038f0        0x8 build/stm32f4xx_it.o
                0x00000000080038f0                SysTick_Handler
 .text.TIM1_UP_TIM10_IRQHandler
                0x00000000080038f8       0x10 build/stm32f4xx_it.o
                0x00000000080038f8                TIM1_UP_TIM10_IRQHandler
 .text.Reset_Handler
                0x0000000008003908       0x50 build/startup_stm32f405xx.o
                0x0000000008003908                Reset_Handler
 .text.Default_Handler
                0x0000000008003958        0x2 build/startup_stm32f405xx.o
                0x0000000008003958                DMA1_Stream3_IRQHandler
                0x0000000008003958                HASH_RNG_IRQHandler
                0x0000000008003958                EXTI2_IRQHandler
                0x0000000008003958                TIM8_CC_IRQHandler
                0x0000000008003958                TIM1_CC_IRQHandler
                0x0000000008003958                DMA2_Stream5_IRQHandler
                0x0000000008003958                DMA1_Stream5_IRQHandler
                0x0000000008003958                PVD_IRQHandler
                0x0000000008003958                SDIO_IRQHandler
                0x0000000008003958                TAMP_STAMP_IRQHandler
                0x0000000008003958                CAN2_RX1_IRQHandler
                0x0000000008003958                EXTI3_IRQHandler
                0x0000000008003958                TIM8_TRG_COM_TIM14_IRQHandler
                0x0000000008003958                TIM8_UP_TIM13_IRQHandler
                0x0000000008003958                I2C3_ER_IRQHandler
                0x0000000008003958                EXTI0_IRQHandler
                0x0000000008003958                I2C2_EV_IRQHandler
                0x0000000008003958                DMA1_Stream2_IRQHandler
                0x0000000008003958                CAN1_RX0_IRQHandler
                0x0000000008003958                FPU_IRQHandler
                0x0000000008003958                OTG_HS_WKUP_IRQHandler
                0x0000000008003958                CAN2_SCE_IRQHandler
                0x0000000008003958                DMA2_Stream2_IRQHandler
                0x0000000008003958                SPI1_IRQHandler
                0x0000000008003958                TIM6_DAC_IRQHandler
                0x0000000008003958                TIM1_BRK_TIM9_IRQHandler
                0x0000000008003958                CAN2_RX0_IRQHandler
                0x0000000008003958                DMA2_Stream3_IRQHandler
                0x0000000008003958                USART6_IRQHandler
                0x0000000008003958                USART3_IRQHandler
                0x0000000008003958                CAN1_RX1_IRQHandler
                0x0000000008003958                UART5_IRQHandler
                0x0000000008003958                DMA2_Stream0_IRQHandler
                0x0000000008003958                TIM4_IRQHandler
                0x0000000008003958                I2C1_EV_IRQHandler
                0x0000000008003958                DMA1_Stream6_IRQHandler
                0x0000000008003958                DMA1_Stream1_IRQHandler
                0x0000000008003958                UART4_IRQHandler
                0x0000000008003958                TIM3_IRQHandler
                0x0000000008003958                RCC_IRQHandler
                0x0000000008003958                TIM8_BRK_TIM12_IRQHandler
                0x0000000008003958                Default_Handler
                0x0000000008003958                EXTI15_10_IRQHandler
                0x0000000008003958                ADC_IRQHandler
                0x0000000008003958                DMA1_Stream7_IRQHandler
                0x0000000008003958                TIM7_IRQHandler
                0x0000000008003958                CAN2_TX_IRQHandler
                0x0000000008003958                TIM5_IRQHandler
                0x0000000008003958                DMA2_Stream7_IRQHandler
                0x0000000008003958                I2C3_EV_IRQHandler
                0x0000000008003958                EXTI9_5_IRQHandler
                0x0000000008003958                RTC_WKUP_IRQHandler
                0x0000000008003958                SPI2_IRQHandler
                0x0000000008003958                OTG_HS_EP1_IN_IRQHandler
                0x0000000008003958                DMA1_Stream0_IRQHandler
                0x0000000008003958                CAN1_TX_IRQHandler
                0x0000000008003958                EXTI4_IRQHandler
                0x0000000008003958                FSMC_IRQHandler
                0x0000000008003958                OTG_HS_EP1_OUT_IRQHandler
                0x0000000008003958                WWDG_IRQHandler
                0x0000000008003958                TIM2_IRQHandler
                0x0000000008003958                OTG_FS_WKUP_IRQHandler
                0x0000000008003958                TIM1_TRG_COM_TIM11_IRQHandler
                0x0000000008003958                OTG_HS_IRQHandler
                0x0000000008003958                EXTI1_IRQHandler
                0x0000000008003958                USART2_IRQHandler
                0x0000000008003958                I2C2_ER_IRQHandler
                0x0000000008003958                DMA2_Stream1_IRQHandler
                0x0000000008003958                CAN1_SCE_IRQHandler
                0x0000000008003958                FLASH_IRQHandler
                0x0000000008003958                DMA2_Stream4_IRQHandler
                0x0000000008003958                USART1_IRQHandler
                0x0000000008003958                OTG_FS_IRQHandler
                0x0000000008003958                SPI3_IRQHandler
                0x0000000008003958                DMA1_Stream4_IRQHandler
                0x0000000008003958                I2C1_ER_IRQHandler
                0x0000000008003958                DMA2_Stream6_IRQHandler
                0x0000000008003958                RTC_Alarm_IRQHandler
 *fill*         0x000000000800395a        0x2 
 .text.__libc_init_array
                0x000000000800395c       0x48 /Users/augustmason/Documents/GitHub/riptide_firmware/STM32/gcc-arm-none-eabi-6-2017-q2-update/bin/../lib/gcc/arm-none-eabi/6.3.1/../../../../arm-none-eabi/lib/thumb/v7e-m/fpv4-sp/hard/libc_nano.a(lib_a-init.o)
                0x000000000800395c                __libc_init_array
 *(.glue_7)
 .glue_7        0x00000000080039a4        0x0 linker stubs
 *(.glue_7t)
 .glue_7t       0x00000000080039a4        0x0 linker stubs
 *(.eh_frame)
 .eh_frame      0x00000000080039a4        0x0 /Users/augustmason/Documents/GitHub/riptide_firmware/STM32/gcc-arm-none-eabi-6-2017-q2-update/bin/../lib/gcc/arm-none-eabi/6.3.1/thumb/v7e-m/fpv4-sp/hard/crtbegin.o
 *(.init)
 .init          0x00000000080039a4        0x4 /Users/augustmason/Documents/GitHub/riptide_firmware/STM32/gcc-arm-none-eabi-6-2017-q2-update/bin/../lib/gcc/arm-none-eabi/6.3.1/thumb/v7e-m/fpv4-sp/hard/crti.o
                0x00000000080039a4                _init
 .init          0x00000000080039a8        0x8 /Users/augustmason/Documents/GitHub/riptide_firmware/STM32/gcc-arm-none-eabi-6-2017-q2-update/bin/../lib/gcc/arm-none-eabi/6.3.1/thumb/v7e-m/fpv4-sp/hard/crtn.o
 *(.fini)
 .fini          0x00000000080039b0        0x4 /Users/augustmason/Documents/GitHub/riptide_firmware/STM32/gcc-arm-none-eabi-6-2017-q2-update/bin/../lib/gcc/arm-none-eabi/6.3.1/thumb/v7e-m/fpv4-sp/hard/crti.o
                0x00000000080039b0                _fini
 .fini          0x00000000080039b4        0x8 /Users/augustmason/Documents/GitHub/riptide_firmware/STM32/gcc-arm-none-eabi-6-2017-q2-update/bin/../lib/gcc/arm-none-eabi/6.3.1/thumb/v7e-m/fpv4-sp/hard/crtn.o
                0x00000000080039bc                . = ALIGN (0x4)
                0x00000000080039bc                _etext = .

.vfp11_veneer   0x00000000080039bc        0x0
 .vfp11_veneer  0x00000000080039bc        0x0 linker stubs

.v4_bx          0x00000000080039bc        0x0
 .v4_bx         0x00000000080039bc        0x0 linker stubs

.iplt           0x00000000080039bc        0x0
 .iplt          0x00000000080039bc        0x0 /Users/augustmason/Documents/GitHub/riptide_firmware/STM32/gcc-arm-none-eabi-6-2017-q2-update/bin/../lib/gcc/arm-none-eabi/6.3.1/thumb/v7e-m/fpv4-sp/hard/crtbegin.o

.rodata         0x00000000080039bc       0x4c
                0x00000000080039bc                . = ALIGN (0x4)
 *(.rodata)
 .rodata        0x00000000080039bc       0x14 build/main.o
 *(.rodata*)
 .rodata.MX_CAN1_Init.str1.4
                0x00000000080039d0        0xb build/main.o
 *fill*         0x00000000080039db        0x1 
 .rodata.str1.4
                0x00000000080039dc        0xc build/main.o
 .rodata.AHBPrescTable
                0x00000000080039e8       0x10 build/system_stm32f4xx.o
                0x00000000080039e8                AHBPrescTable
 .rodata.APBPrescTable
                0x00000000080039f8        0x8 build/system_stm32f4xx.o
                0x00000000080039f8                APBPrescTable
 .rodata.vTaskStartScheduler.str1.4
                0x0000000008003a00        0x8 build/tasks.o
                                          0x5 (size before relaxing)
                0x0000000008003a08                . = ALIGN (0x4)

.rel.dyn        0x0000000008003a08        0x0
 .rel.iplt      0x0000000008003a08        0x0 /Users/augustmason/Documents/GitHub/riptide_firmware/STM32/gcc-arm-none-eabi-6-2017-q2-update/bin/../lib/gcc/arm-none-eabi/6.3.1/thumb/v7e-m/fpv4-sp/hard/crtbegin.o

.ARM.extab
 *(.ARM.extab* .gnu.linkonce.armextab.*)

.ARM            0x0000000008003a08        0x0
                0x0000000008003a08                __exidx_start = .
 *(.ARM.exidx*)
                0x0000000008003a08                __exidx_end = .

.preinit_array  0x0000000008003a08        0x0
                0x0000000008003a08                PROVIDE (__preinit_array_start, .)
 *(.preinit_array*)
                0x0000000008003a08                PROVIDE (__preinit_array_end, .)

.init_array     0x0000000008003a08        0x4
                0x0000000008003a08                PROVIDE (__init_array_start, .)
 *(SORT(.init_array.*))
 *(.init_array*)
 .init_array    0x0000000008003a08        0x4 /Users/augustmason/Documents/GitHub/riptide_firmware/STM32/gcc-arm-none-eabi-6-2017-q2-update/bin/../lib/gcc/arm-none-eabi/6.3.1/thumb/v7e-m/fpv4-sp/hard/crtbegin.o
                0x0000000008003a0c                PROVIDE (__init_array_end, .)

.fini_array     0x0000000008003a0c        0x4
                [!provide]                        PROVIDE (__fini_array_start, .)
 *(SORT(.fini_array.*))
 *(.fini_array*)
 .fini_array    0x0000000008003a0c        0x4 /Users/augustmason/Documents/GitHub/riptide_firmware/STM32/gcc-arm-none-eabi-6-2017-q2-update/bin/../lib/gcc/arm-none-eabi/6.3.1/thumb/v7e-m/fpv4-sp/hard/crtbegin.o
                [!provide]                        PROVIDE (__fini_array_end, .)
                0x0000000008003a10                _sidata = LOADADDR (.data)

.data           0x0000000020000000        0x8 load address 0x0000000008003a10
                0x0000000020000000                . = ALIGN (0x4)
                0x0000000020000000                _sdata = .
 *(.data)
 *(.data*)
 .data.uxCriticalNesting
                0x0000000020000000        0x4 build/port.o
 .data.SystemCoreClock
                0x0000000020000004        0x4 build/system_stm32f4xx.o
                0x0000000020000004                SystemCoreClock
                0x0000000020000008                . = ALIGN (0x4)
                0x0000000020000008                _edata = .
                0x0000000008003a18                _siccmram = LOADADDR (.ccmram)

.jcr            0x0000000020000008        0x0 load address 0x0000000008003a18
 .jcr           0x0000000020000008        0x0 /Users/augustmason/Documents/GitHub/riptide_firmware/STM32/gcc-arm-none-eabi-6-2017-q2-update/bin/../lib/gcc/arm-none-eabi/6.3.1/thumb/v7e-m/fpv4-sp/hard/crtbegin.o

.igot.plt       0x0000000020000008        0x0 load address 0x0000000008003a18
 .igot.plt      0x0000000020000008        0x0 /Users/augustmason/Documents/GitHub/riptide_firmware/STM32/gcc-arm-none-eabi-6-2017-q2-update/bin/../lib/gcc/arm-none-eabi/6.3.1/thumb/v7e-m/fpv4-sp/hard/crtbegin.o

.ccmram         0x0000000010000000        0x0 load address 0x0000000008003a18
                0x0000000010000000                . = ALIGN (0x4)
                0x0000000010000000                _sccmram = .
 *(.ccmram)
 *(.ccmram*)
                0x0000000010000000                . = ALIGN (0x4)
                0x0000000010000000                _eccmram = .
                0x0000000010000000                . = ALIGN (0x4)

.bss            0x0000000020000008     0x4438
                0x0000000020000008                _sbss = .
                0x0000000020000008                __bss_start__ = _sbss
 *(.bss)
 .bss           0x0000000020000008       0x1c /Users/augustmason/Documents/GitHub/riptide_firmware/STM32/gcc-arm-none-eabi-6-2017-q2-update/bin/../lib/gcc/arm-none-eabi/6.3.1/thumb/v7e-m/fpv4-sp/hard/crtbegin.o
 *(.bss*)
 .bss.ucMaxSysCallPriority
                0x0000000020000024        0x1 build/port.o
 *fill*         0x0000000020000025        0x3 
 .bss.ulMaxPRIGROUPValue
                0x0000000020000028        0x4 build/port.o
 .bss.pxCurrentTCB
                0x000000002000002c        0x4 build/tasks.o
                0x000000002000002c                pxCurrentTCB
 .bss.pxDelayedTaskList
                0x0000000020000030        0x4 build/tasks.o
 .bss.pxOverflowDelayedTaskList
                0x0000000020000034        0x4 build/tasks.o
 .bss.pxReadyTasksLists
                0x0000000020000038       0x8c build/tasks.o
 .bss.uxCurrentNumberOfTasks
                0x00000000200000c4        0x4 build/tasks.o
 .bss.uxDeletedTasksWaitingCleanUp
                0x00000000200000c8        0x4 build/tasks.o
 .bss.uxPendedTicks
                0x00000000200000cc        0x4 build/tasks.o
 .bss.uxSchedulerSuspended
                0x00000000200000d0        0x4 build/tasks.o
 .bss.uxTaskNumber
                0x00000000200000d4        0x4 build/tasks.o
 .bss.uxTopReadyPriority
                0x00000000200000d8        0x4 build/tasks.o
 .bss.xDelayedTaskList1
                0x00000000200000dc       0x14 build/tasks.o
 .bss.xDelayedTaskList2
                0x00000000200000f0       0x14 build/tasks.o
 .bss.xIdleTaskHandle
                0x0000000020000104        0x4 build/tasks.o
 .bss.xNextTaskUnblockTime
                0x0000000020000108        0x4 build/tasks.o
 .bss.xNumOfOverflows
                0x000000002000010c        0x4 build/tasks.o
 .bss.xPendingReadyList
                0x0000000020000110       0x14 build/tasks.o
 .bss.xSchedulerRunning
                0x0000000020000124        0x4 build/tasks.o
 .bss.xSuspendedTaskList
                0x0000000020000128       0x14 build/tasks.o
 .bss.xTasksWaitingTermination
                0x000000002000013c       0x14 build/tasks.o
 .bss.xTickCount
                0x0000000020000150        0x4 build/tasks.o
 .bss.xYieldPending
                0x0000000020000154        0x4 build/tasks.o
 .bss.pxEnd     0x0000000020000158        0x4 build/heap_4.o
 .bss.ucHeap    0x000000002000015c     0x3c00 build/heap_4.o
 .bss.xBlockAllocatedBit
                0x0000000020003d5c        0x4 build/heap_4.o
 .bss.xFreeBytesRemaining
                0x0000000020003d60        0x4 build/heap_4.o
 .bss.xMinimumEverFreeBytesRemaining
                0x0000000020003d64        0x4 build/heap_4.o
 .bss.xStart    0x0000000020003d68        0x8 build/heap_4.o
 *(COMMON)
 COMMON         0x0000000020003d70      0x690 build/main.o
                0x0000000020003d70                defaultTaskHandle
                0x0000000020003d74                hi2c3
                0x0000000020003dc8                hpcd_USB_OTG_HS
                0x00000000200041b8                hi2c1
                0x000000002000420c                htim5
                0x0000000020004248                htim3
                0x0000000020004284                htim13
                0x00000000200042c0                hsd
                0x0000000020004344                htim2
                0x0000000020004380                hcan1
                0x00000000200043c4                htim14
 COMMON         0x0000000020004400       0x3c build/stm32f4xx_hal_timebase_TIM.o
                0x0000000020004400                htim1
 COMMON         0x000000002000443c        0x4 build/stm32f4xx_hal.o
                0x000000002000443c                uwTick
                0x0000000020004440                . = ALIGN (0x4)
                0x0000000020004440                _ebss = .
                0x0000000020004440                __bss_end__ = _ebss

._user_heap_stack
                0x0000000020004440      0x600
                0x0000000020004440                . = ALIGN (0x8)
                [!provide]                        PROVIDE (end, .)
                [!provide]                        PROVIDE (_end, .)
                0x0000000020004640                . = (. + _Min_Heap_Size)
 *fill*         0x0000000020004440      0x200 
                0x0000000020004a40                . = (. + _Min_Stack_Size)
 *fill*         0x0000000020004640      0x400 
                0x0000000020004a40                . = ALIGN (0x8)

/DISCARD/
 libc.a(*)
 libm.a(*)
 libgcc.a(*)

.ARM.attributes
                0x0000000000000000       0x30
 *(.ARM.attributes)
 .ARM.attributes
                0x0000000000000000       0x22 /Users/augustmason/Documents/GitHub/riptide_firmware/STM32/gcc-arm-none-eabi-6-2017-q2-update/bin/../lib/gcc/arm-none-eabi/6.3.1/thumb/v7e-m/fpv4-sp/hard/crti.o
 .ARM.attributes
                0x0000000000000022       0x34 /Users/augustmason/Documents/GitHub/riptide_firmware/STM32/gcc-arm-none-eabi-6-2017-q2-update/bin/../lib/gcc/arm-none-eabi/6.3.1/thumb/v7e-m/fpv4-sp/hard/crtbegin.o
 .ARM.attributes
                0x0000000000000056       0x39 build/port.o
 .ARM.attributes
                0x000000000000008f       0x39 build/main.o
 .ARM.attributes
                0x00000000000000c8       0x39 build/stm32f4xx_hal_tim.o
 .ARM.attributes
                0x0000000000000101       0x39 build/stm32f4xx_hal_msp.o
 .ARM.attributes
                0x000000000000013a       0x39 build/stm32f4xx_hal_sd.o
 .ARM.attributes
                0x0000000000000173       0x39 build/system_stm32f4xx.o
 .ARM.attributes
                0x00000000000001ac       0x39 build/tasks.o
 .ARM.attributes
                0x00000000000001e5       0x39 build/stm32f4xx_hal_can.o
 .ARM.attributes
                0x000000000000021e       0x39 build/stm32f4xx_hal_rcc.o
 .ARM.attributes
                0x0000000000000257       0x39 build/stm32f4xx_ll_sdmmc.o
 .ARM.attributes
                0x0000000000000290       0x39 build/cmsis_os.o
 .ARM.attributes
                0x00000000000002c9       0x39 build/stm32f4xx_hal_pcd.o
 .ARM.attributes
                0x0000000000000302       0x39 build/stm32f4xx_hal_timebase_TIM.o
 .ARM.attributes
                0x000000000000033b       0x39 build/stm32f4xx_hal_i2c.o
 .ARM.attributes
                0x0000000000000374       0x39 build/list.o
 .ARM.attributes
                0x00000000000003ad       0x39 build/stm32f4xx_ll_usb.o
 .ARM.attributes
                0x00000000000003e6       0x39 build/stm32f4xx_hal.o
 .ARM.attributes
                0x000000000000041f       0x39 build/stm32f4xx_hal_tim_ex.o
 .ARM.attributes
                0x0000000000000458       0x39 build/stm32f4xx_hal_cortex.o
 .ARM.attributes
                0x0000000000000491       0x39 build/heap_4.o
 .ARM.attributes
                0x00000000000004ca       0x39 build/stm32f4xx_hal_gpio.o
 .ARM.attributes
                0x0000000000000503       0x39 build/stm32f4xx_it.o
 .ARM.attributes
                0x000000000000053c       0x21 build/startup_stm32f405xx.o
 .ARM.attributes
                0x000000000000055d       0x34 /Users/augustmason/Documents/GitHub/riptide_firmware/STM32/gcc-arm-none-eabi-6-2017-q2-update/bin/../lib/gcc/arm-none-eabi/6.3.1/../../../../arm-none-eabi/lib/thumb/v7e-m/fpv4-sp/hard/libc_nano.a(lib_a-init.o)
 .ARM.attributes
                0x0000000000000591       0x22 /Users/augustmason/Documents/GitHub/riptide_firmware/STM32/gcc-arm-none-eabi-6-2017-q2-update/bin/../lib/gcc/arm-none-eabi/6.3.1/thumb/v7e-m/fpv4-sp/hard/crtn.o
OUTPUT(build/sauron.elf elf32-littlearm)

.debug_info     0x0000000000000000    0x28dbe
 .debug_info    0x0000000000000000      0x56e build/port.o
 .debug_info    0x000000000000056e     0x3440 build/main.o
 .debug_info    0x00000000000039ae     0x3a2f build/stm32f4xx_hal_tim.o
 .debug_info    0x00000000000073dd     0x2ac3 build/stm32f4xx_hal_msp.o
 .debug_info    0x0000000000009ea0     0x2d72 build/stm32f4xx_hal_sd.o
 .debug_info    0x000000000000cc12      0xe89 build/system_stm32f4xx.o
 .debug_info    0x000000000000da9b     0x2b39 build/tasks.o
 .debug_info    0x00000000000105d4     0x1675 build/stm32f4xx_hal_can.o
 .debug_info    0x0000000000011c49     0x16bd build/stm32f4xx_hal_rcc.o
 .debug_info    0x0000000000013306     0x205b build/stm32f4xx_ll_sdmmc.o
 .debug_info    0x0000000000015361     0x258a build/cmsis_os.o
 .debug_info    0x00000000000178eb     0x1f07 build/stm32f4xx_hal_pcd.o
 .debug_info    0x00000000000197f2     0x158d build/stm32f4xx_hal_timebase_TIM.o
 .debug_info    0x000000000001ad7f     0x3998 build/stm32f4xx_hal_i2c.o
 .debug_info    0x000000000001e717      0xbe3 build/list.o
 .debug_info    0x000000000001f2fa     0x21b2 build/stm32f4xx_ll_usb.o
 .debug_info    0x00000000000214ac     0x1334 build/stm32f4xx_hal.o
 .debug_info    0x00000000000227e0     0x1d72 build/stm32f4xx_hal_tim_ex.o
 .debug_info    0x0000000000024552     0x1908 build/stm32f4xx_hal_cortex.o
 .debug_info    0x0000000000025e5a      0xd82 build/heap_4.o
 .debug_info    0x0000000000026bdc     0x1113 build/stm32f4xx_hal_gpio.o
 .debug_info    0x0000000000027cef     0x1053 build/stm32f4xx_it.o
 .debug_info    0x0000000000028d42       0x7c build/startup_stm32f405xx.o

.debug_abbrev   0x0000000000000000     0x417b
 .debug_abbrev  0x0000000000000000      0x21f build/port.o
 .debug_abbrev  0x000000000000021f      0x32e build/main.o
 .debug_abbrev  0x000000000000054d      0x30c build/stm32f4xx_hal_tim.o
 .debug_abbrev  0x0000000000000859      0x2e6 build/stm32f4xx_hal_msp.o
 .debug_abbrev  0x0000000000000b3f      0x32b build/stm32f4xx_hal_sd.o
 .debug_abbrev  0x0000000000000e6a      0x1e6 build/system_stm32f4xx.o
 .debug_abbrev  0x0000000000001050      0x3fe build/tasks.o
 .debug_abbrev  0x000000000000144e      0x2f4 build/stm32f4xx_hal_can.o
 .debug_abbrev  0x0000000000001742      0x388 build/stm32f4xx_hal_rcc.o
 .debug_abbrev  0x0000000000001aca      0x2cc build/stm32f4xx_ll_sdmmc.o
 .debug_abbrev  0x0000000000001d96      0x3cf build/cmsis_os.o
 .debug_abbrev  0x0000000000002165      0x34e build/stm32f4xx_hal_pcd.o
 .debug_abbrev  0x00000000000024b3      0x277 build/stm32f4xx_hal_timebase_TIM.o
 .debug_abbrev  0x000000000000272a      0x32c build/stm32f4xx_hal_i2c.o
 .debug_abbrev  0x0000000000002a56      0x217 build/list.o
 .debug_abbrev  0x0000000000002c6d      0x31e build/stm32f4xx_ll_usb.o
 .debug_abbrev  0x0000000000002f8b      0x343 build/stm32f4xx_hal.o
 .debug_abbrev  0x00000000000032ce      0x2f4 build/stm32f4xx_hal_tim_ex.o
 .debug_abbrev  0x00000000000035c2      0x3da build/stm32f4xx_hal_cortex.o
 .debug_abbrev  0x000000000000399c      0x312 build/heap_4.o
 .debug_abbrev  0x0000000000003cae      0x2bc build/stm32f4xx_hal_gpio.o
 .debug_abbrev  0x0000000000003f6a      0x1ff build/stm32f4xx_it.o
 .debug_abbrev  0x0000000000004169       0x12 build/startup_stm32f405xx.o

.debug_loc      0x0000000000000000    0x15522
 .debug_loc     0x0000000000000000      0x168 build/port.o
 .debug_loc     0x0000000000000168      0x339 build/main.o
 .debug_loc     0x00000000000004a1     0x3f30 build/stm32f4xx_hal_tim.o
 .debug_loc     0x00000000000043d1      0x495 build/stm32f4xx_hal_msp.o
 .debug_loc     0x0000000000004866     0x23c2 build/stm32f4xx_hal_sd.o
 .debug_loc     0x0000000000006c28      0x13e build/system_stm32f4xx.o
 .debug_loc     0x0000000000006d66     0x1a02 build/tasks.o
 .debug_loc     0x0000000000008768      0xece build/stm32f4xx_hal_can.o
 .debug_loc     0x0000000000009636      0x643 build/stm32f4xx_hal_rcc.o
 .debug_loc     0x0000000000009c79     0x1731 build/stm32f4xx_ll_sdmmc.o
 .debug_loc     0x000000000000b3aa     0x16ee build/cmsis_os.o
 .debug_loc     0x000000000000ca98      0xed9 build/stm32f4xx_hal_pcd.o
 .debug_loc     0x000000000000d971       0xae build/stm32f4xx_hal_timebase_TIM.o
 .debug_loc     0x000000000000da1f     0x3cd5 build/stm32f4xx_hal_i2c.o
 .debug_loc     0x00000000000116f4       0x9c build/list.o
 .debug_loc     0x0000000000011790     0x1b56 build/stm32f4xx_ll_usb.o
 .debug_loc     0x00000000000132e6      0x129 build/stm32f4xx_hal.o
 .debug_loc     0x000000000001340f     0x1298 build/stm32f4xx_hal_tim_ex.o
 .debug_loc     0x00000000000146a7      0x65e build/stm32f4xx_hal_cortex.o
 .debug_loc     0x0000000000014d05      0x324 build/heap_4.o
 .debug_loc     0x0000000000015029      0x4b9 build/stm32f4xx_hal_gpio.o
 .debug_loc     0x00000000000154e2       0x40 build/stm32f4xx_it.o

.debug_aranges  0x0000000000000000     0x1600
 .debug_aranges
                0x0000000000000000       0x80 build/port.o
 .debug_aranges
                0x0000000000000080       0x98 build/main.o
 .debug_aranges
                0x0000000000000118      0x368 build/stm32f4xx_hal_tim.o
 .debug_aranges
                0x0000000000000480       0x88 build/stm32f4xx_hal_msp.o
 .debug_aranges
                0x0000000000000508      0x168 build/stm32f4xx_hal_sd.o
 .debug_aranges
                0x0000000000000670       0x28 build/system_stm32f4xx.o
 .debug_aranges
                0x0000000000000698      0x190 build/tasks.o
 .debug_aranges
                0x0000000000000828       0xb0 build/stm32f4xx_hal_can.o
 .debug_aranges
                0x00000000000008d8       0x88 build/stm32f4xx_hal_rcc.o
 .debug_aranges
                0x0000000000000960      0x178 build/stm32f4xx_ll_sdmmc.o
 .debug_aranges
                0x0000000000000ad8      0x1d8 build/cmsis_os.o
 .debug_aranges
                0x0000000000000cb0      0x120 build/stm32f4xx_hal_pcd.o
 .debug_aranges
                0x0000000000000dd0       0x30 build/stm32f4xx_hal_timebase_TIM.o
 .debug_aranges
                0x0000000000000e00      0x268 build/stm32f4xx_hal_i2c.o
 .debug_aranges
                0x0000000000001068       0x40 build/list.o
 .debug_aranges
                0x00000000000010a8      0x180 build/stm32f4xx_ll_usb.o
 .debug_aranges
                0x0000000000001228       0xc8 build/stm32f4xx_hal.o
 .debug_aranges
                0x00000000000012f0      0x140 build/stm32f4xx_hal_tim_ex.o
 .debug_aranges
                0x0000000000001430       0xa8 build/stm32f4xx_hal_cortex.o
 .debug_aranges
                0x00000000000014d8       0x50 build/heap_4.o
 .debug_aranges
                0x0000000000001528       0x58 build/stm32f4xx_hal_gpio.o
 .debug_aranges
                0x0000000000001580       0x58 build/stm32f4xx_it.o
 .debug_aranges
                0x00000000000015d8       0x28 build/startup_stm32f405xx.o

.debug_ranges   0x0000000000000000     0x15b8
 .debug_ranges  0x0000000000000000       0x88 build/port.o
 .debug_ranges  0x0000000000000088       0x88 build/main.o
 .debug_ranges  0x0000000000000110      0x358 build/stm32f4xx_hal_tim.o
 .debug_ranges  0x0000000000000468       0x78 build/stm32f4xx_hal_msp.o
 .debug_ranges  0x00000000000004e0      0x158 build/stm32f4xx_hal_sd.o
 .debug_ranges  0x0000000000000638       0x18 build/system_stm32f4xx.o
 .debug_ranges  0x0000000000000650      0x228 build/tasks.o
 .debug_ranges  0x0000000000000878       0xa0 build/stm32f4xx_hal_can.o
 .debug_ranges  0x0000000000000918       0x78 build/stm32f4xx_hal_rcc.o
 .debug_ranges  0x0000000000000990      0x168 build/stm32f4xx_ll_sdmmc.o
 .debug_ranges  0x0000000000000af8      0x1c8 build/cmsis_os.o
 .debug_ranges  0x0000000000000cc0      0x110 build/stm32f4xx_hal_pcd.o
 .debug_ranges  0x0000000000000dd0       0x20 build/stm32f4xx_hal_timebase_TIM.o
 .debug_ranges  0x0000000000000df0      0x258 build/stm32f4xx_hal_i2c.o
 .debug_ranges  0x0000000000001048       0x30 build/list.o
 .debug_ranges  0x0000000000001078      0x170 build/stm32f4xx_ll_usb.o
 .debug_ranges  0x00000000000011e8       0xb8 build/stm32f4xx_hal.o
 .debug_ranges  0x00000000000012a0      0x130 build/stm32f4xx_hal_tim_ex.o
 .debug_ranges  0x00000000000013d0       0xf8 build/stm32f4xx_hal_cortex.o
 .debug_ranges  0x00000000000014c8       0x40 build/heap_4.o
 .debug_ranges  0x0000000000001508       0x48 build/stm32f4xx_hal_gpio.o
 .debug_ranges  0x0000000000001550       0x48 build/stm32f4xx_it.o
 .debug_ranges  0x0000000000001598       0x20 build/startup_stm32f405xx.o

.debug_line     0x0000000000000000     0xa9b6
 .debug_line    0x0000000000000000      0x35b build/port.o
 .debug_line    0x000000000000035b      0x66b build/main.o
 .debug_line    0x00000000000009c6     0x1443 build/stm32f4xx_hal_tim.o
 .debug_line    0x0000000000001e09      0x554 build/stm32f4xx_hal_msp.o
 .debug_line    0x000000000000235d      0xb4b build/stm32f4xx_hal_sd.o
 .debug_line    0x0000000000002ea8      0x2b3 build/system_stm32f4xx.o
 .debug_line    0x000000000000315b      0xbef build/tasks.o
 .debug_line    0x0000000000003d4a      0x8c4 build/stm32f4xx_hal_can.o
 .debug_line    0x000000000000460e      0x64a build/stm32f4xx_hal_rcc.o
 .debug_line    0x0000000000004c58      0x759 build/stm32f4xx_ll_sdmmc.o
 .debug_line    0x00000000000053b1      0x956 build/cmsis_os.o
 .debug_line    0x0000000000005d07      0x80e build/stm32f4xx_hal_pcd.o
 .debug_line    0x0000000000006515      0x352 build/stm32f4xx_hal_timebase_TIM.o
 .debug_line    0x0000000000006867     0x14f6 build/stm32f4xx_hal_i2c.o
 .debug_line    0x0000000000007d5d      0x3b8 build/list.o
 .debug_line    0x0000000000008115      0x95f build/stm32f4xx_ll_usb.o
 .debug_line    0x0000000000008a74      0x4a2 build/stm32f4xx_hal.o
 .debug_line    0x0000000000008f16      0x8ce build/stm32f4xx_hal_tim_ex.o
 .debug_line    0x00000000000097e4      0x4f8 build/stm32f4xx_hal_cortex.o
 .debug_line    0x0000000000009cdc      0x45f build/heap_4.o
 .debug_line    0x000000000000a13b      0x472 build/stm32f4xx_hal_gpio.o
 .debug_line    0x000000000000a5ad      0x395 build/stm32f4xx_it.o
 .debug_line    0x000000000000a942       0x74 build/startup_stm32f405xx.o

.debug_str      0x0000000000000000     0x72b0
 .debug_str     0x0000000000000000      0x42b build/port.o
                                        0x480 (size before relaxing)
 .debug_str     0x000000000000042b     0x1d8a build/main.o
                                       0x204f (size before relaxing)
 .debug_str     0x00000000000021b5      0xcb2 build/stm32f4xx_hal_tim.o
                                       0x17ea (size before relaxing)
 .debug_str     0x0000000000002e67       0xf9 build/stm32f4xx_hal_msp.o
                                       0x1bb8 (size before relaxing)
 .debug_str     0x0000000000002f60      0xa2d build/stm32f4xx_hal_sd.o
                                       0x159a (size before relaxing)
 .debug_str     0x000000000000398d       0xa7 build/system_stm32f4xx.o
                                        0x789 (size before relaxing)
 .debug_str     0x0000000000003a34      0xae9 build/tasks.o
                                       0x120c (size before relaxing)
 .debug_str     0x000000000000451d      0x235 build/stm32f4xx_hal_can.o
                                        0xbe6 (size before relaxing)
 .debug_str     0x0000000000004752      0x184 build/stm32f4xx_hal_rcc.o
                                        0xadf (size before relaxing)
 .debug_str     0x00000000000048d6      0x1fe build/stm32f4xx_ll_sdmmc.o
                                        0xc0c (size before relaxing)
 .debug_str     0x0000000000004ad4      0x7b4 build/cmsis_os.o
                                       0x11c4 (size before relaxing)
 .debug_str     0x0000000000005288      0x6a5 build/stm32f4xx_hal_pcd.o
                                       0x102d (size before relaxing)
 .debug_str     0x000000000000592d       0x9d build/stm32f4xx_hal_timebase_TIM.o
                                       0x1173 (size before relaxing)
 .debug_str     0x00000000000059ca      0x789 build/stm32f4xx_hal_i2c.o
                                       0x136b (size before relaxing)
 .debug_str     0x0000000000006153       0x77 build/list.o
                                        0x711 (size before relaxing)
 .debug_str     0x00000000000061ca      0x3c6 build/stm32f4xx_ll_usb.o
                                        0xfd5 (size before relaxing)
 .debug_str     0x0000000000006590      0x1b9 build/stm32f4xx_hal.o
                                        0xeba (size before relaxing)
 .debug_str     0x0000000000006749      0x49a build/stm32f4xx_hal_tim_ex.o
                                       0x10aa (size before relaxing)
 .debug_str     0x0000000000006be3      0x32e build/stm32f4xx_hal_cortex.o
                                       0x1033 (size before relaxing)
 .debug_str     0x0000000000006f11      0x1de build/heap_4.o
                                        0x7fa (size before relaxing)
 .debug_str     0x00000000000070ef      0x120 build/stm32f4xx_hal_gpio.o
                                        0x925 (size before relaxing)
 .debug_str     0x000000000000720f       0xa1 build/stm32f4xx_it.o
                                        0xabe (size before relaxing)

.comment        0x0000000000000000       0x7f
 .comment       0x0000000000000000       0x7f build/port.o
                                         0x80 (size before relaxing)
 .comment       0x000000000000007f       0x80 build/main.o
 .comment       0x000000000000007f       0x80 build/stm32f4xx_hal_tim.o
 .comment       0x000000000000007f       0x80 build/stm32f4xx_hal_msp.o
 .comment       0x000000000000007f       0x80 build/stm32f4xx_hal_sd.o
 .comment       0x000000000000007f       0x80 build/system_stm32f4xx.o
 .comment       0x000000000000007f       0x80 build/tasks.o
 .comment       0x000000000000007f       0x80 build/stm32f4xx_hal_can.o
 .comment       0x000000000000007f       0x80 build/stm32f4xx_hal_rcc.o
 .comment       0x000000000000007f       0x80 build/stm32f4xx_ll_sdmmc.o
 .comment       0x000000000000007f       0x80 build/cmsis_os.o
 .comment       0x000000000000007f       0x80 build/stm32f4xx_hal_pcd.o
 .comment       0x000000000000007f       0x80 build/stm32f4xx_hal_timebase_TIM.o
 .comment       0x000000000000007f       0x80 build/stm32f4xx_hal_i2c.o
 .comment       0x000000000000007f       0x80 build/list.o
 .comment       0x000000000000007f       0x80 build/stm32f4xx_ll_usb.o
 .comment       0x000000000000007f       0x80 build/stm32f4xx_hal.o
 .comment       0x000000000000007f       0x80 build/stm32f4xx_hal_tim_ex.o
 .comment       0x000000000000007f       0x80 build/stm32f4xx_hal_cortex.o
 .comment       0x000000000000007f       0x80 build/heap_4.o
 .comment       0x000000000000007f       0x80 build/stm32f4xx_hal_gpio.o
 .comment       0x000000000000007f       0x80 build/stm32f4xx_it.o

.debug_frame    0x0000000000000000     0x4530
 .debug_frame   0x0000000000000000      0x100 build/port.o
 .debug_frame   0x0000000000000100      0x1e8 build/main.o
 .debug_frame   0x00000000000002e8      0xb18 build/stm32f4xx_hal_tim.o
 .debug_frame   0x0000000000000e00      0x1a4 build/stm32f4xx_hal_msp.o
 .debug_frame   0x0000000000000fa4      0x54c build/stm32f4xx_hal_sd.o
 .debug_frame   0x00000000000014f0       0x30 build/system_stm32f4xx.o
 .debug_frame   0x0000000000001520      0x588 build/tasks.o
 .debug_frame   0x0000000000001aa8      0x24c build/stm32f4xx_hal_can.o
 .debug_frame   0x0000000000001cf4      0x158 build/stm32f4xx_hal_rcc.o
 .debug_frame   0x0000000000001e4c      0x4ec build/stm32f4xx_ll_sdmmc.o
 .debug_frame   0x0000000000002338      0x62c build/cmsis_os.o
 .debug_frame   0x0000000000002964      0x338 build/stm32f4xx_hal_pcd.o
 .debug_frame   0x0000000000002c9c       0x54 build/stm32f4xx_hal_timebase_TIM.o
 .debug_frame   0x0000000000002cf0      0x95c build/stm32f4xx_hal_i2c.o
 .debug_frame   0x000000000000364c       0x70 build/list.o
 .debug_frame   0x00000000000036bc      0x4fc build/stm32f4xx_ll_usb.o
 .debug_frame   0x0000000000003bb8      0x1a8 build/stm32f4xx_hal.o
 .debug_frame   0x0000000000003d60      0x3f0 build/stm32f4xx_hal_tim_ex.o
 .debug_frame   0x0000000000004150      0x16c build/stm32f4xx_hal_cortex.o
 .debug_frame   0x00000000000042bc       0xbc build/heap_4.o
 .debug_frame   0x0000000000004378       0xe4 build/stm32f4xx_hal_gpio.o
 .debug_frame   0x000000000000445c       0xa8 build/stm32f4xx_it.o
 .debug_frame   0x0000000000004504       0x2c /Users/augustmason/Documents/GitHub/riptide_firmware/STM32/gcc-arm-none-eabi-6-2017-q2-update/bin/../lib/gcc/arm-none-eabi/6.3.1/../../../../arm-none-eabi/lib/thumb/v7e-m/fpv4-sp/hard/libc_nano.a(lib_a-init.o)

Cross Reference Table

Symbol                                            File
ADC_IRQHandler                                    build/startup_stm32f405xx.o
AHBPrescTable                                     build/system_stm32f4xx.o
                                                  build/stm32f4xx_hal_rcc.o
APBPrescTable                                     build/system_stm32f4xx.o
                                                  build/stm32f4xx_hal_rcc.o
BusFault_Handler                                  build/stm32f4xx_it.o
CAN1_RX0_IRQHandler                               build/startup_stm32f405xx.o
CAN1_RX1_IRQHandler                               build/startup_stm32f405xx.o
CAN1_SCE_IRQHandler                               build/startup_stm32f405xx.o
CAN1_TX_IRQHandler                                build/startup_stm32f405xx.o
CAN2_RX0_IRQHandler                               build/startup_stm32f405xx.o
CAN2_RX1_IRQHandler                               build/startup_stm32f405xx.o
CAN2_SCE_IRQHandler                               build/startup_stm32f405xx.o
CAN2_TX_IRQHandler                                build/startup_stm32f405xx.o
DMA1_Stream0_IRQHandler                           build/startup_stm32f405xx.o
DMA1_Stream1_IRQHandler                           build/startup_stm32f405xx.o
DMA1_Stream2_IRQHandler                           build/startup_stm32f405xx.o
DMA1_Stream3_IRQHandler                           build/startup_stm32f405xx.o
DMA1_Stream4_IRQHandler                           build/startup_stm32f405xx.o
DMA1_Stream5_IRQHandler                           build/startup_stm32f405xx.o
DMA1_Stream6_IRQHandler                           build/startup_stm32f405xx.o
DMA1_Stream7_IRQHandler                           build/startup_stm32f405xx.o
DMA2_Stream0_IRQHandler                           build/startup_stm32f405xx.o
DMA2_Stream1_IRQHandler                           build/startup_stm32f405xx.o
DMA2_Stream2_IRQHandler                           build/startup_stm32f405xx.o
DMA2_Stream3_IRQHandler                           build/startup_stm32f405xx.o
DMA2_Stream4_IRQHandler                           build/startup_stm32f405xx.o
DMA2_Stream5_IRQHandler                           build/startup_stm32f405xx.o
DMA2_Stream6_IRQHandler                           build/startup_stm32f405xx.o
DMA2_Stream7_IRQHandler                           build/startup_stm32f405xx.o
DebugMon_Handler                                  build/stm32f4xx_it.o
Default_Handler                                   build/startup_stm32f405xx.o
EXTI0_IRQHandler                                  build/startup_stm32f405xx.o
EXTI15_10_IRQHandler                              build/startup_stm32f405xx.o
EXTI1_IRQHandler                                  build/startup_stm32f405xx.o
EXTI2_IRQHandler                                  build/startup_stm32f405xx.o
EXTI3_IRQHandler                                  build/startup_stm32f405xx.o
EXTI4_IRQHandler                                  build/startup_stm32f405xx.o
EXTI9_5_IRQHandler                                build/startup_stm32f405xx.o
FLASH_Erase_Sector                                build/stm32f4xx_hal_flash_ex.o
                                                  build/stm32f4xx_hal_flash.o
FLASH_FlushCaches                                 build/stm32f4xx_hal_flash_ex.o
                                                  build/stm32f4xx_hal_flash.o
FLASH_IRQHandler                                  build/startup_stm32f405xx.o
FLASH_WaitForLastOperation                        build/stm32f4xx_hal_flash.o
                                                  build/stm32f4xx_hal_flash_ex.o
FPU_IRQHandler                                    build/startup_stm32f405xx.o
FSMC_IRQHandler                                   build/startup_stm32f405xx.o
HAL_CAN_ConfigFilter                              build/stm32f4xx_hal_can.o
HAL_CAN_DeInit                                    build/stm32f4xx_hal_can.o
HAL_CAN_ErrorCallback                             build/stm32f4xx_hal_can.o
HAL_CAN_GetError                                  build/stm32f4xx_hal_can.o
HAL_CAN_GetState                                  build/stm32f4xx_hal_can.o
HAL_CAN_IRQHandler                                build/stm32f4xx_hal_can.o
HAL_CAN_Init                                      build/stm32f4xx_hal_can.o
                                                  build/main.o
HAL_CAN_MspDeInit                                 build/stm32f4xx_hal_msp.o
HAL_CAN_MspInit                                   build/stm32f4xx_hal_msp.o
HAL_CAN_Receive                                   build/stm32f4xx_hal_can.o
HAL_CAN_Receive_IT                                build/stm32f4xx_hal_can.o
HAL_CAN_RxCpltCallback                            build/stm32f4xx_hal_can.o
HAL_CAN_Sleep                                     build/stm32f4xx_hal_can.o
HAL_CAN_Transmit                                  build/stm32f4xx_hal_can.o
HAL_CAN_Transmit_IT                               build/stm32f4xx_hal_can.o
HAL_CAN_TxCpltCallback                            build/stm32f4xx_hal_can.o
HAL_CAN_WakeUp                                    build/stm32f4xx_hal_can.o
HAL_DBGMCU_DisableDBGSleepMode                    build/stm32f4xx_hal.o
HAL_DBGMCU_DisableDBGStandbyMode                  build/stm32f4xx_hal.o
HAL_DBGMCU_DisableDBGStopMode                     build/stm32f4xx_hal.o
HAL_DBGMCU_EnableDBGSleepMode                     build/stm32f4xx_hal.o
HAL_DBGMCU_EnableDBGStandbyMode                   build/stm32f4xx_hal.o
HAL_DBGMCU_EnableDBGStopMode                      build/stm32f4xx_hal.o
HAL_DMAEx_ChangeMemory                            build/stm32f4xx_hal_dma_ex.o
HAL_DMAEx_MultiBufferStart                        build/stm32f4xx_hal_dma_ex.o
HAL_DMAEx_MultiBufferStart_IT                     build/stm32f4xx_hal_dma_ex.o
HAL_DMA_Abort                                     build/stm32f4xx_hal_dma.o
                                                  build/stm32f4xx_hal_sd.o
                                                  build/stm32f4xx_hal_tim.o
HAL_DMA_Abort_IT                                  build/stm32f4xx_hal_dma.o
                                                  build/stm32f4xx_hal_i2c.o
                                                  build/stm32f4xx_hal_sd.o
HAL_DMA_DeInit                                    build/stm32f4xx_hal_dma.o
HAL_DMA_GetError                                  build/stm32f4xx_hal_dma.o
                                                  build/stm32f4xx_hal_i2c.o
HAL_DMA_GetState                                  build/stm32f4xx_hal_dma.o
HAL_DMA_IRQHandler                                build/stm32f4xx_hal_dma.o
HAL_DMA_Init                                      build/stm32f4xx_hal_dma.o
HAL_DMA_PollForTransfer                           build/stm32f4xx_hal_dma.o
HAL_DMA_RegisterCallback                          build/stm32f4xx_hal_dma.o
HAL_DMA_Start                                     build/stm32f4xx_hal_dma.o
HAL_DMA_Start_IT                                  build/stm32f4xx_hal_dma.o
                                                  build/stm32f4xx_hal_tim_ex.o
                                                  build/stm32f4xx_hal_i2c.o
                                                  build/stm32f4xx_hal_sd.o
                                                  build/stm32f4xx_hal_tim.o
HAL_DMA_UnRegisterCallback                        build/stm32f4xx_hal_dma.o
HAL_DeInit                                        build/stm32f4xx_hal.o
HAL_Delay                                         build/stm32f4xx_hal.o
                                                  build/stm32f4xx_ll_usb.o
                                                  build/stm32f4xx_hal_sd.o
HAL_DisableCompensationCell                       build/stm32f4xx_hal.o
HAL_EnableCompensationCell                        build/stm32f4xx_hal.o
HAL_FLASHEx_Erase                                 build/stm32f4xx_hal_flash_ex.o
HAL_FLASHEx_Erase_IT                              build/stm32f4xx_hal_flash_ex.o
HAL_FLASHEx_OBGetConfig                           build/stm32f4xx_hal_flash_ex.o
HAL_FLASHEx_OBProgram                             build/stm32f4xx_hal_flash_ex.o
HAL_FLASH_EndOfOperationCallback                  build/stm32f4xx_hal_flash.o
HAL_FLASH_GetError                                build/stm32f4xx_hal_flash.o
HAL_FLASH_IRQHandler                              build/stm32f4xx_hal_flash.o
HAL_FLASH_Lock                                    build/stm32f4xx_hal_flash.o
HAL_FLASH_OB_Launch                               build/stm32f4xx_hal_flash.o
HAL_FLASH_OB_Lock                                 build/stm32f4xx_hal_flash.o
HAL_FLASH_OB_Unlock                               build/stm32f4xx_hal_flash.o
HAL_FLASH_OperationErrorCallback                  build/stm32f4xx_hal_flash.o
HAL_FLASH_Program                                 build/stm32f4xx_hal_flash.o
HAL_FLASH_Program_IT                              build/stm32f4xx_hal_flash.o
HAL_FLASH_Unlock                                  build/stm32f4xx_hal_flash.o
HAL_GPIO_DeInit                                   build/stm32f4xx_hal_gpio.o
                                                  build/stm32f4xx_hal_msp.o
HAL_GPIO_EXTI_Callback                            build/stm32f4xx_hal_gpio.o
HAL_GPIO_EXTI_IRQHandler                          build/stm32f4xx_hal_gpio.o
HAL_GPIO_Init                                     build/stm32f4xx_hal_gpio.o
                                                  build/stm32f4xx_hal_rcc.o
                                                  build/stm32f4xx_hal_msp.o
                                                  build/main.o
HAL_GPIO_LockPin                                  build/stm32f4xx_hal_gpio.o
HAL_GPIO_ReadPin                                  build/stm32f4xx_hal_gpio.o
HAL_GPIO_TogglePin                                build/stm32f4xx_hal_gpio.o
HAL_GPIO_WritePin                                 build/stm32f4xx_hal_gpio.o
                                                  build/main.o
HAL_GetDEVID                                      build/stm32f4xx_hal.o
HAL_GetHalVersion                                 build/stm32f4xx_hal.o
HAL_GetREVID                                      build/stm32f4xx_hal.o
HAL_GetTick                                       build/stm32f4xx_hal.o
                                                  build/stm32f4xx_hal_pwr_ex.o
                                                  build/stm32f4xx_hal_rcc_ex.o
                                                  build/stm32f4xx_hal_i2c.o
                                                  build/stm32f4xx_hal_dma.o
                                                  build/stm32f4xx_hal_rcc.o
                                                  build/stm32f4xx_hal_can.o
                                                  build/stm32f4xx_hal_flash.o
                                                  build/stm32f4xx_hal_sd.o
HAL_GetUID                                        build/stm32f4xx_hal.o
HAL_I2C_AbortCpltCallback                         build/stm32f4xx_hal_i2c.o
HAL_I2C_AddrCallback                              build/stm32f4xx_hal_i2c.o
HAL_I2C_DeInit                                    build/stm32f4xx_hal_i2c.o
HAL_I2C_DisableListen_IT                          build/stm32f4xx_hal_i2c.o
HAL_I2C_ER_IRQHandler                             build/stm32f4xx_hal_i2c.o
HAL_I2C_EV_IRQHandler                             build/stm32f4xx_hal_i2c.o
HAL_I2C_EnableListen_IT                           build/stm32f4xx_hal_i2c.o
HAL_I2C_ErrorCallback                             build/stm32f4xx_hal_i2c.o
HAL_I2C_GetError                                  build/stm32f4xx_hal_i2c.o
HAL_I2C_GetMode                                   build/stm32f4xx_hal_i2c.o
HAL_I2C_GetState                                  build/stm32f4xx_hal_i2c.o
HAL_I2C_Init                                      build/stm32f4xx_hal_i2c.o
                                                  build/main.o
HAL_I2C_IsDeviceReady                             build/stm32f4xx_hal_i2c.o
HAL_I2C_ListenCpltCallback                        build/stm32f4xx_hal_i2c.o
HAL_I2C_MasterRxCpltCallback                      build/stm32f4xx_hal_i2c.o
HAL_I2C_MasterTxCpltCallback                      build/stm32f4xx_hal_i2c.o
HAL_I2C_Master_Abort_IT                           build/stm32f4xx_hal_i2c.o
HAL_I2C_Master_Receive                            build/stm32f4xx_hal_i2c.o
HAL_I2C_Master_Receive_DMA                        build/stm32f4xx_hal_i2c.o
HAL_I2C_Master_Receive_IT                         build/stm32f4xx_hal_i2c.o
HAL_I2C_Master_Sequential_Receive_IT              build/stm32f4xx_hal_i2c.o
HAL_I2C_Master_Sequential_Transmit_IT             build/stm32f4xx_hal_i2c.o
HAL_I2C_Master_Transmit                           build/stm32f4xx_hal_i2c.o
HAL_I2C_Master_Transmit_DMA                       build/stm32f4xx_hal_i2c.o
HAL_I2C_Master_Transmit_IT                        build/stm32f4xx_hal_i2c.o
HAL_I2C_MemRxCpltCallback                         build/stm32f4xx_hal_i2c.o
HAL_I2C_MemTxCpltCallback                         build/stm32f4xx_hal_i2c.o
HAL_I2C_Mem_Read                                  build/stm32f4xx_hal_i2c.o
HAL_I2C_Mem_Read_DMA                              build/stm32f4xx_hal_i2c.o
HAL_I2C_Mem_Read_IT                               build/stm32f4xx_hal_i2c.o
HAL_I2C_Mem_Write                                 build/stm32f4xx_hal_i2c.o
HAL_I2C_Mem_Write_DMA                             build/stm32f4xx_hal_i2c.o
HAL_I2C_Mem_Write_IT                              build/stm32f4xx_hal_i2c.o
HAL_I2C_MspDeInit                                 build/stm32f4xx_hal_msp.o
HAL_I2C_MspInit                                   build/stm32f4xx_hal_msp.o
HAL_I2C_SlaveRxCpltCallback                       build/stm32f4xx_hal_i2c.o
HAL_I2C_SlaveTxCpltCallback                       build/stm32f4xx_hal_i2c.o
HAL_I2C_Slave_Receive                             build/stm32f4xx_hal_i2c.o
HAL_I2C_Slave_Receive_DMA                         build/stm32f4xx_hal_i2c.o
HAL_I2C_Slave_Receive_IT                          build/stm32f4xx_hal_i2c.o
HAL_I2C_Slave_Sequential_Receive_IT               build/stm32f4xx_hal_i2c.o
HAL_I2C_Slave_Sequential_Transmit_IT              build/stm32f4xx_hal_i2c.o
HAL_I2C_Slave_Transmit                            build/stm32f4xx_hal_i2c.o
HAL_I2C_Slave_Transmit_DMA                        build/stm32f4xx_hal_i2c.o
HAL_I2C_Slave_Transmit_IT                         build/stm32f4xx_hal_i2c.o
HAL_IncTick                                       build/stm32f4xx_hal.o
                                                  build/main.o
HAL_Init                                          build/stm32f4xx_hal.o
                                                  build/main.o
HAL_InitTick                                      build/stm32f4xx_hal_timebase_TIM.o
                                                  build/stm32f4xx_hal_rcc.o
HAL_MPU_ConfigRegion                              build/stm32f4xx_hal_cortex.o
HAL_MPU_Disable                                   build/stm32f4xx_hal_cortex.o
HAL_MPU_Enable                                    build/stm32f4xx_hal_cortex.o
HAL_MspDeInit                                     build/stm32f4xx_hal.o
HAL_MspInit                                       build/stm32f4xx_hal_msp.o
HAL_NVIC_ClearPendingIRQ                          build/stm32f4xx_hal_cortex.o
HAL_NVIC_DisableIRQ                               build/stm32f4xx_hal_cortex.o
HAL_NVIC_EnableIRQ                                build/stm32f4xx_hal_cortex.o
                                                  build/stm32f4xx_hal_timebase_TIM.o
HAL_NVIC_GetActive                                build/stm32f4xx_hal_cortex.o
HAL_NVIC_GetPendingIRQ                            build/stm32f4xx_hal_cortex.o
HAL_NVIC_GetPriority                              build/stm32f4xx_hal_cortex.o
HAL_NVIC_GetPriorityGrouping                      build/stm32f4xx_hal_cortex.o
HAL_NVIC_SetPendingIRQ                            build/stm32f4xx_hal_cortex.o
HAL_NVIC_SetPriority                              build/stm32f4xx_hal_cortex.o
                                                  build/stm32f4xx_hal.o
                                                  build/stm32f4xx_hal_timebase_TIM.o
                                                  build/stm32f4xx_hal_msp.o
                                                  build/main.o
HAL_NVIC_SetPriorityGrouping                      build/stm32f4xx_hal_cortex.o
                                                  build/stm32f4xx_hal.o
                                                  build/stm32f4xx_hal_msp.o
HAL_NVIC_SystemReset                              build/stm32f4xx_hal_cortex.o
HAL_PCDEx_SetRxFiFo                               build/stm32f4xx_hal_pcd_ex.o
HAL_PCDEx_SetTxFiFo                               build/stm32f4xx_hal_pcd_ex.o
HAL_PCD_ActivateRemoteWakeup                      build/stm32f4xx_hal_pcd.o
HAL_PCD_ConnectCallback                           build/stm32f4xx_hal_pcd.o
HAL_PCD_DataInStageCallback                       build/stm32f4xx_hal_pcd.o
HAL_PCD_DataOutStageCallback                      build/stm32f4xx_hal_pcd.o
HAL_PCD_DeActivateRemoteWakeup                    build/stm32f4xx_hal_pcd.o
HAL_PCD_DeInit                                    build/stm32f4xx_hal_pcd.o
HAL_PCD_DevConnect                                build/stm32f4xx_hal_pcd.o
HAL_PCD_DevDisconnect                             build/stm32f4xx_hal_pcd.o
HAL_PCD_DisconnectCallback                        build/stm32f4xx_hal_pcd.o
HAL_PCD_EP_Close                                  build/stm32f4xx_hal_pcd.o
HAL_PCD_EP_ClrStall                               build/stm32f4xx_hal_pcd.o
HAL_PCD_EP_Flush                                  build/stm32f4xx_hal_pcd.o
HAL_PCD_EP_GetRxCount                             build/stm32f4xx_hal_pcd.o
HAL_PCD_EP_Open                                   build/stm32f4xx_hal_pcd.o
HAL_PCD_EP_Receive                                build/stm32f4xx_hal_pcd.o
HAL_PCD_EP_SetStall                               build/stm32f4xx_hal_pcd.o
HAL_PCD_EP_Transmit                               build/stm32f4xx_hal_pcd.o
HAL_PCD_GetState                                  build/stm32f4xx_hal_pcd.o
HAL_PCD_IRQHandler                                build/stm32f4xx_hal_pcd.o
HAL_PCD_ISOINIncompleteCallback                   build/stm32f4xx_hal_pcd.o
HAL_PCD_ISOOUTIncompleteCallback                  build/stm32f4xx_hal_pcd.o
HAL_PCD_Init                                      build/stm32f4xx_hal_pcd.o
                                                  build/main.o
HAL_PCD_MspDeInit                                 build/stm32f4xx_hal_msp.o
HAL_PCD_MspInit                                   build/stm32f4xx_hal_msp.o
HAL_PCD_ResetCallback                             build/stm32f4xx_hal_pcd.o
HAL_PCD_ResumeCallback                            build/stm32f4xx_hal_pcd.o
HAL_PCD_SOFCallback                               build/stm32f4xx_hal_pcd.o
HAL_PCD_SetAddress                                build/stm32f4xx_hal_pcd.o
HAL_PCD_SetupStageCallback                        build/stm32f4xx_hal_pcd.o
HAL_PCD_Start                                     build/stm32f4xx_hal_pcd.o
HAL_PCD_Stop                                      build/stm32f4xx_hal_pcd.o
HAL_PCD_SuspendCallback                           build/stm32f4xx_hal_pcd.o
HAL_PWREx_ControlVoltageScaling                   build/stm32f4xx_hal_pwr_ex.o
HAL_PWREx_DisableBkUpReg                          build/stm32f4xx_hal_pwr_ex.o
HAL_PWREx_DisableFlashPowerDown                   build/stm32f4xx_hal_pwr_ex.o
HAL_PWREx_EnableBkUpReg                           build/stm32f4xx_hal_pwr_ex.o
HAL_PWREx_EnableFlashPowerDown                    build/stm32f4xx_hal_pwr_ex.o
HAL_PWREx_GetVoltageRange                         build/stm32f4xx_hal_pwr_ex.o
HAL_PWR_ConfigPVD                                 build/stm32f4xx_hal_pwr.o
HAL_PWR_DeInit                                    build/stm32f4xx_hal_pwr.o
HAL_PWR_DisableBkUpAccess                         build/stm32f4xx_hal_pwr.o
HAL_PWR_DisablePVD                                build/stm32f4xx_hal_pwr.o
HAL_PWR_DisableSEVOnPend                          build/stm32f4xx_hal_pwr.o
HAL_PWR_DisableSleepOnExit                        build/stm32f4xx_hal_pwr.o
HAL_PWR_DisableWakeUpPin                          build/stm32f4xx_hal_pwr.o
HAL_PWR_EnableBkUpAccess                          build/stm32f4xx_hal_pwr.o
HAL_PWR_EnablePVD                                 build/stm32f4xx_hal_pwr.o
HAL_PWR_EnableSEVOnPend                           build/stm32f4xx_hal_pwr.o
HAL_PWR_EnableSleepOnExit                         build/stm32f4xx_hal_pwr.o
HAL_PWR_EnableWakeUpPin                           build/stm32f4xx_hal_pwr.o
HAL_PWR_EnterSLEEPMode                            build/stm32f4xx_hal_pwr.o
HAL_PWR_EnterSTANDBYMode                          build/stm32f4xx_hal_pwr.o
HAL_PWR_EnterSTOPMode                             build/stm32f4xx_hal_pwr.o
HAL_PWR_PVDCallback                               build/stm32f4xx_hal_pwr.o
HAL_PWR_PVD_IRQHandler                            build/stm32f4xx_hal_pwr.o
HAL_RCCEx_GetPeriphCLKConfig                      build/stm32f4xx_hal_rcc_ex.o
HAL_RCCEx_GetPeriphCLKFreq                        build/stm32f4xx_hal_rcc_ex.o
HAL_RCCEx_PeriphCLKConfig                         build/stm32f4xx_hal_rcc_ex.o
HAL_RCC_CSSCallback                               build/stm32f4xx_hal_rcc.o
HAL_RCC_ClockConfig                               build/stm32f4xx_hal_rcc.o
                                                  build/main.o
HAL_RCC_DeInit                                    build/stm32f4xx_hal_rcc_ex.o
                                                  build/stm32f4xx_hal_rcc.o
HAL_RCC_DisableCSS                                build/stm32f4xx_hal_rcc.o
HAL_RCC_EnableCSS                                 build/stm32f4xx_hal_rcc.o
HAL_RCC_GetClockConfig                            build/stm32f4xx_hal_rcc.o
                                                  build/stm32f4xx_hal_timebase_TIM.o
HAL_RCC_GetHCLKFreq                               build/stm32f4xx_hal_rcc.o
                                                  build/stm32f4xx_hal_pcd.o
                                                  build/main.o
HAL_RCC_GetOscConfig                              build/stm32f4xx_hal_rcc.o
HAL_RCC_GetPCLK1Freq                              build/stm32f4xx_hal_rcc.o
                                                  build/stm32f4xx_hal_i2c.o
HAL_RCC_GetPCLK2Freq                              build/stm32f4xx_hal_rcc.o
                                                  build/stm32f4xx_hal_timebase_TIM.o
HAL_RCC_GetSysClockFreq                           build/stm32f4xx_hal_rcc.o
HAL_RCC_MCOConfig                                 build/stm32f4xx_hal_rcc.o
HAL_RCC_NMI_IRQHandler                            build/stm32f4xx_hal_rcc.o
HAL_RCC_OscConfig                                 build/stm32f4xx_hal_rcc.o
                                                  build/main.o
HAL_ResumeTick                                    build/stm32f4xx_hal_timebase_TIM.o
HAL_SD_Abort                                      build/stm32f4xx_hal_sd.o
HAL_SD_AbortCallback                              build/stm32f4xx_hal_sd.o
HAL_SD_Abort_IT                                   build/stm32f4xx_hal_sd.o
HAL_SD_ConfigWideBusOperation                     build/stm32f4xx_hal_sd.o
HAL_SD_DeInit                                     build/stm32f4xx_hal_sd.o
HAL_SD_Erase                                      build/stm32f4xx_hal_sd.o
HAL_SD_ErrorCallback                              build/stm32f4xx_hal_sd.o
HAL_SD_GetCardCID                                 build/stm32f4xx_hal_sd.o
HAL_SD_GetCardCSD                                 build/stm32f4xx_hal_sd.o
HAL_SD_GetCardInfo                                build/stm32f4xx_hal_sd.o
HAL_SD_GetCardState                               build/stm32f4xx_hal_sd.o
HAL_SD_GetCardStatus                              build/stm32f4xx_hal_sd.o
HAL_SD_GetError                                   build/stm32f4xx_hal_sd.o
HAL_SD_GetState                                   build/stm32f4xx_hal_sd.o
HAL_SD_IRQHandler                                 build/stm32f4xx_hal_sd.o
HAL_SD_Init                                       build/stm32f4xx_hal_sd.o
                                                  build/main.o
HAL_SD_InitCard                                   build/stm32f4xx_hal_sd.o
HAL_SD_MspDeInit                                  build/stm32f4xx_hal_msp.o
HAL_SD_MspInit                                    build/stm32f4xx_hal_msp.o
HAL_SD_ReadBlocks                                 build/stm32f4xx_hal_sd.o
HAL_SD_ReadBlocks_DMA                             build/stm32f4xx_hal_sd.o
HAL_SD_ReadBlocks_IT                              build/stm32f4xx_hal_sd.o
HAL_SD_RxCpltCallback                             build/stm32f4xx_hal_sd.o
HAL_SD_TxCpltCallback                             build/stm32f4xx_hal_sd.o
HAL_SD_WriteBlocks                                build/stm32f4xx_hal_sd.o
HAL_SD_WriteBlocks_DMA                            build/stm32f4xx_hal_sd.o
HAL_SD_WriteBlocks_IT                             build/stm32f4xx_hal_sd.o
HAL_SYSTICK_CLKSourceConfig                       build/stm32f4xx_hal_cortex.o
                                                  build/main.o
HAL_SYSTICK_Callback                              build/stm32f4xx_hal_cortex.o
HAL_SYSTICK_Config                                build/stm32f4xx_hal_cortex.o
                                                  build/stm32f4xx_hal.o
                                                  build/main.o
HAL_SYSTICK_IRQHandler                            build/stm32f4xx_hal_cortex.o
HAL_SuspendTick                                   build/stm32f4xx_hal_timebase_TIM.o
HAL_TIMEx_BreakCallback                           build/stm32f4xx_hal_tim_ex.o
                                                  build/stm32f4xx_hal_tim.o
HAL_TIMEx_CommutationCallback                     build/stm32f4xx_hal_tim_ex.o
                                                  build/stm32f4xx_hal_tim.o
HAL_TIMEx_ConfigBreakDeadTime                     build/stm32f4xx_hal_tim_ex.o
HAL_TIMEx_ConfigCommutationEvent                  build/stm32f4xx_hal_tim_ex.o
HAL_TIMEx_ConfigCommutationEvent_DMA              build/stm32f4xx_hal_tim_ex.o
HAL_TIMEx_ConfigCommutationEvent_IT               build/stm32f4xx_hal_tim_ex.o
HAL_TIMEx_HallSensor_DeInit                       build/stm32f4xx_hal_tim_ex.o
HAL_TIMEx_HallSensor_GetState                     build/stm32f4xx_hal_tim_ex.o
HAL_TIMEx_HallSensor_Init                         build/stm32f4xx_hal_tim_ex.o
HAL_TIMEx_HallSensor_MspDeInit                    build/stm32f4xx_hal_tim_ex.o
HAL_TIMEx_HallSensor_MspInit                      build/stm32f4xx_hal_tim_ex.o
HAL_TIMEx_HallSensor_Start                        build/stm32f4xx_hal_tim_ex.o
HAL_TIMEx_HallSensor_Start_DMA                    build/stm32f4xx_hal_tim_ex.o
HAL_TIMEx_HallSensor_Start_IT                     build/stm32f4xx_hal_tim_ex.o
HAL_TIMEx_HallSensor_Stop                         build/stm32f4xx_hal_tim_ex.o
HAL_TIMEx_HallSensor_Stop_DMA                     build/stm32f4xx_hal_tim_ex.o
HAL_TIMEx_HallSensor_Stop_IT                      build/stm32f4xx_hal_tim_ex.o
HAL_TIMEx_MasterConfigSynchronization             build/stm32f4xx_hal_tim_ex.o
                                                  build/main.o
HAL_TIMEx_OCN_Start                               build/stm32f4xx_hal_tim_ex.o
HAL_TIMEx_OCN_Start_DMA                           build/stm32f4xx_hal_tim_ex.o
HAL_TIMEx_OCN_Start_IT                            build/stm32f4xx_hal_tim_ex.o
HAL_TIMEx_OCN_Stop                                build/stm32f4xx_hal_tim_ex.o
HAL_TIMEx_OCN_Stop_DMA                            build/stm32f4xx_hal_tim_ex.o
HAL_TIMEx_OCN_Stop_IT                             build/stm32f4xx_hal_tim_ex.o
HAL_TIMEx_OnePulseN_Start                         build/stm32f4xx_hal_tim_ex.o
HAL_TIMEx_OnePulseN_Start_IT                      build/stm32f4xx_hal_tim_ex.o
HAL_TIMEx_OnePulseN_Stop                          build/stm32f4xx_hal_tim_ex.o
HAL_TIMEx_OnePulseN_Stop_IT                       build/stm32f4xx_hal_tim_ex.o
HAL_TIMEx_PWMN_Start                              build/stm32f4xx_hal_tim_ex.o
HAL_TIMEx_PWMN_Start_DMA                          build/stm32f4xx_hal_tim_ex.o
HAL_TIMEx_PWMN_Start_IT                           build/stm32f4xx_hal_tim_ex.o
HAL_TIMEx_PWMN_Stop                               build/stm32f4xx_hal_tim_ex.o
HAL_TIMEx_PWMN_Stop_DMA                           build/stm32f4xx_hal_tim_ex.o
HAL_TIMEx_PWMN_Stop_IT                            build/stm32f4xx_hal_tim_ex.o
HAL_TIMEx_RemapConfig                             build/stm32f4xx_hal_tim_ex.o
HAL_TIM_Base_DeInit                               build/stm32f4xx_hal_tim.o
HAL_TIM_Base_GetState                             build/stm32f4xx_hal_tim.o
HAL_TIM_Base_Init                                 build/stm32f4xx_hal_tim.o
                                                  build/stm32f4xx_hal_timebase_TIM.o
                                                  build/main.o
HAL_TIM_Base_MspDeInit                            build/stm32f4xx_hal_msp.o
                                                  build/stm32f4xx_hal_tim.o
HAL_TIM_Base_MspInit                              build/stm32f4xx_hal_msp.o
                                                  build/stm32f4xx_hal_tim.o
HAL_TIM_Base_Start                                build/stm32f4xx_hal_tim.o
HAL_TIM_Base_Start_DMA                            build/stm32f4xx_hal_tim.o
HAL_TIM_Base_Start_IT                             build/stm32f4xx_hal_tim.o
                                                  build/stm32f4xx_hal_timebase_TIM.o
HAL_TIM_Base_Stop                                 build/stm32f4xx_hal_tim.o
HAL_TIM_Base_Stop_DMA                             build/stm32f4xx_hal_tim.o
HAL_TIM_Base_Stop_IT                              build/stm32f4xx_hal_tim.o
HAL_TIM_ConfigClockSource                         build/stm32f4xx_hal_tim.o
HAL_TIM_ConfigOCrefClear                          build/stm32f4xx_hal_tim.o
HAL_TIM_ConfigTI1Input                            build/stm32f4xx_hal_tim.o
HAL_TIM_DMABurst_ReadStart                        build/stm32f4xx_hal_tim.o
HAL_TIM_DMABurst_ReadStop                         build/stm32f4xx_hal_tim.o
HAL_TIM_DMABurst_WriteStart                       build/stm32f4xx_hal_tim.o
HAL_TIM_DMABurst_WriteStop                        build/stm32f4xx_hal_tim.o
HAL_TIM_Encoder_DeInit                            build/stm32f4xx_hal_tim.o
HAL_TIM_Encoder_GetState                          build/stm32f4xx_hal_tim.o
HAL_TIM_Encoder_Init                              build/stm32f4xx_hal_tim.o
HAL_TIM_Encoder_MspDeInit                         build/stm32f4xx_hal_tim.o
HAL_TIM_Encoder_MspInit                           build/stm32f4xx_hal_tim.o
HAL_TIM_Encoder_Start                             build/stm32f4xx_hal_tim.o
HAL_TIM_Encoder_Start_DMA                         build/stm32f4xx_hal_tim.o
HAL_TIM_Encoder_Start_IT                          build/stm32f4xx_hal_tim.o
HAL_TIM_Encoder_Stop                              build/stm32f4xx_hal_tim.o
HAL_TIM_Encoder_Stop_DMA                          build/stm32f4xx_hal_tim.o
HAL_TIM_Encoder_Stop_IT                           build/stm32f4xx_hal_tim.o
HAL_TIM_ErrorCallback                             build/stm32f4xx_hal_tim.o
HAL_TIM_GenerateEvent                             build/stm32f4xx_hal_tim.o
HAL_TIM_IC_CaptureCallback                        build/stm32f4xx_hal_tim.o
HAL_TIM_IC_ConfigChannel                          build/stm32f4xx_hal_tim.o
HAL_TIM_IC_DeInit                                 build/stm32f4xx_hal_tim.o
HAL_TIM_IC_GetState                               build/stm32f4xx_hal_tim.o
HAL_TIM_IC_Init                                   build/stm32f4xx_hal_tim.o