Archive member included to satisfy reference by file (symbol)

/Users/augustmason/Documents/GitHub/riptide_firmware/STM32/gcc-arm-none-eabi-6-2017-q2-update/bin/../lib/gcc/arm-none-eabi/6.3.1/../../../../arm-none-eabi/lib/thumb/v7e-m/fpv4-sp/hard/libc_nano.a(lib_a-exit.o)
                              /Users/augustmason/Documents/GitHub/riptide_firmware/STM32/gcc-arm-none-eabi-6-2017-q2-update/bin/../lib/gcc/arm-none-eabi/6.3.1/../../../../arm-none-eabi/lib/thumb/v7e-m/fpv4-sp/hard/crt0.o (exit)
/Users/augustmason/Documents/GitHub/riptide_firmware/STM32/gcc-arm-none-eabi-6-2017-q2-update/bin/../lib/gcc/arm-none-eabi/6.3.1/../../../../arm-none-eabi/lib/thumb/v7e-m/fpv4-sp/hard/libc_nano.a(lib_a-impure.o)
                              /Users/augustmason/Documents/GitHub/riptide_firmware/STM32/gcc-arm-none-eabi-6-2017-q2-update/bin/../lib/gcc/arm-none-eabi/6.3.1/../../../../arm-none-eabi/lib/thumb/v7e-m/fpv4-sp/hard/libc_nano.a(lib_a-exit.o) (_global_impure_ptr)
/Users/augustmason/Documents/GitHub/riptide_firmware/STM32/gcc-arm-none-eabi-6-2017-q2-update/bin/../lib/gcc/arm-none-eabi/6.3.1/../../../../arm-none-eabi/lib/thumb/v7e-m/fpv4-sp/hard/libc_nano.a(lib_a-init.o)
                              /Users/augustmason/Documents/GitHub/riptide_firmware/STM32/gcc-arm-none-eabi-6-2017-q2-update/bin/../lib/gcc/arm-none-eabi/6.3.1/../../../../arm-none-eabi/lib/thumb/v7e-m/fpv4-sp/hard/crt0.o (__libc_init_array)
/Users/augustmason/Documents/GitHub/riptide_firmware/STM32/gcc-arm-none-eabi-6-2017-q2-update/bin/../lib/gcc/arm-none-eabi/6.3.1/../../../../arm-none-eabi/lib/thumb/v7e-m/fpv4-sp/hard/libc_nano.a(lib_a-memcpy-stub.o)
                              build/queue.o (memcpy)
/Users/augustmason/Documents/GitHub/riptide_firmware/STM32/gcc-arm-none-eabi-6-2017-q2-update/bin/../lib/gcc/arm-none-eabi/6.3.1/../../../../arm-none-eabi/lib/thumb/v7e-m/fpv4-sp/hard/libc_nano.a(lib_a-memset.o)
                              /Users/augustmason/Documents/GitHub/riptide_firmware/STM32/gcc-arm-none-eabi-6-2017-q2-update/bin/../lib/gcc/arm-none-eabi/6.3.1/../../../../arm-none-eabi/lib/thumb/v7e-m/fpv4-sp/hard/crt0.o (memset)
/Users/augustmason/Documents/GitHub/riptide_firmware/STM32/gcc-arm-none-eabi-6-2017-q2-update/bin/../lib/gcc/arm-none-eabi/6.3.1/../../../../arm-none-eabi/lib/thumb/v7e-m/fpv4-sp/hard/libc_nano.a(lib_a-printf.o)
                              build/main.o (printf)
/Users/augustmason/Documents/GitHub/riptide_firmware/STM32/gcc-arm-none-eabi-6-2017-q2-update/bin/../lib/gcc/arm-none-eabi/6.3.1/../../../../arm-none-eabi/lib/thumb/v7e-m/fpv4-sp/hard/libc_nano.a(lib_a-findfp.o)
                              /Users/augustmason/Documents/GitHub/riptide_firmware/STM32/gcc-arm-none-eabi-6-2017-q2-update/bin/../lib/gcc/arm-none-eabi/6.3.1/../../../../arm-none-eabi/lib/thumb/v7e-m/fpv4-sp/hard/libc_nano.a(lib_a-printf.o) (__sinit)
/Users/augustmason/Documents/GitHub/riptide_firmware/STM32/gcc-arm-none-eabi-6-2017-q2-update/bin/../lib/gcc/arm-none-eabi/6.3.1/../../../../arm-none-eabi/lib/thumb/v7e-m/fpv4-sp/hard/libc_nano.a(lib_a-fwalk.o)
                              /Users/augustmason/Documents/GitHub/riptide_firmware/STM32/gcc-arm-none-eabi-6-2017-q2-update/bin/../lib/gcc/arm-none-eabi/6.3.1/../../../../arm-none-eabi/lib/thumb/v7e-m/fpv4-sp/hard/libc_nano.a(lib_a-findfp.o) (_fwalk)
/Users/augustmason/Documents/GitHub/riptide_firmware/STM32/gcc-arm-none-eabi-6-2017-q2-update/bin/../lib/gcc/arm-none-eabi/6.3.1/../../../../arm-none-eabi/lib/thumb/v7e-m/fpv4-sp/hard/libc_nano.a(lib_a-nano-mallocr.o)
                              /Users/augustmason/Documents/GitHub/riptide_firmware/STM32/gcc-arm-none-eabi-6-2017-q2-update/bin/../lib/gcc/arm-none-eabi/6.3.1/../../../../arm-none-eabi/lib/thumb/v7e-m/fpv4-sp/hard/libc_nano.a(lib_a-findfp.o) (_malloc_r)
/Users/augustmason/Documents/GitHub/riptide_firmware/STM32/gcc-arm-none-eabi-6-2017-q2-update/bin/../lib/gcc/arm-none-eabi/6.3.1/../../../../arm-none-eabi/lib/thumb/v7e-m/fpv4-sp/hard/libc_nano.a(lib_a-nano-vfprintf.o)
                              /Users/augustmason/Documents/GitHub/riptide_firmware/STM32/gcc-arm-none-eabi-6-2017-q2-update/bin/../lib/gcc/arm-none-eabi/6.3.1/../../../../arm-none-eabi/lib/thumb/v7e-m/fpv4-sp/hard/libc_nano.a(lib_a-printf.o) (_vfprintf_r)
/Users/augustmason/Documents/GitHub/riptide_firmware/STM32/gcc-arm-none-eabi-6-2017-q2-update/bin/../lib/gcc/arm-none-eabi/6.3.1/../../../../arm-none-eabi/lib/thumb/v7e-m/fpv4-sp/hard/libc_nano.a(lib_a-nano-vfprintf_i.o)
                              /Users/augustmason/Documents/GitHub/riptide_firmware/STM32/gcc-arm-none-eabi-6-2017-q2-update/bin/../lib/gcc/arm-none-eabi/6.3.1/../../../../arm-none-eabi/lib/thumb/v7e-m/fpv4-sp/hard/libc_nano.a(lib_a-nano-vfprintf.o) (_printf_i)
/Users/augustmason/Documents/GitHub/riptide_firmware/STM32/gcc-arm-none-eabi-6-2017-q2-update/bin/../lib/gcc/arm-none-eabi/6.3.1/../../../../arm-none-eabi/lib/thumb/v7e-m/fpv4-sp/hard/libc_nano.a(lib_a-sbrkr.o)
[...]
Memory Configuration

Name             Origin             Length             Attributes
RAM              0x0000000020000000 0x0000000000020000 xrw
CCMRAM           0x0000000010000000 0x0000000000010000 rw
FLASH            0x0000000008000000 0x0000000000100000 xr
*default*        0x0000000000000000 0xffffffffffffffff

Linker script and memory map

LOAD /Users/augustmason/Documents/GitHub/riptide_firmware/STM32/gcc-arm-none-eabi-6-2017-q2-update/bin/../lib/gcc/arm-none-eabi/6.3.1/thumb/v7e-m/fpv4-sp/hard/crti.o
LOAD /Users/augustmason/Documents/GitHub/riptide_firmware/STM32/gcc-arm-none-eabi-6-2017-q2-update/bin/../lib/gcc/arm-none-eabi/6.3.1/thumb/v7e-m/fpv4-sp/hard/crtbegin.o
LOAD /Users/augustmason/Documents/GitHub/riptide_firmware/STM32/gcc-arm-none-eabi-6-2017-q2-update/bin/../lib/gcc/arm-none-eabi/6.3.1/../../../../arm-none-eabi/lib/thumb/v7e-m/fpv4-sp/hard/crt0.o
LOAD build/tasks.o
LOAD build/freertos.o
LOAD build/stm32f4xx_hal_dma.o
LOAD build/stm32f4xx_hal_tim.o
LOAD build/timers.o
LOAD build/queue.o
LOAD build/stm32f4xx_hal_flash_ex.o
LOAD build/stm32f4xx_hal_rcc.o
LOAD build/stm32f4xx_hal_msp.o
LOAD build/stm32f4xx_hal_tim_ex.o
LOAD build/stm32f4xx_hal_dma_ex.o
LOAD build/stm32f4xx_hal_gpio.o
LOAD build/main.o
LOAD build/cmsis_os.o
LOAD build/heap_4.o
LOAD build/list.o
LOAD build/stm32f4xx_hal_rcc_ex.o
LOAD build/port.o
LOAD build/stm32f4xx_hal_flash.o
LOAD build/stm32f4xx_hal_timebase_TIM.o
LOAD build/stm32f4xx_hal_pwr.o
LOAD build/event_groups.o
LOAD build/croutine.o
LOAD build/stm32f4xx_hal_flash_ramfunc.o
LOAD build/stm32f4xx_hal_pwr_ex.o
LOAD build/stm32f4xx_hal.o
LOAD build/stm32f4xx_hal_cortex.o
LOAD build/system_stm32f4xx.o
LOAD build/stm32f4xx_it.o
LOAD build/startup_stm32f405xx.o
LOAD /Users/augustmason/Documents/GitHub/riptide_firmware/STM32/gcc-arm-none-eabi-6-2017-q2-update/bin/../lib/gcc/arm-none-eabi/6.3.1/../../../../arm-none-eabi/lib/thumb/v7e-m/fpv4-sp/hard/libc_nano.a
LOAD /Users/augustmason/Documents/GitHub/riptide_firmware/STM32/gcc-arm-none-eabi-6-2017-q2-update/bin/../lib/gcc/arm-none-eabi/6.3.1/../../../../arm-none-eabi/lib/thumb/v7e-m/fpv4-sp/hard/libm.a
LOAD /Users/augustmason/Documents/GitHub/riptide_firmware/STM32/gcc-arm-none-eabi-6-2017-q2-update/bin/../lib/gcc/arm-none-eabi/6.3.1/../../../../arm-none-eabi/lib/thumb/v7e-m/fpv4-sp/hard/libnosys.a
START GROUP
LOAD /Users/augustmason/Documents/GitHub/riptide_firmware/STM32/gcc-arm-none-eabi-6-2017-q2-update/bin/../lib/gcc/arm-none-eabi/6.3.1/thumb/v7e-m/fpv4-sp/hard/libgcc.a
LOAD /Users/augustmason/Documents/GitHub/riptide_firmware/STM32/gcc-arm-none-eabi-6-2017-q2-update/bin/../lib/gcc/arm-none-eabi/6.3.1/../../../../arm-none-eabi/lib/thumb/v7e-m/fpv4-sp/hard/libc_nano.a
END GROUP
START GROUP
LOAD /Users/augustmason/Documents/GitHub/riptide_firmware/STM32/gcc-arm-none-eabi-6-2017-q2-update/bin/../lib/gcc/arm-none-eabi/6.3.1/thumb/v7e-m/fpv4-sp/hard/libgcc.a
LOAD /Users/augustmason/Documents/GitHub/riptide_firmware/STM32/gcc-arm-none-eabi-6-2017-q2-update/bin/../lib/gcc/arm-none-eabi/6.3.1/../../../../arm-none-eabi/lib/thumb/v7e-m/fpv4-sp/hard/libc_nano.a
END GROUP
LOAD /Users/augustmason/Documents/GitHub/riptide_firmware/STM32/gcc-arm-none-eabi-6-2017-q2-update/bin/../lib/gcc/arm-none-eabi/6.3.1/thumb/v7e-m/fpv4-sp/hard/crtend.o
LOAD /Users/augustmason/Documents/GitHub/riptide_firmware/STM32/gcc-arm-none-eabi-6-2017-q2-update/bin/../lib/gcc/arm-none-eabi/6.3.1/thumb/v7e-m/fpv4-sp/hard/crtn.o
                0x0000000020020000                _estack = 0x20020000
                0x0000000000000200                _Min_Heap_Size = 0x200
                0x0000000000000400                _Min_Stack_Size = 0x400

.isr_vector     0x0000000008000000      0x188
                0x0000000008000000                . = ALIGN (0x4)
 *(.isr_vector)
 .isr_vector    0x0000000008000000      0x188 build/startup_stm32f405xx.o
                0x0000000008000000                g_pfnVectors
                0x0000000008000188                . = ALIGN (0x4)

.text           0x0000000008000190     0x2bb0
                0x0000000008000190                . = ALIGN (0x4)
 *(.text)
 .text          0x0000000008000190       0x6c /Users/augustmason/Documents/GitHub/riptide_firmware/STM32/gcc-arm-none-eabi-6-2017-q2-update/bin/../lib/gcc/arm-none-eabi/6.3.1/thumb/v7e-m/fpv4-sp/hard/crtbegin.o
 *fill*         0x00000000080001fc        0x4 
 .text          0x0000000008000200       0xa0 /Users/augustmason/Documents/GitHub/riptide_firmware/STM32/gcc-arm-none-eabi-6-2017-q2-update/bin/../lib/gcc/arm-none-eabi/6.3.1/../../../../arm-none-eabi/lib/thumb/v7e-m/fpv4-sp/hard/libc_nano.a(lib_a-memchr.o)
                0x0000000008000200                memchr
 *(.text*)
 .text.prvResetNextTaskUnblockTime
                0x00000000080002a0       0x34 build/tasks.o
 .text.prvDeleteTCB
                0x00000000080002d4       0x12 build/tasks.o
 .text.prvInitialiseNewTask
                0x00000000080002e6       0x80 build/tasks.o
 *fill*         0x0000000008000366        0x2 
 .text.prvInitialiseTaskLists
                0x0000000008000368       0x68 build/tasks.o
 .text.prvAddNewTaskToReadyList
                0x00000000080003d0       0xa8 build/tasks.o
 .text.xTaskCreate
                0x0000000008000478       0x62 build/tasks.o
                0x0000000008000478                xTaskCreate
 *fill*         0x00000000080004da        0x2 
 .text.vTaskStartScheduler
                0x00000000080004dc       0x7c build/tasks.o
                0x00000000080004dc                vTaskStartScheduler
 .text.vTaskSuspendAll
                0x0000000008000558       0x10 build/tasks.o
                0x0000000008000558                vTaskSuspendAll
 .text.xTaskIncrementTick
                0x0000000008000568      0x120 build/tasks.o
                0x0000000008000568                xTaskIncrementTick
 .text.xTaskResumeAll
                0x0000000008000688       0xfc build/tasks.o
                0x0000000008000688                xTaskResumeAll
 .text.prvCheckTasksWaitingTermination
                0x0000000008000784       0x5c build/tasks.o
 .text.prvIdleTask
                0x00000000080007e0       0x28 build/tasks.o
 .text.vTaskSwitchContext
                0x0000000008000808       0x9c build/tasks.o
                0x0000000008000808                vTaskSwitchContext
 .text.xTaskGetSchedulerState
                0x00000000080008a4       0x20 build/tasks.o
                0x00000000080008a4                xTaskGetSchedulerState
 .text.HAL_TIM_Base_MspInit
                0x00000000080008c4        0x2 build/stm32f4xx_hal_tim.o
                0x00000000080008c4                HAL_TIM_Base_MspInit
 .text.HAL_TIM_Base_Start_IT
                0x00000000080008c6       0x18 build/stm32f4xx_hal_tim.o
                0x00000000080008c6                HAL_TIM_Base_Start_IT
 .text.HAL_TIM_OC_DelayElapsedCallback
                0x00000000080008de        0x2 build/stm32f4xx_hal_tim.o
                0x00000000080008de                HAL_TIM_OC_DelayElapsedCallback
 .text.HAL_TIM_IC_CaptureCallback
                0x00000000080008e0        0x2 build/stm32f4xx_hal_tim.o
                0x00000000080008e0                HAL_TIM_IC_CaptureCallback
 .text.HAL_TIM_PWM_PulseFinishedCallback
                0x00000000080008e2        0x2 build/stm32f4xx_hal_tim.o
                0x00000000080008e2                HAL_TIM_PWM_PulseFinishedCallback
 .text.HAL_TIM_TriggerCallback
                0x00000000080008e4        0x2 build/stm32f4xx_hal_tim.o
                0x00000000080008e4                HAL_TIM_TriggerCallback
 .text.HAL_TIM_IRQHandler
                0x00000000080008e6      0x17a build/stm32f4xx_hal_tim.o
                0x00000000080008e6                HAL_TIM_IRQHandler
 .text.TIM_Base_SetConfig
                0x0000000008000a60      0x11c build/stm32f4xx_hal_tim.o
                0x0000000008000a60                TIM_Base_SetConfig
 .text.HAL_TIM_Base_Init
                0x0000000008000b7c       0x32 build/stm32f4xx_hal_tim.o
                0x0000000008000b7c                HAL_TIM_Base_Init
 *fill*         0x0000000008000bae        0x2 
 .text.HAL_RCC_OscConfig
                0x0000000008000bb0      0x3b0 build/stm32f4xx_hal_rcc.o
                0x0000000008000bb0                HAL_RCC_OscConfig
 .text.HAL_RCC_GetSysClockFreq
                0x0000000008000f60       0x94 build/stm32f4xx_hal_rcc.o
                0x0000000008000f60                HAL_RCC_GetSysClockFreq
 .text.HAL_RCC_ClockConfig
                0x0000000008000ff4      0x19c build/stm32f4xx_hal_rcc.o
                0x0000000008000ff4                HAL_RCC_ClockConfig
 .text.HAL_RCC_GetHCLKFreq
                0x0000000008001190        0xc build/stm32f4xx_hal_rcc.o
                0x0000000008001190                HAL_RCC_GetHCLKFreq
 .text.HAL_RCC_GetPCLK2Freq
                0x000000000800119c       0x2c build/stm32f4xx_hal_rcc.o
                0x000000000800119c                HAL_RCC_GetPCLK2Freq
 .text.HAL_RCC_GetClockConfig
                0x00000000080011c8       0x3c build/stm32f4xx_hal_rcc.o
                0x00000000080011c8                HAL_RCC_GetClockConfig
 .text.HAL_MspInit
                0x0000000008001204       0x5e build/stm32f4xx_hal_msp.o
                0x0000000008001204                HAL_MspInit
 .text.HAL_TIMEx_CommutationCallback
                0x0000000008001262        0x2 build/stm32f4xx_hal_tim_ex.o
                0x0000000008001262                HAL_TIMEx_CommutationCallback
 .text.HAL_TIMEx_BreakCallback
                0x0000000008001264        0x2 build/stm32f4xx_hal_tim_ex.o
                0x0000000008001264                HAL_TIMEx_BreakCallback
 *fill*         0x0000000008001266        0x2 
 .text.HAL_GPIO_Init
                0x0000000008001268      0x1cc build/stm32f4xx_hal_gpio.o
                0x0000000008001268                HAL_GPIO_Init
 .text.HAL_GPIO_WritePin
                0x0000000008001434        0xc build/stm32f4xx_hal_gpio.o
                0x0000000008001434                HAL_GPIO_WritePin
 .text.HAL_GPIO_TogglePin
                0x0000000008001440        0x8 build/stm32f4xx_hal_gpio.o
                0x0000000008001440                HAL_GPIO_TogglePin
 .text.MX_GPIO_Init
                0x0000000008001448       0x84 build/main.o
 .text.StartDefaultTask
                0x00000000080014cc       0x38 build/main.o
                0x00000000080014cc                StartDefaultTask
 .text.HAL_TIM_PeriodElapsedCallback
                0x0000000008001504       0x18 build/main.o
                0x0000000008001504                HAL_TIM_PeriodElapsedCallback
 .text._Error_Handler
                0x000000000800151c        0x2 build/main.o
                0x000000000800151c                _Error_Handler
 *fill*         0x000000000800151e        0x2 
 .text.SystemClock_Config
                0x0000000008001520       0xa8 build/main.o
                0x0000000008001520                SystemClock_Config
 .text.main     0x00000000080015c8       0x38 build/main.o
                0x00000000080015c8                main
 .text.makeFreeRtosPriority
                0x0000000008001600        0xc build/cmsis_os.o
 .text.osKernelStart
                0x000000000800160c        0xa build/cmsis_os.o
                0x000000000800160c                osKernelStart
 .text.osThreadCreate
                0x0000000008001616       0x34 build/cmsis_os.o
                0x0000000008001616                osThreadCreate
 .text.osSystickHandler
                0x000000000800164a       0x10 build/cmsis_os.o
                0x000000000800164a                osSystickHandler
 *fill*         0x000000000800165a        0x2 
 .text.prvHeapInit
                0x000000000800165c       0x64 build/heap_4.o
 .text.prvInsertBlockIntoFreeList
                0x00000000080016c0       0x58 build/heap_4.o
 .text.pvPortMalloc
                0x0000000008001718      0x108 build/heap_4.o
                0x0000000008001718                pvPortMalloc
 .text.vPortFree
                0x0000000008001820       0x70 build/heap_4.o
                0x0000000008001820                vPortFree
 .text.vListInitialise
                0x0000000008001890       0x16 build/list.o
                0x0000000008001890                vListInitialise
 .text.vListInitialiseItem
                0x00000000080018a6        0x6 build/list.o
                0x00000000080018a6                vListInitialiseItem
 .text.vListInsertEnd
                0x00000000080018ac       0x18 build/list.o
                0x00000000080018ac                vListInsertEnd
 .text.uxListRemove
                0x00000000080018c4       0x26 build/list.o
                0x00000000080018c4                uxListRemove
 *fill*         0x00000000080018ea        0x2 
 .text.prvTaskExitError
                0x00000000080018ec       0x34 build/port.o
 .text.prvPortStartFirstTask
                0x0000000008001920       0x20 build/port.o
 .text.vPortEnableVFP
                0x0000000008001940       0x14 build/port.o
 .text.pxPortInitialiseStack
                0x0000000008001954       0x2c build/port.o
                0x0000000008001954                pxPortInitialiseStack
 .text.SVC_Handler
                0x0000000008001980       0x24 build/port.o
                0x0000000008001980                SVC_Handler
 .text.vPortEnterCritical
                0x00000000080019a4       0x44 build/port.o
                0x00000000080019a4                vPortEnterCritical
 .text.vPortExitCritical
                0x00000000080019e8       0x2c build/port.o
                0x00000000080019e8                vPortExitCritical
 *fill*         0x0000000008001a14        0xc 
 .text.PendSV_Handler
                0x0000000008001a20       0x64 build/port.o
                0x0000000008001a20                PendSV_Handler
 .text.xPortSysTickHandler
                0x0000000008001a84       0x2c build/port.o
                0x0000000008001a84                xPortSysTickHandler
 .text.vPortSetupTimerInterrupt
                0x0000000008001ab0       0x2c build/port.o
                0x0000000008001ab0                vPortSetupTimerInterrupt
 .text.xPortStartScheduler
                0x0000000008001adc       0xec build/port.o
                0x0000000008001adc                xPortStartScheduler
 .text.HAL_InitTick
                0x0000000008001bc8       0x78 build/stm32f4xx_hal_timebase_TIM.o
                0x0000000008001bc8                HAL_InitTick
 .text.HAL_Init
                0x0000000008001c40       0x34 build/stm32f4xx_hal.o
                0x0000000008001c40                HAL_Init
 .text.HAL_IncTick
                0x0000000008001c74       0x10 build/stm32f4xx_hal.o
                0x0000000008001c74                HAL_IncTick
 .text.HAL_GetTick
                0x0000000008001c84        0xc build/stm32f4xx_hal.o
                0x0000000008001c84                HAL_GetTick
 .text.HAL_Delay
                0x0000000008001c90       0x24 build/stm32f4xx_hal.o
                0x0000000008001c90                HAL_Delay
 .text.HAL_NVIC_SetPriorityGrouping
                0x0000000008001cb4       0x24 build/stm32f4xx_hal_cortex.o
                0x0000000008001cb4                HAL_NVIC_SetPriorityGrouping
 .text.HAL_NVIC_SetPriority
                0x0000000008001cd8       0x64 build/stm32f4xx_hal_cortex.o
                0x0000000008001cd8                HAL_NVIC_SetPriority
 .text.HAL_NVIC_EnableIRQ
                0x0000000008001d3c       0x18 build/stm32f4xx_hal_cortex.o
                0x0000000008001d3c                HAL_NVIC_EnableIRQ
 .text.HAL_SYSTICK_Config
                0x0000000008001d54       0x2c build/stm32f4xx_hal_cortex.o
                0x0000000008001d54                HAL_SYSTICK_Config
 .text.HAL_SYSTICK_CLKSourceConfig
                0x0000000008001d80       0x20 build/stm32f4xx_hal_cortex.o
                0x0000000008001d80                HAL_SYSTICK_CLKSourceConfig
 .text.SystemInit
                0x0000000008001da0       0x4c build/system_stm32f4xx.o
                0x0000000008001da0                SystemInit
 .text.NMI_Handler
                0x0000000008001dec        0x2 build/stm32f4xx_it.o
                0x0000000008001dec                NMI_Handler
 .text.HardFault_Handler
                0x0000000008001dee        0x2 build/stm32f4xx_it.o
                0x0000000008001dee                HardFault_Handler
 .text.MemManage_Handler
                0x0000000008001df0        0x2 build/stm32f4xx_it.o
                0x0000000008001df0                MemManage_Handler
 .text.BusFault_Handler
                0x0000000008001df2        0x2 build/stm32f4xx_it.o
                0x0000000008001df2                BusFault_Handler
 .text.UsageFault_Handler
                0x0000000008001df4        0x2 build/stm32f4xx_it.o
                0x0000000008001df4                UsageFault_Handler
 .text.DebugMon_Handler
                0x0000000008001df6        0x2 build/stm32f4xx_it.o
                0x0000000008001df6                DebugMon_Handler
 .text.SysTick_Handler
                0x0000000008001df8        0x8 build/stm32f4xx_it.o
                0x0000000008001df8                SysTick_Handler
 .text.TIM1_UP_TIM10_IRQHandler
                0x0000000008001e00       0x10 build/stm32f4xx_it.o
                0x0000000008001e00                TIM1_UP_TIM10_IRQHandler
 .text.Reset_Handler
                0x0000000008001e10       0x50 build/startup_stm32f405xx.o
                0x0000000008001e10                Reset_Handler
 .text.Default_Handler
                0x0000000008001e60        0x2 build/startup_stm32f405xx.o
                0x0000000008001e60                DMA1_Stream3_IRQHandler
                0x0000000008001e60                HASH_RNG_IRQHandler
                0x0000000008001e60                EXTI2_IRQHandler
                0x0000000008001e60                TIM8_CC_IRQHandler
                0x0000000008001e60                TIM1_CC_IRQHandler
                0x0000000008001e60                DMA2_Stream5_IRQHandler
                0x0000000008001e60                DMA1_Stream5_IRQHandler
                0x0000000008001e60                PVD_IRQHandler
                0x0000000008001e60                SDIO_IRQHandler
                0x0000000008001e60                TAMP_STAMP_IRQHandler
                0x0000000008001e60                CAN2_RX1_IRQHandler
                0x0000000008001e60                EXTI3_IRQHandler
                0x0000000008001e60                TIM8_TRG_COM_TIM14_IRQHandler
                0x0000000008001e60                TIM8_UP_TIM13_IRQHandler
                0x0000000008001e60                I2C3_ER_IRQHandler
                0x0000000008001e60                EXTI0_IRQHandler
                0x0000000008001e60                I2C2_EV_IRQHandler
                0x0000000008001e60                DMA1_Stream2_IRQHandler
                0x0000000008001e60                CAN1_RX0_IRQHandler
                0x0000000008001e60                FPU_IRQHandler
                0x0000000008001e60                OTG_HS_WKUP_IRQHandler
                0x0000000008001e60                CAN2_SCE_IRQHandler
                0x0000000008001e60                DMA2_Stream2_IRQHandler
                0x0000000008001e60                SPI1_IRQHandler
                0x0000000008001e60                TIM6_DAC_IRQHandler
                0x0000000008001e60                TIM1_BRK_TIM9_IRQHandler
                0x0000000008001e60                CAN2_RX0_IRQHandler
                0x0000000008001e60                DMA2_Stream3_IRQHandler
                0x0000000008001e60                USART6_IRQHandler
                0x0000000008001e60                USART3_IRQHandler
                0x0000000008001e60                CAN1_RX1_IRQHandler
                0x0000000008001e60                UART5_IRQHandler
                0x0000000008001e60                DMA2_Stream0_IRQHandler
                0x0000000008001e60                TIM4_IRQHandler
                0x0000000008001e60                I2C1_EV_IRQHandler
                0x0000000008001e60                DMA1_Stream6_IRQHandler
                0x0000000008001e60                DMA1_Stream1_IRQHandler
                0x0000000008001e60                UART4_IRQHandler
                0x0000000008001e60                TIM3_IRQHandler
                0x0000000008001e60                RCC_IRQHandler
                0x0000000008001e60                TIM8_BRK_TIM12_IRQHandler
                0x0000000008001e60                Default_Handler
                0x0000000008001e60                EXTI15_10_IRQHandler
                0x0000000008001e60                ADC_IRQHandler
                0x0000000008001e60                DMA1_Stream7_IRQHandler
                0x0000000008001e60                TIM7_IRQHandler
                0x0000000008001e60                CAN2_TX_IRQHandler
                0x0000000008001e60                TIM5_IRQHandler
                0x0000000008001e60                DMA2_Stream7_IRQHandler
                0x0000000008001e60                I2C3_EV_IRQHandler
                0x0000000008001e60                EXTI9_5_IRQHandler
                0x0000000008001e60                RTC_WKUP_IRQHandler
                0x0000000008001e60                SPI2_IRQHandler
                0x0000000008001e60                OTG_HS_EP1_IN_IRQHandler
                0x0000000008001e60                DMA1_Stream0_IRQHandler
                0x0000000008001e60                CAN1_TX_IRQHandler
                0x0000000008001e60                EXTI4_IRQHandler
                0x0000000008001e60                FSMC_IRQHandler
                0x0000000008001e60                OTG_HS_EP1_OUT_IRQHandler
                0x0000000008001e60                WWDG_IRQHandler
                0x0000000008001e60                TIM2_IRQHandler
                0x0000000008001e60                OTG_FS_WKUP_IRQHandler
                0x0000000008001e60                TIM1_TRG_COM_TIM11_IRQHandler
                0x0000000008001e60                OTG_HS_IRQHandler
                0x0000000008001e60                EXTI1_IRQHandler
                0x0000000008001e60                USART2_IRQHandler
                0x0000000008001e60                I2C2_ER_IRQHandler
                0x0000000008001e60                DMA2_Stream1_IRQHandler
                0x0000000008001e60                CAN1_SCE_IRQHandler
                0x0000000008001e60                FLASH_IRQHandler
                0x0000000008001e60                DMA2_Stream4_IRQHandler
                0x0000000008001e60                USART1_IRQHandler
                0x0000000008001e60                OTG_FS_IRQHandler
                0x0000000008001e60                SPI3_IRQHandler
                0x0000000008001e60                DMA1_Stream4_IRQHandler
                0x0000000008001e60                I2C1_ER_IRQHandler
                0x0000000008001e60                DMA2_Stream6_IRQHandler
                0x0000000008001e60                RTC_Alarm_IRQHandler
 *fill*         0x0000000008001e62        0x2 
 .text.__libc_init_array
                0x0000000008001e64       0x48 /Users/augustmason/Documents/GitHub/riptide_firmware/STM32/gcc-arm-none-eabi-6-2017-q2-update/bin/../lib/gcc/arm-none-eabi/6.3.1/../../../../arm-none-eabi/lib/thumb/v7e-m/fpv4-sp/hard/libc_nano.a(lib_a-init.o)
                0x0000000008001e64                __libc_init_array
 .text.memset   0x0000000008001eac       0x10 /Users/augustmason/Documents/GitHub/riptide_firmware/STM32/gcc-arm-none-eabi-6-2017-q2-update/bin/../lib/gcc/arm-none-eabi/6.3.1/../../../../arm-none-eabi/lib/thumb/v7e-m/fpv4-sp/hard/libc_nano.a(lib_a-memset.o)
                0x0000000008001eac                memset
 .text.printf   0x0000000008001ebc       0x30 /Users/augustmason/Documents/GitHub/riptide_firmware/STM32/gcc-arm-none-eabi-6-2017-q2-update/bin/../lib/gcc/arm-none-eabi/6.3.1/../../../../arm-none-eabi/lib/thumb/v7e-m/fpv4-sp/hard/libc_nano.a(lib_a-printf.o)
                0x0000000008001ebc                printf
                0x0000000008001ebc                iprintf
 .text._cleanup_r
                0x0000000008001eec        0xc /Users/augustmason/Documents/GitHub/riptide_firmware/STM32/gcc-arm-none-eabi-6-2017-q2-update/bin/../lib/gcc/arm-none-eabi/6.3.1/../../../../arm-none-eabi/lib/thumb/v7e-m/fpv4-sp/hard/libc_nano.a(lib_a-findfp.o)
                0x0000000008001eec                _cleanup_r
 .text.std.isra.0
                0x0000000008001ef8       0x48 /Users/augustmason/Documents/GitHub/riptide_firmware/STM32/gcc-arm-none-eabi-6-2017-q2-update/bin/../lib/gcc/arm-none-eabi/6.3.1/../../../../arm-none-eabi/lib/thumb/v7e-m/fpv4-sp/hard/libc_nano.a(lib_a-findfp.o)
 .text.__sfmoreglue
                0x0000000008001f40       0x2c /Users/augustmason/Documents/GitHub/riptide_firmware/STM32/gcc-arm-none-eabi-6-2017-q2-update/bin/../lib/gcc/arm-none-eabi/6.3.1/../../../../arm-none-eabi/lib/thumb/v7e-m/fpv4-sp/hard/libc_nano.a(lib_a-findfp.o)
                0x0000000008001f40                __sfmoreglue
 .text.__sinit  0x0000000008001f6c       0x60 /Users/augustmason/Documents/GitHub/riptide_firmware/STM32/gcc-arm-none-eabi-6-2017-q2-update/bin/../lib/gcc/arm-none-eabi/6.3.1/../../../../arm-none-eabi/lib/thumb/v7e-m/fpv4-sp/hard/libc_nano.a(lib_a-findfp.o)
                0x0000000008001f6c                __sinit
 .text.__sfp    0x0000000008001fcc       0x78 /Users/augustmason/Documents/GitHub/riptide_firmware/STM32/gcc-arm-none-eabi-6-2017-q2-update/bin/../lib/gcc/arm-none-eabi/6.3.1/../../../../arm-none-eabi/lib/thumb/v7e-m/fpv4-sp/hard/libc_nano.a(lib_a-findfp.o)
                0x0000000008001fcc                __sfp
 .text._fwalk_reent
                0x0000000008002044       0x3c /Users/augustmason/Documents/GitHub/riptide_firmware/STM32/gcc-arm-none-eabi-6-2017-q2-update/bin/../lib/gcc/arm-none-eabi/6.3.1/../../../../arm-none-eabi/lib/thumb/v7e-m/fpv4-sp/hard/libc_nano.a(lib_a-fwalk.o)
                0x0000000008002044                _fwalk_reent
 .text._malloc_r
                0x0000000008002080       0xbc /Users/augustmason/Documents/GitHub/riptide_firmware/STM32/gcc-arm-none-eabi-6-2017-q2-update/bin/../lib/gcc/arm-none-eabi/6.3.1/../../../../arm-none-eabi/lib/thumb/v7e-m/fpv4-sp/hard/libc_nano.a(lib_a-nano-mallocr.o)
                0x0000000008002080                _malloc_r
 .text.__sfputc_r
                0x000000000800213c       0x30 /Users/augustmason/Documents/GitHub/riptide_firmware/STM32/gcc-arm-none-eabi-6-2017-q2-update/bin/../lib/gcc/arm-none-eabi/6.3.1/../../../../arm-none-eabi/lib/thumb/v7e-m/fpv4-sp/hard/libc_nano.a(lib_a-nano-vfprintf.o)
 .text.__sfputs_r
                0x000000000800216c       0x24 /Users/augustmason/Documents/GitHub/riptide_firmware/STM32/gcc-arm-none-eabi-6-2017-q2-update/bin/../lib/gcc/arm-none-eabi/6.3.1/../../../../arm-none-eabi/lib/thumb/v7e-m/fpv4-sp/hard/libc_nano.a(lib_a-nano-vfprintf.o)
                0x000000000800216c                __sfputs_r
 .text._vfprintf_r
                0x0000000008002190      0x22c /Users/augustmason/Documents/GitHub/riptide_firmware/STM32/gcc-arm-none-eabi-6-2017-q2-update/bin/../lib/gcc/arm-none-eabi/6.3.1/../../../../arm-none-eabi/lib/thumb/v7e-m/fpv4-sp/hard/libc_nano.a(lib_a-nano-vfprintf.o)
                0x0000000008002190                _vfiprintf_r
                0x0000000008002190                _vfprintf_r
 .text._printf_common
                0x00000000080023bc       0xec /Users/augustmason/Documents/GitHub/riptide_firmware/STM32/gcc-arm-none-eabi-6-2017-q2-update/bin/../lib/gcc/arm-none-eabi/6.3.1/../../../../arm-none-eabi/lib/thumb/v7e-m/fpv4-sp/hard/libc_nano.a(lib_a-nano-vfprintf_i.o)
                0x00000000080023bc                _printf_common
 .text._printf_i
                0x00000000080024a8      0x240 /Users/augustmason/Documents/GitHub/riptide_firmware/STM32/gcc-arm-none-eabi-6-2017-q2-update/bin/../lib/gcc/arm-none-eabi/6.3.1/../../../../arm-none-eabi/lib/thumb/v7e-m/fpv4-sp/hard/libc_nano.a(lib_a-nano-vfprintf_i.o)
                0x00000000080024a8                _printf_i
 .text._sbrk_r  0x00000000080026e8       0x20 /Users/augustmason/Documents/GitHub/riptide_firmware/STM32/gcc-arm-none-eabi-6-2017-q2-update/bin/../lib/gcc/arm-none-eabi/6.3.1/../../../../arm-none-eabi/lib/thumb/v7e-m/fpv4-sp/hard/libc_nano.a(lib_a-sbrkr.o)
                0x00000000080026e8                _sbrk_r
 .text.__sread  0x0000000008002708       0x22 /Users/augustmason/Documents/GitHub/riptide_firmware/STM32/gcc-arm-none-eabi-6-2017-q2-update/bin/../lib/gcc/arm-none-eabi/6.3.1/../../../../arm-none-eabi/lib/thumb/v7e-m/fpv4-sp/hard/libc_nano.a(lib_a-stdio.o)
                0x0000000008002708                __sread
 .text.__swrite
                0x000000000800272a       0x38 /Users/augustmason/Documents/GitHub/riptide_firmware/STM32/gcc-arm-none-eabi-6-2017-q2-update/bin/../lib/gcc/arm-none-eabi/6.3.1/../../../../arm-none-eabi/lib/thumb/v7e-m/fpv4-sp/hard/libc_nano.a(lib_a-stdio.o)
                0x000000000800272a                __swrite
 .text.__sseek  0x0000000008002762       0x24 /Users/augustmason/Documents/GitHub/riptide_firmware/STM32/gcc-arm-none-eabi-6-2017-q2-update/bin/../lib/gcc/arm-none-eabi/6.3.1/../../../../arm-none-eabi/lib/thumb/v7e-m/fpv4-sp/hard/libc_nano.a(lib_a-stdio.o)
                0x0000000008002762                __sseek
 .text.__sclose
                0x0000000008002786        0x8 /Users/augustmason/Documents/GitHub/riptide_firmware/STM32/gcc-arm-none-eabi-6-2017-q2-update/bin/../lib/gcc/arm-none-eabi/6.3.1/../../../../arm-none-eabi/lib/thumb/v7e-m/fpv4-sp/hard/libc_nano.a(lib_a-stdio.o)
                0x0000000008002786                __sclose
 *fill*         0x000000000800278e        0x2 
 .text.__swbuf_r
                0x0000000008002790       0xa4 /Users/augustmason/Documents/GitHub/riptide_firmware/STM32/gcc-arm-none-eabi-6-2017-q2-update/bin/../lib/gcc/arm-none-eabi/6.3.1/../../../../arm-none-eabi/lib/thumb/v7e-m/fpv4-sp/hard/libc_nano.a(lib_a-wbuf.o)
                0x0000000008002790                __swbuf_r
 .text._write_r
                0x0000000008002834       0x24 /Users/augustmason/Documents/GitHub/riptide_firmware/STM32/gcc-arm-none-eabi-6-2017-q2-update/bin/../lib/gcc/arm-none-eabi/6.3.1/../../../../arm-none-eabi/lib/thumb/v7e-m/fpv4-sp/hard/libc_nano.a(lib_a-writer.o)
                0x0000000008002834                _write_r
 .text.__swsetup_r
                0x0000000008002858       0xdc /Users/augustmason/Documents/GitHub/riptide_firmware/STM32/gcc-arm-none-eabi-6-2017-q2-update/bin/../lib/gcc/arm-none-eabi/6.3.1/../../../../arm-none-eabi/lib/thumb/v7e-m/fpv4-sp/hard/libc_nano.a(lib_a-wsetup.o)
                0x0000000008002858                __swsetup_r
 .text._close_r
                0x0000000008002934       0x20 /Users/augustmason/Documents/GitHub/riptide_firmware/STM32/gcc-arm-none-eabi-6-2017-q2-update/bin/../lib/gcc/arm-none-eabi/6.3.1/../../../../arm-none-eabi/lib/thumb/v7e-m/fpv4-sp/hard/libc_nano.a(lib_a-closer.o)
                0x0000000008002934                _close_r
 .text.__sflush_r
                0x0000000008002954      0x110 /Users/augustmason/Documents/GitHub/riptide_firmware/STM32/gcc-arm-none-eabi-6-2017-q2-update/bin/../lib/gcc/arm-none-eabi/6.3.1/../../../../arm-none-eabi/lib/thumb/v7e-m/fpv4-sp/hard/libc_nano.a(lib_a-fflush.o)
                0x0000000008002954                __sflush_r
 .text._fflush_r
                0x0000000008002a64       0x54 /Users/augustmason/Documents/GitHub/riptide_firmware/STM32/gcc-arm-none-eabi-6-2017-q2-update/bin/../lib/gcc/arm-none-eabi/6.3.1/../../../../arm-none-eabi/lib/thumb/v7e-m/fpv4-sp/hard/libc_nano.a(lib_a-fflush.o)
                0x0000000008002a64                _fflush_r
 .text._lseek_r
                0x0000000008002ab8       0x24 /Users/augustmason/Documents/GitHub/riptide_firmware/STM32/gcc-arm-none-eabi-6-2017-q2-update/bin/../lib/gcc/arm-none-eabi/6.3.1/../../../../arm-none-eabi/lib/thumb/v7e-m/fpv4-sp/hard/libc_nano.a(lib_a-lseekr.o)
                0x0000000008002ab8                _lseek_r
 .text.__swhatbuf_r
                0x0000000008002adc       0x48 /Users/augustmason/Documents/GitHub/riptide_firmware/STM32/gcc-arm-none-eabi-6-2017-q2-update/bin/../lib/gcc/arm-none-eabi/6.3.1/../../../../arm-none-eabi/lib/thumb/v7e-m/fpv4-sp/hard/libc_nano.a(lib_a-makebuf.o)
                0x0000000008002adc                __swhatbuf_r
 .text.__smakebuf_r
                0x0000000008002b24       0x80 /Users/augustmason/Documents/GitHub/riptide_firmware/STM32/gcc-arm-none-eabi-6-2017-q2-update/bin/../lib/gcc/arm-none-eabi/6.3.1/../../../../arm-none-eabi/lib/thumb/v7e-m/fpv4-sp/hard/libc_nano.a(lib_a-makebuf.o)
                0x0000000008002b24                __smakebuf_r
 .text.__malloc_lock
                0x0000000008002ba4        0x2 /Users/augustmason/Documents/GitHub/riptide_firmware/STM32/gcc-arm-none-eabi-6-2017-q2-update/bin/../lib/gcc/arm-none-eabi/6.3.1/../../../../arm-none-eabi/lib/thumb/v7e-m/fpv4-sp/hard/libc_nano.a(lib_a-mlock.o)
                0x0000000008002ba4                __malloc_lock
 .text.__malloc_unlock
                0x0000000008002ba6        0x2 /Users/augustmason/Documents/GitHub/riptide_firmware/STM32/gcc-arm-none-eabi-6-2017-q2-update/bin/../lib/gcc/arm-none-eabi/6.3.1/../../../../arm-none-eabi/lib/thumb/v7e-m/fpv4-sp/hard/libc_nano.a(lib_a-mlock.o)
                0x0000000008002ba6                __malloc_unlock
 .text._free_r  0x0000000008002ba8       0x9c /Users/augustmason/Documents/GitHub/riptide_firmware/STM32/gcc-arm-none-eabi-6-2017-q2-update/bin/../lib/gcc/arm-none-eabi/6.3.1/../../../../arm-none-eabi/lib/thumb/v7e-m/fpv4-sp/hard/libc_nano.a(lib_a-nano-freer.o)
                0x0000000008002ba8                _free_r
 .text._read_r  0x0000000008002c44       0x24 /Users/augustmason/Documents/GitHub/riptide_firmware/STM32/gcc-arm-none-eabi-6-2017-q2-update/bin/../lib/gcc/arm-none-eabi/6.3.1/../../../../arm-none-eabi/lib/thumb/v7e-m/fpv4-sp/hard/libc_nano.a(lib_a-readr.o)
                0x0000000008002c44                _read_r
 .text._fstat_r
                0x0000000008002c68       0x24 /Users/augustmason/Documents/GitHub/riptide_firmware/STM32/gcc-arm-none-eabi-6-2017-q2-update/bin/../lib/gcc/arm-none-eabi/6.3.1/../../../../arm-none-eabi/lib/thumb/v7e-m/fpv4-sp/hard/libc_nano.a(lib_a-fstatr.o)
                0x0000000008002c68                _fstat_r
 .text._isatty_r
                0x0000000008002c8c       0x20 /Users/augustmason/Documents/GitHub/riptide_firmware/STM32/gcc-arm-none-eabi-6-2017-q2-update/bin/../lib/gcc/arm-none-eabi/6.3.1/../../../../arm-none-eabi/lib/thumb/v7e-m/fpv4-sp/hard/libc_nano.a(lib_a-isattyr.o)
                0x0000000008002c8c                _isatty_r
 .text._close   0x0000000008002cac       0x10 /Users/augustmason/Documents/GitHub/riptide_firmware/STM32/gcc-arm-none-eabi-6-2017-q2-update/bin/../lib/gcc/arm-none-eabi/6.3.1/../../../../arm-none-eabi/lib/thumb/v7e-m/fpv4-sp/hard/libnosys.a(close.o)
                0x0000000008002cac                _close
 .text._fstat   0x0000000008002cbc       0x10 /Users/augustmason/Documents/GitHub/riptide_firmware/STM32/gcc-arm-none-eabi-6-2017-q2-update/bin/../lib/gcc/arm-none-eabi/6.3.1/../../../../arm-none-eabi/lib/thumb/v7e-m/fpv4-sp/hard/libnosys.a(fstat.o)
                0x0000000008002cbc                _fstat
 .text._isatty  0x0000000008002ccc       0x10 /Users/augustmason/Documents/GitHub/riptide_firmware/STM32/gcc-arm-none-eabi-6-2017-q2-update/bin/../lib/gcc/arm-none-eabi/6.3.1/../../../../arm-none-eabi/lib/thumb/v7e-m/fpv4-sp/hard/libnosys.a(isatty.o)
                0x0000000008002ccc                _isatty
 .text._lseek   0x0000000008002cdc       0x10 /Users/augustmason/Documents/GitHub/riptide_firmware/STM32/gcc-arm-none-eabi-6-2017-q2-update/bin/../lib/gcc/arm-none-eabi/6.3.1/../../../../arm-none-eabi/lib/thumb/v7e-m/fpv4-sp/hard/libnosys.a(lseek.o)
                0x0000000008002cdc                _lseek
 .text._read    0x0000000008002cec       0x10 /Users/augustmason/Documents/GitHub/riptide_firmware/STM32/gcc-arm-none-eabi-6-2017-q2-update/bin/../lib/gcc/arm-none-eabi/6.3.1/../../../../arm-none-eabi/lib/thumb/v7e-m/fpv4-sp/hard/libnosys.a(read.o)
                0x0000000008002cec                _read
 .text._sbrk    0x0000000008002cfc       0x1c /Users/augustmason/Documents/GitHub/riptide_firmware/STM32/gcc-arm-none-eabi-6-2017-q2-update/bin/../lib/gcc/arm-none-eabi/6.3.1/../../../../arm-none-eabi/lib/thumb/v7e-m/fpv4-sp/hard/libnosys.a(sbrk.o)
                0x0000000008002cfc                _sbrk
 .text._write   0x0000000008002d18       0x10 /Users/augustmason/Documents/GitHub/riptide_firmware/STM32/gcc-arm-none-eabi-6-2017-q2-update/bin/../lib/gcc/arm-none-eabi/6.3.1/../../../../arm-none-eabi/lib/thumb/v7e-m/fpv4-sp/hard/libnosys.a(write.o)
                0x0000000008002d18                _write
 *(.glue_7)
 .glue_7        0x0000000008002d28        0x0 linker stubs
 *(.glue_7t)
 .glue_7t       0x0000000008002d28        0x0 linker stubs
 *(.eh_frame)
 .eh_frame      0x0000000008002d28        0x0 /Users/augustmason/Documents/GitHub/riptide_firmware/STM32/gcc-arm-none-eabi-6-2017-q2-update/bin/../lib/gcc/arm-none-eabi/6.3.1/thumb/v7e-m/fpv4-sp/hard/crtbegin.o
 *(.init)
 .init          0x0000000008002d28        0x4 /Users/augustmason/Documents/GitHub/riptide_firmware/STM32/gcc-arm-none-eabi-6-2017-q2-update/bin/../lib/gcc/arm-none-eabi/6.3.1/thumb/v7e-m/fpv4-sp/hard/crti.o
                0x0000000008002d28                _init
 .init          0x0000000008002d2c        0x8 /Users/augustmason/Documents/GitHub/riptide_firmware/STM32/gcc-arm-none-eabi-6-2017-q2-update/bin/../lib/gcc/arm-none-eabi/6.3.1/thumb/v7e-m/fpv4-sp/hard/crtn.o
 *(.fini)
 .fini          0x0000000008002d34        0x4 /Users/augustmason/Documents/GitHub/riptide_firmware/STM32/gcc-arm-none-eabi-6-2017-q2-update/bin/../lib/gcc/arm-none-eabi/6.3.1/thumb/v7e-m/fpv4-sp/hard/crti.o
                0x0000000008002d34                _fini
 .fini          0x0000000008002d38        0x8 /Users/augustmason/Documents/GitHub/riptide_firmware/STM32/gcc-arm-none-eabi-6-2017-q2-update/bin/../lib/gcc/arm-none-eabi/6.3.1/thumb/v7e-m/fpv4-sp/hard/crtn.o
                0x0000000008002d40                . = ALIGN (0x4)
                0x0000000008002d40                _etext = .

.vfp11_veneer   0x0000000008002d40        0x0
 .vfp11_veneer  0x0000000008002d40        0x0 linker stubs

.v4_bx          0x0000000008002d40        0x0
 .v4_bx         0x0000000008002d40        0x0 linker stubs

.iplt           0x0000000008002d40        0x0
 .iplt          0x0000000008002d40        0x0 /Users/augustmason/Documents/GitHub/riptide_firmware/STM32/gcc-arm-none-eabi-6-2017-q2-update/bin/../lib/gcc/arm-none-eabi/6.3.1/thumb/v7e-m/fpv4-sp/hard/crtbegin.o

.rodata         0x0000000008002d40      0x100
                0x0000000008002d40                . = ALIGN (0x4)
 *(.rodata)
 .rodata        0x0000000008002d40       0x14 build/main.o
 *(.rodata*)
 .rodata.vTaskStartScheduler.str1.4
                0x0000000008002d54        0x5 build/tasks.o
 *fill*         0x0000000008002d59        0x3 
 .rodata.StartDefaultTask.str1.4
                0x0000000008002d5c       0x1c build/main.o
 .rodata.SystemClock_Config.str1.4
                0x0000000008002d78        0xb build/main.o
 *fill*         0x0000000008002d83        0x1 
 .rodata.str1.4
                0x0000000008002d84        0xc build/main.o
 .rodata.AHBPrescTable
                0x0000000008002d90       0x10 build/system_stm32f4xx.o
                0x0000000008002d90                AHBPrescTable
 .rodata.APBPrescTable
                0x0000000008002da0        0x8 build/system_stm32f4xx.o
                0x0000000008002da0                APBPrescTable
 .rodata._global_impure_ptr
                0x0000000008002da8        0x4 /Users/augustmason/Documents/GitHub/riptide_firmware/STM32/gcc-arm-none-eabi-6-2017-q2-update/bin/../lib/gcc/arm-none-eabi/6.3.1/../../../../arm-none-eabi/lib/thumb/v7e-m/fpv4-sp/hard/libc_nano.a(lib_a-impure.o)
                0x0000000008002da8                _global_impure_ptr
 .rodata.__sf_fake_stderr
                0x0000000008002dac       0x20 /Users/augustmason/Documents/GitHub/riptide_firmware/STM32/gcc-arm-none-eabi-6-2017-q2-update/bin/../lib/gcc/arm-none-eabi/6.3.1/../../../../arm-none-eabi/lib/thumb/v7e-m/fpv4-sp/hard/libc_nano.a(lib_a-findfp.o)
                0x0000000008002dac                __sf_fake_stderr
 .rodata.__sf_fake_stdin
                0x0000000008002dcc       0x20 /Users/augustmason/Documents/GitHub/riptide_firmware/STM32/gcc-arm-none-eabi-6-2017-q2-update/bin/../lib/gcc/arm-none-eabi/6.3.1/../../../../arm-none-eabi/lib/thumb/v7e-m/fpv4-sp/hard/libc_nano.a(lib_a-findfp.o)
                0x0000000008002dcc                __sf_fake_stdin
 .rodata.__sf_fake_stdout
                0x0000000008002dec       0x20 /Users/augustmason/Documents/GitHub/riptide_firmware/STM32/gcc-arm-none-eabi-6-2017-q2-update/bin/../lib/gcc/arm-none-eabi/6.3.1/../../../../arm-none-eabi/lib/thumb/v7e-m/fpv4-sp/hard/libc_nano.a(lib_a-findfp.o)
                0x0000000008002dec                __sf_fake_stdout
 .rodata._vfprintf_r.str1.1
                0x0000000008002e0c       0x11 /Users/augustmason/Documents/GitHub/riptide_firmware/STM32/gcc-arm-none-eabi-6-2017-q2-update/bin/../lib/gcc/arm-none-eabi/6.3.1/../../../../arm-none-eabi/lib/thumb/v7e-m/fpv4-sp/hard/libc_nano.a(lib_a-nano-vfprintf.o)
 .rodata._printf_i.str1.1
                0x0000000008002e1d       0x22 /Users/augustmason/Documents/GitHub/riptide_firmware/STM32/gcc-arm-none-eabi-6-2017-q2-update/bin/../lib/gcc/arm-none-eabi/6.3.1/../../../../arm-none-eabi/lib/thumb/v7e-m/fpv4-sp/hard/libc_nano.a(lib_a-nano-vfprintf_i.o)
                0x0000000008002e40                . = ALIGN (0x4)
 *fill*         0x0000000008002e3f        0x1 

.rel.dyn        0x0000000008002e40        0x0
 .rel.iplt      0x0000000008002e40        0x0 /Users/augustmason/Documents/GitHub/riptide_firmware/STM32/gcc-arm-none-eabi-6-2017-q2-update/bin/../lib/gcc/arm-none-eabi/6.3.1/thumb/v7e-m/fpv4-sp/hard/crtbegin.o

.ARM.extab
 *(.ARM.extab* .gnu.linkonce.armextab.*)

.ARM            0x0000000008002e40        0x0
                0x0000000008002e40                __exidx_start = .
 *(.ARM.exidx*)
                0x0000000008002e40                __exidx_end = .

.preinit_array  0x0000000008002e40        0x0
                0x0000000008002e40                PROVIDE (__preinit_array_start, .)
 *(.preinit_array*)
                0x0000000008002e40                PROVIDE (__preinit_array_end, .)

.init_array     0x0000000008002e40        0x4
                0x0000000008002e40                PROVIDE (__init_array_start, .)
 *(SORT(.init_array.*))
 *(.init_array*)
 .init_array    0x0000000008002e40        0x4 /Users/augustmason/Documents/GitHub/riptide_firmware/STM32/gcc-arm-none-eabi-6-2017-q2-update/bin/../lib/gcc/arm-none-eabi/6.3.1/thumb/v7e-m/fpv4-sp/hard/crtbegin.o
                0x0000000008002e44                PROVIDE (__init_array_end, .)

.fini_array     0x0000000008002e44        0x4
                [!provide]                        PROVIDE (__fini_array_start, .)
 *(SORT(.fini_array.*))
 *(.fini_array*)
 .fini_array    0x0000000008002e44        0x4 /Users/augustmason/Documents/GitHub/riptide_firmware/STM32/gcc-arm-none-eabi-6-2017-q2-update/bin/../lib/gcc/arm-none-eabi/6.3.1/thumb/v7e-m/fpv4-sp/hard/crtbegin.o
                [!provide]                        PROVIDE (__fini_array_end, .)
                0x0000000008002e48                _sidata = LOADADDR (.data)

.data           0x0000000020000000       0x6c load address 0x0000000008002e48
                0x0000000020000000                . = ALIGN (0x4)
                0x0000000020000000                _sdata = .
 *(.data)
 *(.data*)
 .data.uxCriticalNesting
                0x0000000020000000        0x4 build/port.o
 .data.SystemCoreClock
                0x0000000020000004        0x4 build/system_stm32f4xx.o
                0x0000000020000004                SystemCoreClock
 .data._impure_ptr
                0x0000000020000008        0x4 /Users/augustmason/Documents/GitHub/riptide_firmware/STM32/gcc-arm-none-eabi-6-2017-q2-update/bin/../lib/gcc/arm-none-eabi/6.3.1/../../../../arm-none-eabi/lib/thumb/v7e-m/fpv4-sp/hard/libc_nano.a(lib_a-impure.o)
                0x0000000020000008                _impure_ptr
 .data.impure_data
                0x000000002000000c       0x60 /Users/augustmason/Documents/GitHub/riptide_firmware/STM32/gcc-arm-none-eabi-6-2017-q2-update/bin/../lib/gcc/arm-none-eabi/6.3.1/../../../../arm-none-eabi/lib/thumb/v7e-m/fpv4-sp/hard/libc_nano.a(lib_a-impure.o)
                0x000000002000006c                . = ALIGN (0x4)
                0x000000002000006c                _edata = .
                0x0000000008002eb4                _siccmram = LOADADDR (.ccmram)

.jcr            0x000000002000006c        0x0 load address 0x0000000008002eb4
 .jcr           0x000000002000006c        0x0 /Users/augustmason/Documents/GitHub/riptide_firmware/STM32/gcc-arm-none-eabi-6-2017-q2-update/bin/../lib/gcc/arm-none-eabi/6.3.1/thumb/v7e-m/fpv4-sp/hard/crtbegin.o

.igot.plt       0x000000002000006c        0x0 load address 0x0000000008002eb4
 .igot.plt      0x000000002000006c        0x0 /Users/augustmason/Documents/GitHub/riptide_firmware/STM32/gcc-arm-none-eabi-6-2017-q2-update/bin/../lib/gcc/arm-none-eabi/6.3.1/thumb/v7e-m/fpv4-sp/hard/crtbegin.o

.ccmram         0x0000000010000000        0x0 load address 0x0000000008002eb4
                0x0000000010000000                . = ALIGN (0x4)
                0x0000000010000000                _sccmram = .
 *(.ccmram)
 *(.ccmram*)
                0x0000000010000000                . = ALIGN (0x4)
                0x0000000010000000                _eccmram = .
                0x0000000010000000                . = ALIGN (0x4)

.bss            0x000000002000006c     0x3dbc
                0x000000002000006c                _sbss = .
                0x000000002000006c                __bss_start__ = _sbss
 *(.bss)
 .bss           0x000000002000006c       0x1c /Users/augustmason/Documents/GitHub/riptide_firmware/STM32/gcc-arm-none-eabi-6-2017-q2-update/bin/../lib/gcc/arm-none-eabi/6.3.1/thumb/v7e-m/fpv4-sp/hard/crtbegin.o
 *(.bss*)
 .bss.pxCurrentTCB
                0x0000000020000088        0x4 build/tasks.o
                0x0000000020000088                pxCurrentTCB
 .bss.pxDelayedTaskList
                0x000000002000008c        0x4 build/tasks.o
 .bss.pxOverflowDelayedTaskList
                0x0000000020000090        0x4 build/tasks.o
 .bss.pxReadyTasksLists
                0x0000000020000094       0x8c build/tasks.o
 .bss.uxCurrentNumberOfTasks
                0x0000000020000120        0x4 build/tasks.o
 .bss.uxDeletedTasksWaitingCleanUp
                0x0000000020000124        0x4 build/tasks.o
 .bss.uxPendedTicks
                0x0000000020000128        0x4 build/tasks.o
 .bss.uxSchedulerSuspended
                0x000000002000012c        0x4 build/tasks.o
 .bss.uxTaskNumber
                0x0000000020000130        0x4 build/tasks.o
 .bss.uxTopReadyPriority
                0x0000000020000134        0x4 build/tasks.o
 .bss.xDelayedTaskList1
                0x0000000020000138       0x14 build/tasks.o
 .bss.xDelayedTaskList2
                0x000000002000014c       0x14 build/tasks.o
 .bss.xIdleTaskHandle
                0x0000000020000160        0x4 build/tasks.o
 .bss.xNextTaskUnblockTime
                0x0000000020000164        0x4 build/tasks.o
 .bss.xNumOfOverflows
                0x0000000020000168        0x4 build/tasks.o
 .bss.xPendingReadyList
                0x000000002000016c       0x14 build/tasks.o
 .bss.xSchedulerRunning
                0x0000000020000180        0x4 build/tasks.o
 .bss.xSuspendedTaskList
                0x0000000020000184       0x14 build/tasks.o
 .bss.xTasksWaitingTermination
                0x0000000020000198       0x14 build/tasks.o
 .bss.xTickCount
                0x00000000200001ac        0x4 build/tasks.o
 .bss.xYieldPending
                0x00000000200001b0        0x4 build/tasks.o
 .bss.pxEnd     0x00000000200001b4        0x4 build/heap_4.o
 .bss.ucHeap    0x00000000200001b8     0x3c00 build/heap_4.o
 .bss.xBlockAllocatedBit
                0x0000000020003db8        0x4 build/heap_4.o
 .bss.xFreeBytesRemaining
                0x0000000020003dbc        0x4 build/heap_4.o
 .bss.xMinimumEverFreeBytesRemaining
                0x0000000020003dc0        0x4 build/heap_4.o
 .bss.xStart    0x0000000020003dc4        0x8 build/heap_4.o
 .bss.ucMaxSysCallPriority
                0x0000000020003dcc        0x1 build/port.o
 *fill*         0x0000000020003dcd        0x3 
 .bss.ulMaxPRIGROUPValue
                0x0000000020003dd0        0x4 build/port.o
 .bss.__malloc_free_list
                0x0000000020003dd4        0x4 /Users/augustmason/Documents/GitHub/riptide_firmware/STM32/gcc-arm-none-eabi-6-2017-q2-update/bin/../lib/gcc/arm-none-eabi/6.3.1/../../../../arm-none-eabi/lib/thumb/v7e-m/fpv4-sp/hard/libc_nano.a(lib_a-nano-mallocr.o)
                0x0000000020003dd4                __malloc_free_list
 .bss.__malloc_sbrk_start
                0x0000000020003dd8        0x4 /Users/augustmason/Documents/GitHub/riptide_firmware/STM32/gcc-arm-none-eabi-6-2017-q2-update/bin/../lib/gcc/arm-none-eabi/6.3.1/../../../../arm-none-eabi/lib/thumb/v7e-m/fpv4-sp/hard/libc_nano.a(lib_a-nano-mallocr.o)
                0x0000000020003dd8                __malloc_sbrk_start
 .bss.heap_end.5239
                0x0000000020003ddc        0x4 /Users/augustmason/Documents/GitHub/riptide_firmware/STM32/gcc-arm-none-eabi-6-2017-q2-update/bin/../lib/gcc/arm-none-eabi/6.3.1/../../../../arm-none-eabi/lib/thumb/v7e-m/fpv4-sp/hard/libnosys.a(sbrk.o)
 *(COMMON)
 COMMON         0x0000000020003de0        0x4 build/main.o
                0x0000000020003de0                defaultTaskHandle
 COMMON         0x0000000020003de4       0x3c build/stm32f4xx_hal_timebase_TIM.o
                0x0000000020003de4                htim1
 COMMON         0x0000000020003e20        0x4 build/stm32f4xx_hal.o
                0x0000000020003e20                uwTick
 COMMON         0x0000000020003e24        0x4 /Users/augustmason/Documents/GitHub/riptide_firmware/STM32/gcc-arm-none-eabi-6-2017-q2-update/bin/../lib/gcc/arm-none-eabi/6.3.1/../../../../arm-none-eabi/lib/thumb/v7e-m/fpv4-sp/hard/libc_nano.a(lib_a-reent.o)
                0x0000000020003e24                errno
                0x0000000020003e28                . = ALIGN (0x4)
                0x0000000020003e28                _ebss = .
                0x0000000020003e28                __bss_end__ = _ebss

._user_heap_stack
                0x0000000020003e28      0x600
                0x0000000020003e28                . = ALIGN (0x8)
                0x0000000020003e28                PROVIDE (end, .)
                [!provide]                        PROVIDE (_end, .)
                0x0000000020004028                . = (. + _Min_Heap_Size)
 *fill*         0x0000000020003e28      0x200 
                0x0000000020004428                . = (. + _Min_Stack_Size)
 *fill*         0x0000000020004028      0x400 
                0x0000000020004428                . = ALIGN (0x8)

/DISCARD/
 libc.a(*)
 libm.a(*)
 libgcc.a(*)

.ARM.attributes
                0x0000000000000000       0x30
 *(.ARM.attributes)
 .ARM.attributes
                0x0000000000000000       0x22 /Users/augustmason/Documents/GitHub/riptide_firmware/STM32/gcc-arm-none-eabi-6-2017-q2-update/bin/../lib/gcc/arm-none-eabi/6.3.1/thumb/v7e-m/fpv4-sp/hard/crti.o
 .ARM.attributes
                0x0000000000000022       0x34 /Users/augustmason/Documents/GitHub/riptide_firmware/STM32/gcc-arm-none-eabi-6-2017-q2-update/bin/../lib/gcc/arm-none-eabi/6.3.1/thumb/v7e-m/fpv4-sp/hard/crtbegin.o
 .ARM.attributes
                0x0000000000000056       0x39 build/tasks.o
 .ARM.attributes
                0x000000000000008f       0x39 build/stm32f4xx_hal_tim.o
 .ARM.attributes
                0x00000000000000c8       0x39 build/stm32f4xx_hal_rcc.o
 .ARM.attributes
                0x0000000000000101       0x39 build/stm32f4xx_hal_msp.o
 .ARM.attributes
                0x000000000000013a       0x39 build/stm32f4xx_hal_tim_ex.o
 .ARM.attributes
                0x0000000000000173       0x39 build/stm32f4xx_hal_gpio.o
 .ARM.attributes
                0x00000000000001ac       0x39 build/main.o
 .ARM.attributes
                0x00000000000001e5       0x39 build/cmsis_os.o
 .ARM.attributes
                0x000000000000021e       0x39 build/heap_4.o
 .ARM.attributes
                0x0000000000000257       0x39 build/list.o
 .ARM.attributes
                0x0000000000000290       0x39 build/port.o
 .ARM.attributes
                0x00000000000002c9       0x39 build/stm32f4xx_hal_timebase_TIM.o
 .ARM.attributes
                0x0000000000000302       0x39 build/stm32f4xx_hal.o
 .ARM.attributes
                0x000000000000033b       0x39 build/stm32f4xx_hal_cortex.o
 .ARM.attributes
                0x0000000000000374       0x39 build/system_stm32f4xx.o
 .ARM.attributes
                0x00000000000003ad       0x39 build/stm32f4xx_it.o
 .ARM.attributes
                0x00000000000003e6       0x21 build/startup_stm32f405xx.o
 .ARM.attributes
                0x0000000000000407       0x34 /Users/augustmason/Documents/GitHub/riptide_firmware/STM32/gcc-arm-none-eabi-6-2017-q2-update/bin/../lib/gcc/arm-none-eabi/6.3.1/../../../../arm-none-eabi/lib/thumb/v7e-m/fpv4-sp/hard/libc_nano.a(lib_a-impure.o)
 .ARM.attributes
                0x000000000000043b       0x34 /Users/augustmason/Documents/GitHub/riptide_firmware/STM32/gcc-arm-none-eabi-6-2017-q2-update/bin/../lib/gcc/arm-none-eabi/6.3.1/../../../../arm-none-eabi/lib/thumb/v7e-m/fpv4-sp/hard/libc_nano.a(lib_a-init.o)
 .ARM.attributes
                0x000000000000046f       0x34 /Users/augustmason/Documents/GitHub/riptide_firmware/STM32/gcc-arm-none-eabi-6-2017-q2-update/bin/../lib/gcc/arm-none-eabi/6.3.1/../../../../arm-none-eabi/lib/thumb/v7e-m/fpv4-sp/hard/libc_nano.a(lib_a-memset.o)
 .ARM.attributes
                0x00000000000004a3       0x34 /Users/augustmason/Documents/GitHub/riptide_firmware/STM32/gcc-arm-none-eabi-6-2017-q2-update/bin/../lib/gcc/arm-none-eabi/6.3.1/../../../../arm-none-eabi/lib/thumb/v7e-m/fpv4-sp/hard/libc_nano.a(lib_a-printf.o)
 .ARM.attributes
                0x00000000000004d7       0x34 /Users/augustmason/Documents/GitHub/riptide_firmware/STM32/gcc-arm-none-eabi-6-2017-q2-update/bin/../lib/gcc/arm-none-eabi/6.3.1/../../../../arm-none-eabi/lib/thumb/v7e-m/fpv4-sp/hard/libc_nano.a(lib_a-findfp.o)
 .ARM.attributes
                0x000000000000050b       0x34 /Users/augustmason/Documents/GitHub/riptide_firmware/STM32/gcc-arm-none-eabi-6-2017-q2-update/bin/../lib/gcc/arm-none-eabi/6.3.1/../../../../arm-none-eabi/lib/thumb/v7e-m/fpv4-sp/hard/libc_nano.a(lib_a-fwalk.o)
 .ARM.attributes
                0x000000000000053f       0x34 /Users/augustmason/Documents/GitHub/riptide_firmware/STM32/gcc-arm-none-eabi-6-2017-q2-update/bin/../lib/gcc/arm-none-eabi/6.3.1/../../../../arm-none-eabi/lib/thumb/v7e-m/fpv4-sp/hard/libc_nano.a(lib_a-nano-mallocr.o)
 .ARM.attributes
                0x0000000000000573       0x34 /Users/augustmason/Documents/GitHub/riptide_firmware/STM32/gcc-arm-none-eabi-6-2017-q2-update/bin/../lib/gcc/arm-none-eabi/6.3.1/../../../../arm-none-eabi/lib/thumb/v7e-m/fpv4-sp/hard/libc_nano.a(lib_a-nano-vfprintf.o)
 .ARM.attributes
                0x00000000000005a7       0x34 /Users/augustmason/Documents/GitHub/riptide_firmware/STM32/gcc-arm-none-eabi-6-2017-q2-update/bin/../lib/gcc/arm-none-eabi/6.3.1/../../../../arm-none-eabi/lib/thumb/v7e-m/fpv4-sp/hard/libc_nano.a(lib_a-nano-vfprintf_i.o)
 .ARM.attributes
                0x00000000000005db       0x34 /Users/augustmason/Documents/GitHub/riptide_firmware/STM32/gcc-arm-none-eabi-6-2017-q2-update/bin/../lib/gcc/arm-none-eabi/6.3.1/../../../../arm-none-eabi/lib/thumb/v7e-m/fpv4-sp/hard/libc_nano.a(lib_a-sbrkr.o)
 .ARM.attributes
                0x000000000000060f       0x34 /Users/augustmason/Documents/GitHub/riptide_firmware/STM32/gcc-arm-none-eabi-6-2017-q2-update/bin/../lib/gcc/arm-none-eabi/6.3.1/../../../../arm-none-eabi/lib/thumb/v7e-m/fpv4-sp/hard/libc_nano.a(lib_a-stdio.o)
 .ARM.attributes
                0x0000000000000643       0x34 /Users/augustmason/Documents/GitHub/riptide_firmware/STM32/gcc-arm-none-eabi-6-2017-q2-update/bin/../lib/gcc/arm-none-eabi/6.3.1/../../../../arm-none-eabi/lib/thumb/v7e-m/fpv4-sp/hard/libc_nano.a(lib_a-wbuf.o)
 .ARM.attributes
                0x0000000000000677       0x34 /Users/augustmason/Documents/GitHub/riptide_firmware/STM32/gcc-arm-none-eabi-6-2017-q2-update/bin/../lib/gcc/arm-none-eabi/6.3.1/../../../../arm-none-eabi/lib/thumb/v7e-m/fpv4-sp/hard/libc_nano.a(lib_a-writer.o)
 .ARM.attributes
                0x00000000000006ab       0x34 /Users/augustmason/Documents/GitHub/riptide_firmware/STM32/gcc-arm-none-eabi-6-2017-q2-update/bin/../lib/gcc/arm-none-eabi/6.3.1/../../../../arm-none-eabi/lib/thumb/v7e-m/fpv4-sp/hard/libc_nano.a(lib_a-wsetup.o)
 .ARM.attributes
                0x00000000000006df       0x34 /Users/augustmason/Documents/GitHub/riptide_firmware/STM32/gcc-arm-none-eabi-6-2017-q2-update/bin/../lib/gcc/arm-none-eabi/6.3.1/../../../../arm-none-eabi/lib/thumb/v7e-m/fpv4-sp/hard/libc_nano.a(lib_a-closer.o)
 .ARM.attributes
                0x0000000000000713       0x34 /Users/augustmason/Documents/GitHub/riptide_firmware/STM32/gcc-arm-none-eabi-6-2017-q2-update/bin/../lib/gcc/arm-none-eabi/6.3.1/../../../../arm-none-eabi/lib/thumb/v7e-m/fpv4-sp/hard/libc_nano.a(lib_a-fflush.o)
 .ARM.attributes
                0x0000000000000747       0x34 /Users/augustmason/Documents/GitHub/riptide_firmware/STM32/gcc-arm-none-eabi-6-2017-q2-update/bin/../lib/gcc/arm-none-eabi/6.3.1/../../../../arm-none-eabi/lib/thumb/v7e-m/fpv4-sp/hard/libc_nano.a(lib_a-lseekr.o)
 .ARM.attributes
                0x000000000000077b       0x34 /Users/augustmason/Documents/GitHub/riptide_firmware/STM32/gcc-arm-none-eabi-6-2017-q2-update/bin/../lib/gcc/arm-none-eabi/6.3.1/../../../../arm-none-eabi/lib/thumb/v7e-m/fpv4-sp/hard/libc_nano.a(lib_a-makebuf.o)
 .ARM.attributes
                0x00000000000007af       0x20 /Users/augustmason/Documents/GitHub/riptide_firmware/STM32/gcc-arm-none-eabi-6-2017-q2-update/bin/../lib/gcc/arm-none-eabi/6.3.1/../../../../arm-none-eabi/lib/thumb/v7e-m/fpv4-sp/hard/libc_nano.a(lib_a-memchr.o)
 .ARM.attributes
                0x00000000000007cf       0x34 /Users/augustmason/Documents/GitHub/riptide_firmware/STM32/gcc-arm-none-eabi-6-2017-q2-update/bin/../lib/gcc/arm-none-eabi/6.3.1/../../../../arm-none-eabi/lib/thumb/v7e-m/fpv4-sp/hard/libc_nano.a(lib_a-mlock.o)
 .ARM.attributes
                0x0000000000000803       0x34 /Users/augustmason/Documents/GitHub/riptide_firmware/STM32/gcc-arm-none-eabi-6-2017-q2-update/bin/../lib/gcc/arm-none-eabi/6.3.1/../../../../arm-none-eabi/lib/thumb/v7e-m/fpv4-sp/hard/libc_nano.a(lib_a-nano-freer.o)
 .ARM.attributes
                0x0000000000000837       0x34 /Users/augustmason/Documents/GitHub/riptide_firmware/STM32/gcc-arm-none-eabi-6-2017-q2-update/bin/../lib/gcc/arm-none-eabi/6.3.1/../../../../arm-none-eabi/lib/thumb/v7e-m/fpv4-sp/hard/libc_nano.a(lib_a-readr.o)
 .ARM.attributes
                0x000000000000086b       0x34 /Users/augustmason/Documents/GitHub/riptide_firmware/STM32/gcc-arm-none-eabi-6-2017-q2-update/bin/../lib/gcc/arm-none-eabi/6.3.1/../../../../arm-none-eabi/lib/thumb/v7e-m/fpv4-sp/hard/libc_nano.a(lib_a-reent.o)
 .ARM.attributes
                0x000000000000089f       0x34 /Users/augustmason/Documents/GitHub/riptide_firmware/STM32/gcc-arm-none-eabi-6-2017-q2-update/bin/../lib/gcc/arm-none-eabi/6.3.1/../../../../arm-none-eabi/lib/thumb/v7e-m/fpv4-sp/hard/libc_nano.a(lib_a-fstatr.o)
 .ARM.attributes
                0x00000000000008d3       0x34 /Users/augustmason/Documents/GitHub/riptide_firmware/STM32/gcc-arm-none-eabi-6-2017-q2-update/bin/../lib/gcc/arm-none-eabi/6.3.1/../../../../arm-none-eabi/lib/thumb/v7e-m/fpv4-sp/hard/libc_nano.a(lib_a-isattyr.o)
 .ARM.attributes
                0x0000000000000907       0x34 /Users/augustmason/Documents/GitHub/riptide_firmware/STM32/gcc-arm-none-eabi-6-2017-q2-update/bin/../lib/gcc/arm-none-eabi/6.3.1/../../../../arm-none-eabi/lib/thumb/v7e-m/fpv4-sp/hard/libnosys.a(close.o)
 .ARM.attributes
                0x000000000000093b       0x34 /Users/augustmason/Documents/GitHub/riptide_firmware/STM32/gcc-arm-none-eabi-6-2017-q2-update/bin/../lib/gcc/arm-none-eabi/6.3.1/../../../../arm-none-eabi/lib/thumb/v7e-m/fpv4-sp/hard/libnosys.a(fstat.o)
 .ARM.attributes
                0x000000000000096f       0x34 /Users/augustmason/Documents/GitHub/riptide_firmware/STM32/gcc-arm-none-eabi-6-2017-q2-update/bin/../lib/gcc/arm-none-eabi/6.3.1/../../../../arm-none-eabi/lib/thumb/v7e-m/fpv4-sp/hard/libnosys.a(isatty.o)
 .ARM.attributes
                0x00000000000009a3       0x34 /Users/augustmason/Documents/GitHub/riptide_firmware/STM32/gcc-arm-none-eabi-6-2017-q2-update/bin/../lib/gcc/arm-none-eabi/6.3.1/../../../../arm-none-eabi/lib/thumb/v7e-m/fpv4-sp/hard/libnosys.a(lseek.o)
 .ARM.attributes
                0x00000000000009d7       0x34 /Users/augustmason/Documents/GitHub/riptide_firmware/STM32/gcc-arm-none-eabi-6-2017-q2-update/bin/../lib/gcc/arm-none-eabi/6.3.1/../../../../arm-none-eabi/lib/thumb/v7e-m/fpv4-sp/hard/libnosys.a(read.o)
 .ARM.attributes
                0x0000000000000a0b       0x34 /Users/augustmason/Documents/GitHub/riptide_firmware/STM32/gcc-arm-none-eabi-6-2017-q2-update/bin/../lib/gcc/arm-none-eabi/6.3.1/../../../../arm-none-eabi/lib/thumb/v7e-m/fpv4-sp/hard/libnosys.a(sbrk.o)
 .ARM.attributes
                0x0000000000000a3f       0x34 /Users/augustmason/Documents/GitHub/riptide_firmware/STM32/gcc-arm-none-eabi-6-2017-q2-update/bin/../lib/gcc/arm-none-eabi/6.3.1/../../../../arm-none-eabi/lib/thumb/v7e-m/fpv4-sp/hard/libnosys.a(write.o)
 .ARM.attributes
                0x0000000000000a73       0x22 /Users/augustmason/Documents/GitHub/riptide_firmware/STM32/gcc-arm-none-eabi-6-2017-q2-update/bin/../lib/gcc/arm-none-eabi/6.3.1/thumb/v7e-m/fpv4-sp/hard/crtn.o
OUTPUT(build/freeRTOS.elf elf32-littlearm)

.debug_info     0x0000000000000000    0x178d2
 .debug_info    0x0000000000000000     0x2b39 build/tasks.o
 .debug_info    0x0000000000002b39     0x3a2f build/stm32f4xx_hal_tim.o
 .debug_info    0x0000000000006568     0x16bd build/stm32f4xx_hal_rcc.o
 .debug_info    0x0000000000007c25      0xd54 build/stm32f4xx_hal_msp.o
 .debug_info    0x0000000000008979     0x1d72 build/stm32f4xx_hal_tim_ex.o
 .debug_info    0x000000000000a6eb     0x1113 build/stm32f4xx_hal_gpio.o
 .debug_info    0x000000000000b7fe     0x1b54 build/main.o
 .debug_info    0x000000000000d352     0x258a build/cmsis_os.o
 .debug_info    0x000000000000f8dc      0xd82 build/heap_4.o
 .debug_info    0x000000000001065e      0xbe3 build/list.o
 .debug_info    0x0000000000011241      0x56e build/port.o
 .debug_info    0x00000000000117af     0x158d build/stm32f4xx_hal_timebase_TIM.o
 .debug_info    0x0000000000012d3c     0x1334 build/stm32f4xx_hal.o
 .debug_info    0x0000000000014070     0x1908 build/stm32f4xx_hal_cortex.o
 .debug_info    0x0000000000015978      0xe89 build/system_stm32f4xx.o
 .debug_info    0x0000000000016801     0x1053 build/stm32f4xx_it.o
 .debug_info    0x0000000000017854       0x7e build/startup_stm32f405xx.o

.debug_abbrev   0x0000000000000000     0x2dba
 .debug_abbrev  0x0000000000000000      0x3fe build/tasks.o
 .debug_abbrev  0x00000000000003fe      0x30c build/stm32f4xx_hal_tim.o
 .debug_abbrev  0x000000000000070a      0x388 build/stm32f4xx_hal_rcc.o
 .debug_abbrev  0x0000000000000a92      0x1eb build/stm32f4xx_hal_msp.o
 .debug_abbrev  0x0000000000000c7d      0x2f4 build/stm32f4xx_hal_tim_ex.o
 .debug_abbrev  0x0000000000000f71      0x2bc build/stm32f4xx_hal_gpio.o
 .debug_abbrev  0x000000000000122d      0x2eb build/main.o
 .debug_abbrev  0x0000000000001518      0x3cf build/cmsis_os.o
 .debug_abbrev  0x00000000000018e7      0x312 build/heap_4.o
 .debug_abbrev  0x0000000000001bf9      0x217 build/list.o
 .debug_abbrev  0x0000000000001e10      0x21f build/port.o
 .debug_abbrev  0x000000000000202f      0x277 build/stm32f4xx_hal_timebase_TIM.o
 .debug_abbrev  0x00000000000022a6      0x343 build/stm32f4xx_hal.o
 .debug_abbrev  0x00000000000025e9      0x3da build/stm32f4xx_hal_cortex.o
 .debug_abbrev  0x00000000000029c3      0x1e6 build/system_stm32f4xx.o
 .debug_abbrev  0x0000000000002ba9      0x1ff build/stm32f4xx_it.o
 .debug_abbrev  0x0000000000002da8       0x12 build/startup_stm32f405xx.o

.debug_loc      0x0000000000000000     0x9df4
 .debug_loc     0x0000000000000000     0x1a02 build/tasks.o
 .debug_loc     0x0000000000001a02     0x3f30 build/stm32f4xx_hal_tim.o
 .debug_loc     0x0000000000005932      0x643 build/stm32f4xx_hal_rcc.o
 .debug_loc     0x0000000000005f75       0x20 build/stm32f4xx_hal_msp.o
 .debug_loc     0x0000000000005f95     0x1298 build/stm32f4xx_hal_tim_ex.o
 .debug_loc     0x000000000000722d      0x4b9 build/stm32f4xx_hal_gpio.o
 .debug_loc     0x00000000000076e6      0x145 build/main.o
 .debug_loc     0x000000000000782b     0x16ee build/cmsis_os.o
 .debug_loc     0x0000000000008f19      0x324 build/heap_4.o
 .debug_loc     0x000000000000923d       0x9c build/list.o
 .debug_loc     0x00000000000092d9      0x168 build/port.o
 .debug_loc     0x0000000000009441       0xae build/stm32f4xx_hal_timebase_TIM.o
 .debug_loc     0x00000000000094ef      0x129 build/stm32f4xx_hal.o
 .debug_loc     0x0000000000009618      0x65e build/stm32f4xx_hal_cortex.o
 .debug_loc     0x0000000000009c76      0x13e build/system_stm32f4xx.o
 .debug_loc     0x0000000000009db4       0x40 build/stm32f4xx_it.o

.debug_aranges  0x0000000000000000      0xcb0
 .debug_aranges
                0x0000000000000000      0x190 build/tasks.o
 .debug_aranges
                0x0000000000000190      0x368 build/stm32f4xx_hal_tim.o
 .debug_aranges
                0x00000000000004f8       0x88 build/stm32f4xx_hal_rcc.o
 .debug_aranges
                0x0000000000000580       0x20 build/stm32f4xx_hal_msp.o
 .debug_aranges
                0x00000000000005a0      0x140 build/stm32f4xx_hal_tim_ex.o
 .debug_aranges
                0x00000000000006e0       0x58 build/stm32f4xx_hal_gpio.o
 .debug_aranges
                0x0000000000000738       0x48 build/main.o
 .debug_aranges
                0x0000000000000780      0x1d8 build/cmsis_os.o
 .debug_aranges
                0x0000000000000958       0x50 build/heap_4.o
 .debug_aranges
                0x00000000000009a8       0x40 build/list.o
 .debug_aranges
                0x00000000000009e8       0x80 build/port.o
 .debug_aranges
                0x0000000000000a68       0x30 build/stm32f4xx_hal_timebase_TIM.o
 .debug_aranges
                0x0000000000000a98       0xc8 build/stm32f4xx_hal.o
 .debug_aranges
                0x0000000000000b60       0xa8 build/stm32f4xx_hal_cortex.o
 .debug_aranges
                0x0000000000000c08       0x28 build/system_stm32f4xx.o
 .debug_aranges
                0x0000000000000c30       0x58 build/stm32f4xx_it.o
 .debug_aranges
                0x0000000000000c88       0x28 build/startup_stm32f405xx.o

.debug_ranges   0x0000000000000000      0xcc8
 .debug_ranges  0x0000000000000000      0x228 build/tasks.o
 .debug_ranges  0x0000000000000228      0x358 build/stm32f4xx_hal_tim.o
 .debug_ranges  0x0000000000000580       0x78 build/stm32f4xx_hal_rcc.o
 .debug_ranges  0x00000000000005f8       0x10 build/stm32f4xx_hal_msp.o
 .debug_ranges  0x0000000000000608      0x130 build/stm32f4xx_hal_tim_ex.o
 .debug_ranges  0x0000000000000738       0x48 build/stm32f4xx_hal_gpio.o
 .debug_ranges  0x0000000000000780       0x38 build/main.o
 .debug_ranges  0x00000000000007b8      0x1c8 build/cmsis_os.o
 .debug_ranges  0x0000000000000980       0x40 build/heap_4.o
 .debug_ranges  0x00000000000009c0       0x30 build/list.o
 .debug_ranges  0x00000000000009f0       0x88 build/port.o
 .debug_ranges  0x0000000000000a78       0x20 build/stm32f4xx_hal_timebase_TIM.o
 .debug_ranges  0x0000000000000a98       0xb8 build/stm32f4xx_hal.o
 .debug_ranges  0x0000000000000b50       0xf8 build/stm32f4xx_hal_cortex.o
 .debug_ranges  0x0000000000000c48       0x18 build/system_stm32f4xx.o
 .debug_ranges  0x0000000000000c60       0x48 build/stm32f4xx_it.o
 .debug_ranges  0x0000000000000ca8       0x20 build/startup_stm32f405xx.o

.debug_line     0x0000000000000000     0x63d0
 .debug_line    0x0000000000000000      0xbef build/tasks.o
 .debug_line    0x0000000000000bef     0x1443 build/stm32f4xx_hal_tim.o
 .debug_line    0x0000000000002032      0x64a build/stm32f4xx_hal_rcc.o
 .debug_line    0x000000000000267c      0x2c3 build/stm32f4xx_hal_msp.o
 .debug_line    0x000000000000293f      0x8ce build/stm32f4xx_hal_tim_ex.o
 .debug_line    0x000000000000320d      0x472 build/stm32f4xx_hal_gpio.o
 .debug_line    0x000000000000367f      0x4e1 build/main.o
 .debug_line    0x0000000000003b60      0x956 build/cmsis_os.o
 .debug_line    0x00000000000044b6      0x45f build/heap_4.o
 .debug_line    0x0000000000004915      0x3b8 build/list.o
 .debug_line    0x0000000000004ccd      0x35b build/port.o
 .debug_line    0x0000000000005028      0x352 build/stm32f4xx_hal_timebase_TIM.o
 .debug_line    0x000000000000537a      0x4a2 build/stm32f4xx_hal.o
 .debug_line    0x000000000000581c      0x4f8 build/stm32f4xx_hal_cortex.o
 .debug_line    0x0000000000005d14      0x2b3 build/system_stm32f4xx.o
 .debug_line    0x0000000000005fc7      0x395 build/stm32f4xx_it.o
 .debug_line    0x000000000000635c       0x74 build/startup_stm32f405xx.o

.debug_str      0x0000000000000000     0x4752
 .debug_str     0x0000000000000000     0x1162 build/tasks.o
                                       0x120e (size before relaxing)
 .debug_str     0x0000000000001162     0x11a3 build/stm32f4xx_hal_tim.o
                                       0x17ec (size before relaxing)
 .debug_str     0x0000000000002305      0x47b build/stm32f4xx_hal_rcc.o
                                        0xae1 (size before relaxing)
 .debug_str     0x0000000000002780      0x528 build/stm32f4xx_hal_msp.o
                                        0xb10 (size before relaxing)
 .debug_str     0x0000000000002ca8      0x50a build/stm32f4xx_hal_tim_ex.o
                                       0x10ac (size before relaxing)
 .debug_str     0x00000000000031b2      0x163 build/stm32f4xx_hal_gpio.o
                                        0x927 (size before relaxing)
 .debug_str     0x0000000000003315      0x1dd build/main.o
                                       0x1449 (size before relaxing)
 .debug_str     0x00000000000034f2      0x7d6 build/cmsis_os.o
                                       0x11c6 (size before relaxing)
 .debug_str     0x0000000000003cc8      0x1e9 build/heap_4.o
                                        0x7fc (size before relaxing)
 .debug_str     0x0000000000003eb1       0x6c build/list.o
                                        0x713 (size before relaxing)
 .debug_str     0x0000000000003f1d      0x175 build/port.o
                                        0x482 (size before relaxing)
 .debug_str     0x0000000000004092       0x9d build/stm32f4xx_hal_timebase_TIM.o
                                       0x1175 (size before relaxing)
 .debug_str     0x000000000000412f      0x1be build/stm32f4xx_hal.o
                                        0xebc (size before relaxing)
 .debug_str     0x00000000000042ed      0x382 build/stm32f4xx_hal_cortex.o
                                       0x1035 (size before relaxing)
 .debug_str     0x000000000000466f       0x42 build/system_stm32f4xx.o
                                        0x78b (size before relaxing)
 .debug_str     0x00000000000046b1       0xa1 build/stm32f4xx_it.o
                                        0xac0 (size before relaxing)

.comment        0x0000000000000000       0x7f
 .comment       0x0000000000000000       0x7f build/tasks.o
                                         0x80 (size before relaxing)
 .comment       0x000000000000007f       0x80 build/stm32f4xx_hal_tim.o
 .comment       0x000000000000007f       0x80 build/stm32f4xx_hal_rcc.o
 .comment       0x000000000000007f       0x80 build/stm32f4xx_hal_msp.o
 .comment       0x000000000000007f       0x80 build/stm32f4xx_hal_tim_ex.o
 .comment       0x000000000000007f       0x80 build/stm32f4xx_hal_gpio.o
 .comment       0x000000000000007f       0x80 build/main.o
 .comment       0x000000000000007f       0x80 build/cmsis_os.o
 .comment       0x000000000000007f       0x80 build/heap_4.o
 .comment       0x000000000000007f       0x80 build/list.o
 .comment       0x000000000000007f       0x80 build/port.o
 .comment       0x000000000000007f       0x80 build/stm32f4xx_hal_timebase_TIM.o
 .comment       0x000000000000007f       0x80 build/stm32f4xx_hal.o
 .comment       0x000000000000007f       0x80 build/stm32f4xx_hal_cortex.o
 .comment       0x000000000000007f       0x80 build/system_stm32f4xx.o
 .comment       0x000000000000007f       0x80 build/stm32f4xx_it.o

.debug_frame    0x0000000000000000     0x2c3c
 .debug_frame   0x0000000000000000      0x588 build/tasks.o
 .debug_frame   0x0000000000000588      0xb18 build/stm32f4xx_hal_tim.o
 .debug_frame   0x00000000000010a0      0x158 build/stm32f4xx_hal_rcc.o
 .debug_frame   0x00000000000011f8       0x2c build/stm32f4xx_hal_msp.o
 .debug_frame   0x0000000000001224      0x3f0 build/stm32f4xx_hal_tim_ex.o
 .debug_frame   0x0000000000001614       0xe4 build/stm32f4xx_hal_gpio.o
 .debug_frame   0x00000000000016f8       0xb8 build/main.o
 .debug_frame   0x00000000000017b0      0x62c build/cmsis_os.o
 .debug_frame   0x0000000000001ddc       0xbc build/heap_4.o
 .debug_frame   0x0000000000001e98       0x70 build/list.o
 .debug_frame   0x0000000000001f08      0x100 build/port.o
 .debug_frame   0x0000000000002008       0x54 build/stm32f4xx_hal_timebase_TIM.o
 .debug_frame   0x000000000000205c      0x1a8 build/stm32f4xx_hal.o
 .debug_frame   0x0000000000002204      0x16c build/stm32f4xx_hal_cortex.o
 .debug_frame   0x0000000000002370       0x30 build/system_stm32f4xx.o
 .debug_frame   0x00000000000023a0       0xa8 build/stm32f4xx_it.o
 .debug_frame   0x0000000000002448       0x2c /Users/augustmason/Documents/GitHub/riptide_firmware/STM32/gcc-arm-none-eabi-6-2017-q2-update/bin/../lib/gcc/arm-none-eabi/6.3.1/../../../../arm-none-eabi/lib/thumb/v7e-m/fpv4-sp/hard/libc_nano.a(lib_a-init.o)
 .debug_frame   0x0000000000002474       0x20 /Users/augustmason/Documents/GitHub/riptide_firmware/STM32/gcc-arm-none-eabi-6-2017-q2-update/bin/../lib/gcc/arm-none-eabi/6.3.1/../../../../arm-none-eabi/lib/thumb/v7e-m/fpv4-sp/hard/libc_nano.a(lib_a-memset.o)
 .debug_frame   0x0000000000002494       0x74 /Users/augustmason/Documents/GitHub/riptide_firmware/STM32/gcc-arm-none-eabi-6-2017-q2-update/bin/../lib/gcc/arm-none-eabi/6.3.1/../../../../arm-none-eabi/lib/thumb/v7e-m/fpv4-sp/hard/libc_nano.a(lib_a-printf.o)
 .debug_frame   0x0000000000002508      0x11c /Users/augustmason/Documents/GitHub/riptide_firmware/STM32/gcc-arm-none-eabi-6-2017-q2-update/bin/../lib/gcc/arm-none-eabi/6.3.1/../../../../arm-none-eabi/lib/thumb/v7e-m/fpv4-sp/hard/libc_nano.a(lib_a-findfp.o)
 .debug_frame   0x0000000000002624       0x54 /Users/augustmason/Documents/GitHub/riptide_firmware/STM32/gcc-arm-none-eabi-6-2017-q2-update/bin/../lib/gcc/arm-none-eabi/6.3.1/../../../../arm-none-eabi/lib/thumb/v7e-m/fpv4-sp/hard/libc_nano.a(lib_a-fwalk.o)
 .debug_frame   0x0000000000002678       0x2c /Users/augustmason/Documents/GitHub/riptide_firmware/STM32/gcc-arm-none-eabi-6-2017-q2-update/bin/../lib/gcc/arm-none-eabi/6.3.1/../../../../arm-none-eabi/lib/thumb/v7e-m/fpv4-sp/hard/libc_nano.a(lib_a-nano-mallocr.o)
 .debug_frame   0x00000000000026a4       0xac /Users/augustmason/Documents/GitHub/riptide_firmware/STM32/gcc-arm-none-eabi-6-2017-q2-update/bin/../lib/gcc/arm-none-eabi/6.3.1/../../../../arm-none-eabi/lib/thumb/v7e-m/fpv4-sp/hard/libc_nano.a(lib_a-nano-vfprintf.o)
 .debug_frame   0x0000000000002750       0x60 /Users/augustmason/Documents/GitHub/riptide_firmware/STM32/gcc-arm-none-eabi-6-2017-q2-update/bin/../lib/gcc/arm-none-eabi/6.3.1/../../../../arm-none-eabi/lib/thumb/v7e-m/fpv4-sp/hard/libc_nano.a(lib_a-nano-vfprintf_i.o)
 .debug_frame   0x00000000000027b0       0x2c /Users/augustmason/Documents/GitHub/riptide_firmware/STM32/gcc-arm-none-eabi-6-2017-q2-update/bin/../lib/gcc/arm-none-eabi/6.3.1/../../../../arm-none-eabi/lib/thumb/v7e-m/fpv4-sp/hard/libc_nano.a(lib_a-sbrkr.o)
 .debug_frame   0x00000000000027dc       0x88 /Users/augustmason/Documents/GitHub/riptide_firmware/STM32/gcc-arm-none-eabi-6-2017-q2-update/bin/../lib/gcc/arm-none-eabi/6.3.1/../../../../arm-none-eabi/lib/thumb/v7e-m/fpv4-sp/hard/libc_nano.a(lib_a-stdio.o)
 .debug_frame   0x0000000000002864       0x40 /Users/augustmason/Documents/GitHub/riptide_firmware/STM32/gcc-arm-none-eabi-6-2017-q2-update/bin/../lib/gcc/arm-none-eabi/6.3.1/../../../../arm-none-eabi/lib/thumb/v7e-m/fpv4-sp/hard/libc_nano.a(lib_a-wbuf.o)
 .debug_frame   0x00000000000028a4       0x2c /Users/augustmason/Documents/GitHub/riptide_firmware/STM32/gcc-arm-none-eabi-6-2017-q2-update/bin/../lib/gcc/arm-none-eabi/6.3.1/../../../../arm-none-eabi/lib/thumb/v7e-m/fpv4-sp/hard/libc_nano.a(lib_a-writer.o)
 .debug_frame   0x00000000000028d0       0x2c /Users/augustmason/Documents/GitHub/riptide_firmware/STM32/gcc-arm-none-eabi-6-2017-q2-update/bin/../lib/gcc/arm-none-eabi/6.3.1/../../../../arm-none-eabi/lib/thumb/v7e-m/fpv4-sp/hard/libc_nano.a(lib_a-wsetup.o)
 .debug_frame   0x00000000000028fc       0x2c /Users/augustmason/Documents/GitHub/riptide_firmware/STM32/gcc-arm-none-eabi-6-2017-q2-update/bin/../lib/gcc/arm-none-eabi/6.3.1/../../../../arm-none-eabi/lib/thumb/v7e-m/fpv4-sp/hard/libc_nano.a(lib_a-closer.o)
 .debug_frame   0x0000000000002928       0x68 /Users/augustmason/Documents/GitHub/riptide_firmware/STM32/gcc-arm-none-eabi-6-2017-q2-update/bin/../lib/gcc/arm-none-eabi/6.3.1/../../../../arm-none-eabi/lib/thumb/v7e-m/fpv4-sp/hard/libc_nano.a(lib_a-fflush.o)
 .debug_frame   0x0000000000002990       0x2c /Users/augustmason/Documents/GitHub/riptide_firmware/STM32/gcc-arm-none-eabi-6-2017-q2-update/bin/../lib/gcc/arm-none-eabi/6.3.1/../../../../arm-none-eabi/lib/thumb/v7e-m/fpv4-sp/hard/libc_nano.a(lib_a-lseekr.o)
 .debug_frame   0x00000000000029bc       0x58 /Users/augustmason/Documents/GitHub/riptide_firmware/STM32/gcc-arm-none-eabi-6-2017-q2-update/bin/../lib/gcc/arm-none-eabi/6.3.1/../../../../arm-none-eabi/lib/thumb/v7e-m/fpv4-sp/hard/libc_nano.a(lib_a-makebuf.o)
 .debug_frame   0x0000000000002a14       0x30 /Users/augustmason/Documents/GitHub/riptide_firmware/STM32/gcc-arm-none-eabi-6-2017-q2-update/bin/../lib/gcc/arm-none-eabi/6.3.1/../../../../arm-none-eabi/lib/thumb/v7e-m/fpv4-sp/hard/libc_nano.a(lib_a-mlock.o)
 .debug_frame   0x0000000000002a44       0x38 /Users/augustmason/Documents/GitHub/riptide_firmware/STM32/gcc-arm-none-eabi-6-2017-q2-update/bin/../lib/gcc/arm-none-eabi/6.3.1/../../../../arm-none-eabi/lib/thumb/v7e-m/fpv4-sp/hard/libc_nano.a(lib_a-nano-freer.o)
 .debug_frame   0x0000000000002a7c       0x2c /Users/augustmason/Documents/GitHub/riptide_firmware/STM32/gcc-arm-none-eabi-6-2017-q2-update/bin/../lib/gcc/arm-none-eabi/6.3.1/../../../../arm-none-eabi/lib/thumb/v7e-m/fpv4-sp/hard/libc_nano.a(lib_a-readr.o)
 .debug_frame   0x0000000000002aa8       0x5c /Users/augustmason/Documents/GitHub/riptide_firmware/STM32/gcc-arm-none-eabi-6-2017-q2-update/bin/../lib/gcc/arm-none-eabi/6.3.1/../../../../arm-none-eabi/lib/thumb/v7e-m/fpv4-sp/hard/libc_nano.a(lib_a-reent.o)
 .debug_frame   0x0000000000002b04       0x2c /Users/augustmason/Documents/GitHub/riptide_firmware/STM32/gcc-arm-none-eabi-6-2017-q2-update/bin/../lib/gcc/arm-none-eabi/6.3.1/../../../../arm-none-eabi/lib/thumb/v7e-m/fpv4-sp/hard/libc_nano.a(lib_a-fstatr.o)
 .debug_frame   0x0000000000002b30       0x2c /Users/augustmason/Documents/GitHub/riptide_firmware/STM32/gcc-arm-none-eabi-6-2017-q2-update/bin/../lib/gcc/arm-none-eabi/6.3.1/../../../../arm-none-eabi/lib/thumb/v7e-m/fpv4-sp/hard/libc_nano.a(lib_a-isattyr.o)
 .debug_frame   0x0000000000002b5c       0x20 /Users/augustmason/Documents/GitHub/riptide_firmware/STM32/gcc-arm-none-eabi-6-2017-q2-update/bin/../lib/gcc/arm-none-eabi/6.3.1/../../../../arm-none-eabi/lib/thumb/v7e-m/fpv4-sp/hard/libnosys.a(close.o)
 .debug_frame   0x0000000000002b7c       0x20 /Users/augustmason/Documents/GitHub/riptide_firmware/STM32/gcc-arm-none-eabi-6-2017-q2-update/bin/../lib/gcc/arm-none-eabi/6.3.1/../../../../arm-none-eabi/lib/thumb/v7e-m/fpv4-sp/hard/libnosys.a(fstat.o)
 .debug_frame   0x0000000000002b9c       0x20 /Users/augustmason/Documents/GitHub/riptide_firmware/STM32/gcc-arm-none-eabi-6-2017-q2-update/bin/../lib/gcc/arm-none-eabi/6.3.1/../../../../arm-none-eabi/lib/thumb/v7e-m/fpv4-sp/hard/libnosys.a(isatty.o)
 .debug_frame   0x0000000000002bbc       0x20 /Users/augustmason/Documents/GitHub/riptide_firmware/STM32/gcc-arm-none-eabi-6-2017-q2-update/bin/../lib/gcc/arm-none-eabi/6.3.1/../../../../arm-none-eabi/lib/thumb/v7e-m/fpv4-sp/hard/libnosys.a(lseek.o)
 .debug_frame   0x0000000000002bdc       0x20 /Users/augustmason/Documents/GitHub/riptide_firmware/STM32/gcc-arm-none-eabi-6-2017-q2-update/bin/../lib/gcc/arm-none-eabi/6.3.1/../../../../arm-none-eabi/lib/thumb/v7e-m/fpv4-sp/hard/libnosys.a(read.o)
 .debug_frame   0x0000000000002bfc       0x20 /Users/augustmason/Documents/GitHub/riptide_firmware/STM32/gcc-arm-none-eabi-6-2017-q2-update/bin/../lib/gcc/arm-none-eabi/6.3.1/../../../../arm-none-eabi/lib/thumb/v7e-m/fpv4-sp/hard/libnosys.a(sbrk.o)
 .debug_frame   0x0000000000002c1c       0x20 /Users/augustmason/Documents/GitHub/riptide_firmware/STM32/gcc-arm-none-eabi-6-2017-q2-update/bin/../lib/gcc/arm-none-eabi/6.3.1/../../../../arm-none-eabi/lib/thumb/v7e-m/fpv4-sp/hard/libnosys.a(write.o)

.stab           0x0000000000000000       0x9c
 .stab          0x0000000000000000       0x24 /Users/augustmason/Documents/GitHub/riptide_firmware/STM32/gcc-arm-none-eabi-6-2017-q2-update/bin/../lib/gcc/arm-none-eabi/6.3.1/../../../../arm-none-eabi/lib/thumb/v7e-m/fpv4-sp/hard/libnosys.a(close.o)
 .stab          0x0000000000000024       0x18 /Users/augustmason/Documents/GitHub/riptide_firmware/STM32/gcc-arm-none-eabi-6-2017-q2-update/bin/../lib/gcc/arm-none-eabi/6.3.1/../../../../arm-none-eabi/lib/thumb/v7e-m/fpv4-sp/hard/libnosys.a(fstat.o)
                                         0x24 (size before relaxing)
 .stab          0x000000000000003c       0x18 /Users/augustmason/Documents/GitHub/riptide_firmware/STM32/gcc-arm-none-eabi-6-2017-q2-update/bin/../lib/gcc/arm-none-eabi/6.3.1/../../../../arm-none-eabi/lib/thumb/v7e-m/fpv4-sp/hard/libnosys.a(isatty.o)
                                         0x24 (size before relaxing)
 .stab          0x0000000000000054       0x18 /Users/augustmason/Documents/GitHub/riptide_firmware/STM32/gcc-arm-none-eabi-6-2017-q2-update/bin/../lib/gcc/arm-none-eabi/6.3.1/../../../../arm-none-eabi/lib/thumb/v7e-m/fpv4-sp/hard/libnosys.a(lseek.o)
                                         0x24 (size before relaxing)
 .stab          0x000000000000006c       0x18 /Users/augustmason/Documents/GitHub/riptide_firmware/STM32/gcc-arm-none-eabi-6-2017-q2-update/bin/../lib/gcc/arm-none-eabi/6.3.1/../../../../arm-none-eabi/lib/thumb/v7e-m/fpv4-sp/hard/libnosys.a(read.o)
                                         0x24 (size before relaxing)
 .stab          0x0000000000000084       0x18 /Users/augustmason/Documents/GitHub/riptide_firmware/STM32/gcc-arm-none-eabi-6-2017-q2-update/bin/../lib/gcc/arm-none-eabi/6.3.1/../../../../arm-none-eabi/lib/thumb/v7e-m/fpv4-sp/hard/libnosys.a(write.o)
                                         0x24 (size before relaxing)

.stabstr        0x0000000000000000      0x14d
 .stabstr       0x0000000000000000      0x14d /Users/augustmason/Documents/GitHub/riptide_firmware/STM32/gcc-arm-none-eabi-6-2017-q2-update/bin/../lib/gcc/arm-none-eabi/6.3.1/../../../../arm-none-eabi/lib/thumb/v7e-m/fpv4-sp/hard/libnosys.a(close.o)

Cross Reference Table

Symbol                                            File
ADC_IRQHandler                                    build/startup_stm32f405xx.o
AHBPrescTable                                     build/system_stm32f4xx.o
                                                  build/stm32f4xx_hal_rcc.o
APBPrescTable                                     build/system_stm32f4xx.o
                                                  build/stm32f4xx_hal_rcc.o
BusFault_Handler                                  build/stm32f4xx_it.o
CAN1_RX0_IRQHandler                               build/startup_stm32f405xx.o
CAN1_RX1_IRQHandler                               build/startup_stm32f405xx.o
CAN1_SCE_IRQHandler                               build/startup_stm32f405xx.o
CAN1_TX_IRQHandler                                build/startup_stm32f405xx.o
CAN2_RX0_IRQHandler                               build/startup_stm32f405xx.o
CAN2_RX1_IRQHandler                               build/startup_stm32f405xx.o
CAN2_SCE_IRQHandler                               build/startup_stm32f405xx.o
CAN2_TX_IRQHandler                                build/startup_stm32f405xx.o
DMA1_Stream0_IRQHandler                           build/startup_stm32f405xx.o
DMA1_Stream1_IRQHandler                           build/startup_stm32f405xx.o
DMA1_Stream2_IRQHandler                           build/startup_stm32f405xx.o
DMA1_Stream3_IRQHandler                           build/startup_stm32f405xx.o
DMA1_Stream4_IRQHandler                           build/startup_stm32f405xx.o
DMA1_Stream5_IRQHandler                           build/startup_stm32f405xx.o
DMA1_Stream6_IRQHandler                           build/startup_stm32f405xx.o
DMA1_Stream7_IRQHandler                           build/startup_stm32f405xx.o
DMA2_Stream0_IRQHandler                           build/startup_stm32f405xx.o
DMA2_Stream1_IRQHandler                           build/startup_stm32f405xx.o
DMA2_Stream2_IRQHandler                           build/startup_stm32f405xx.o
DMA2_Stream3_IRQHandler                           build/startup_stm32f405xx.o
DMA2_Stream4_IRQHandler                           build/startup_stm32f405xx.o
DMA2_Stream5_IRQHandler                           build/startup_stm32f405xx.o
DMA2_Stream6_IRQHandler                           build/startup_stm32f405xx.o
DMA2_Stream7_IRQHandler                           build/startup_stm32f405xx.o
DebugMon_Handler                                  build/stm32f4xx_it.o
Default_Handler                                   build/startup_stm32f405xx.o
EXTI0_IRQHandler                                  build/startup_stm32f405xx.o
EXTI15_10_IRQHandler                              build/startup_stm32f405xx.o
EXTI1_IRQHandler                                  build/startup_stm32f405xx.o
EXTI2_IRQHandler                                  build/startup_stm32f405xx.o
EXTI3_IRQHandler                                  build/startup_stm32f405xx.o
EXTI4_IRQHandler                                  build/startup_stm32f405xx.o
EXTI9_5_IRQHandler                                build/startup_stm32f405xx.o
FLASH_Erase_Sector                                build/stm32f4xx_hal_flash_ex.o
                                                  build/stm32f4xx_hal_flash.o
FLASH_FlushCaches                                 build/stm32f4xx_hal_flash_ex.o
                                                  build/stm32f4xx_hal_flash.o
FLASH_IRQHandler                                  build/startup_stm32f405xx.o
FLASH_WaitForLastOperation                        build/stm32f4xx_hal_flash.o
                                                  build/stm32f4xx_hal_flash_ex.o
FPU_IRQHandler                                    build/startup_stm32f405xx.o
FSMC_IRQHandler                                   build/startup_stm32f405xx.o
HAL_DBGMCU_DisableDBGSleepMode                    build/stm32f4xx_hal.o
HAL_DBGMCU_DisableDBGStandbyMode                  build/stm32f4xx_hal.o
HAL_DBGMCU_DisableDBGStopMode                     build/stm32f4xx_hal.o
HAL_DBGMCU_EnableDBGSleepMode                     build/stm32f4xx_hal.o
HAL_DBGMCU_EnableDBGStandbyMode                   build/stm32f4xx_hal.o
HAL_DBGMCU_EnableDBGStopMode                      build/stm32f4xx_hal.o
HAL_DMAEx_ChangeMemory                            build/stm32f4xx_hal_dma_ex.o
HAL_DMAEx_MultiBufferStart                        build/stm32f4xx_hal_dma_ex.o
HAL_DMAEx_MultiBufferStart_IT                     build/stm32f4xx_hal_dma_ex.o
HAL_DMA_Abort                                     build/stm32f4xx_hal_dma.o
                                                  build/stm32f4xx_hal_tim.o
HAL_DMA_Abort_IT                                  build/stm32f4xx_hal_dma.o
HAL_DMA_DeInit                                    build/stm32f4xx_hal_dma.o
HAL_DMA_GetError                                  build/stm32f4xx_hal_dma.o
HAL_DMA_GetState                                  build/stm32f4xx_hal_dma.o
HAL_DMA_IRQHandler                                build/stm32f4xx_hal_dma.o
HAL_DMA_Init                                      build/stm32f4xx_hal_dma.o
HAL_DMA_PollForTransfer                           build/stm32f4xx_hal_dma.o
HAL_DMA_RegisterCallback                          build/stm32f4xx_hal_dma.o
HAL_DMA_Start                                     build/stm32f4xx_hal_dma.o
HAL_DMA_Start_IT                                  build/stm32f4xx_hal_dma.o
                                                  build/stm32f4xx_hal_tim_ex.o
                                                  build/stm32f4xx_hal_tim.o
HAL_DMA_UnRegisterCallback                        build/stm32f4xx_hal_dma.o
HAL_DeInit                                        build/stm32f4xx_hal.o
HAL_Delay                                         build/stm32f4xx_hal.o
                                                  build/main.o
HAL_DisableCompensationCell                       build/stm32f4xx_hal.o
HAL_EnableCompensationCell                        build/stm32f4xx_hal.o
HAL_FLASHEx_Erase                                 build/stm32f4xx_hal_flash_ex.o
HAL_FLASHEx_Erase_IT                              build/stm32f4xx_hal_flash_ex.o
HAL_FLASHEx_OBGetConfig                           build/stm32f4xx_hal_flash_ex.o
HAL_FLASHEx_OBProgram                             build/stm32f4xx_hal_flash_ex.o
HAL_FLASH_EndOfOperationCallback                  build/stm32f4xx_hal_flash.o
HAL_FLASH_GetError                                build/stm32f4xx_hal_flash.o
HAL_FLASH_IRQHandler                              build/stm32f4xx_hal_flash.o
HAL_FLASH_Lock                                    build/stm32f4xx_hal_flash.o
HAL_FLASH_OB_Launch                               build/stm32f4xx_hal_flash.o
HAL_FLASH_OB_Lock                                 build/stm32f4xx_hal_flash.o
HAL_FLASH_OB_Unlock                               build/stm32f4xx_hal_flash.o
HAL_FLASH_OperationErrorCallback                  build/stm32f4xx_hal_flash.o
HAL_FLASH_Program                                 build/stm32f4xx_hal_flash.o
HAL_FLASH_Program_IT                              build/stm32f4xx_hal_flash.o
HAL_FLASH_Unlock                                  build/stm32f4xx_hal_flash.o
HAL_GPIO_DeInit                                   build/stm32f4xx_hal_gpio.o
HAL_GPIO_EXTI_Callback                            build/stm32f4xx_hal_gpio.o
HAL_GPIO_EXTI_IRQHandler                          build/stm32f4xx_hal_gpio.o
HAL_GPIO_Init                                     build/stm32f4xx_hal_gpio.o
                                                  build/main.o
                                                  build/stm32f4xx_hal_rcc.o
HAL_GPIO_LockPin                                  build/stm32f4xx_hal_gpio.o
HAL_GPIO_ReadPin                                  build/stm32f4xx_hal_gpio.o
HAL_GPIO_TogglePin                                build/stm32f4xx_hal_gpio.o
                                                  build/main.o
HAL_GPIO_WritePin                                 build/stm32f4xx_hal_gpio.o
                                                  build/main.o
HAL_GetDEVID                                      build/stm32f4xx_hal.o
HAL_GetHalVersion                                 build/stm32f4xx_hal.o
HAL_GetREVID                                      build/stm32f4xx_hal.o
HAL_GetTick                                       build/stm32f4xx_hal.o
                                                  build/stm32f4xx_hal_pwr_ex.o
                                                  build/stm32f4xx_hal_flash.o
                                                  build/stm32f4xx_hal_rcc_ex.o
                                                  build/stm32f4xx_hal_rcc.o
                                                  build/stm32f4xx_hal_dma.o
HAL_GetUID                                        build/stm32f4xx_hal.o
HAL_IncTick                                       build/stm32f4xx_hal.o
                                                  build/main.o
HAL_Init                                          build/stm32f4xx_hal.o
                                                  build/main.o
HAL_InitTick                                      build/stm32f4xx_hal_timebase_TIM.o
                                                  build/stm32f4xx_hal_rcc.o
HAL_MPU_ConfigRegion                              build/stm32f4xx_hal_cortex.o
HAL_MPU_Disable                                   build/stm32f4xx_hal_cortex.o
HAL_MPU_Enable                                    build/stm32f4xx_hal_cortex.o
HAL_MspDeInit                                     build/stm32f4xx_hal.o
HAL_MspInit                                       build/stm32f4xx_hal_msp.o
HAL_NVIC_ClearPendingIRQ                          build/stm32f4xx_hal_cortex.o
HAL_NVIC_DisableIRQ                               build/stm32f4xx_hal_cortex.o
HAL_NVIC_EnableIRQ                                build/stm32f4xx_hal_cortex.o
                                                  build/stm32f4xx_hal_timebase_TIM.o
HAL_NVIC_GetActive                                build/stm32f4xx_hal_cortex.o
HAL_NVIC_GetPendingIRQ                            build/stm32f4xx_hal_cortex.o
HAL_NVIC_GetPriority                              build/stm32f4xx_hal_cortex.o
HAL_NVIC_GetPriorityGrouping                      build/stm32f4xx_hal_cortex.o
HAL_NVIC_SetPendingIRQ                            build/stm32f4xx_hal_cortex.o
HAL_NVIC_SetPriority                              build/stm32f4xx_hal_cortex.o
                                                  build/stm32f4xx_hal.o
                                                  build/stm32f4xx_hal_timebase_TIM.o